Archive member included to satisfy reference by file (symbol)

c:/siliconlabs/simplicitystudio/v5/developer/toolchains/gnu_arm/12.2.rel1_2023.7/bin/../lib/gcc/arm-none-eabi/12.2.1/thumb/v8-m.main+fp/hard\libc_nano.a(libc_a-exit.o)
                              c:/siliconlabs/simplicitystudio/v5/developer/toolchains/gnu_arm/12.2.rel1_2023.7/bin/../lib/gcc/arm-none-eabi/12.2.1/thumb/v8-m.main+fp/hard/crt0.o (exit)
c:/siliconlabs/simplicitystudio/v5/developer/toolchains/gnu_arm/12.2.rel1_2023.7/bin/../lib/gcc/arm-none-eabi/12.2.1/thumb/v8-m.main+fp/hard\libc_nano.a(libc_a-findfp.o)
                              c:/siliconlabs/simplicitystudio/v5/developer/toolchains/gnu_arm/12.2.rel1_2023.7/bin/../lib/gcc/arm-none-eabi/12.2.1/thumb/v8-m.main+fp/hard\libc_nano.a(libc_a-exit.o) (__stdio_exit_handler)
c:/siliconlabs/simplicitystudio/v5/developer/toolchains/gnu_arm/12.2.rel1_2023.7/bin/../lib/gcc/arm-none-eabi/12.2.1/thumb/v8-m.main+fp/hard\libc_nano.a(libc_a-fwalk.o)
                              c:/siliconlabs/simplicitystudio/v5/developer/toolchains/gnu_arm/12.2.rel1_2023.7/bin/../lib/gcc/arm-none-eabi/12.2.1/thumb/v8-m.main+fp/hard\libc_nano.a(libc_a-findfp.o) (_fwalk_sglue)
c:/siliconlabs/simplicitystudio/v5/developer/toolchains/gnu_arm/12.2.rel1_2023.7/bin/../lib/gcc/arm-none-eabi/12.2.1/thumb/v8-m.main+fp/hard\libc_nano.a(libc_a-stdio.o)
                              c:/siliconlabs/simplicitystudio/v5/developer/toolchains/gnu_arm/12.2.rel1_2023.7/bin/../lib/gcc/arm-none-eabi/12.2.1/thumb/v8-m.main+fp/hard\libc_nano.a(libc_a-findfp.o) (__sread)
c:/siliconlabs/simplicitystudio/v5/developer/toolchains/gnu_arm/12.2.rel1_2023.7/bin/../lib/gcc/arm-none-eabi/12.2.1/thumb/v8-m.main+fp/hard\libc_nano.a(libc_a-memset.o)
                              c:/siliconlabs/simplicitystudio/v5/developer/toolchains/gnu_arm/12.2.rel1_2023.7/bin/../lib/gcc/arm-none-eabi/12.2.1/thumb/v8-m.main+fp/hard/crt0.o (memset)
c:/siliconlabs/simplicitystudio/v5/developer/toolchains/gnu_arm/12.2.rel1_2023.7/bin/../lib/gcc/arm-none-eabi/12.2.1/thumb/v8-m.main+fp/hard\libc_nano.a(libc_a-closer.o)
                              c:/siliconlabs/simplicitystudio/v5/developer/toolchains/gnu_arm/12.2.rel1_2023.7/bin/../lib/gcc/arm-none-eabi/12.2.1/thumb/v8-m.main+fp/hard\libc_nano.a(libc_a-stdio.o) (_close_r)
c:/siliconlabs/simplicitystudio/v5/developer/toolchains/gnu_arm/12.2.rel1_2023.7/bin/../lib/gcc/arm-none-eabi/12.2.1/thumb/v8-m.main+fp/hard\libc_nano.a(libc_a-reent.o)
                              c:/siliconlabs/simplicitystudio/v5/developer/toolchains/gnu_arm/12.2.rel1_2023.7/bin/../lib/gcc/arm-none-eabi/12.2.1/thumb/v8-m.main+fp/hard\libc_nano.a(libc_a-closer.o) (errno)
c:/siliconlabs/simplicitystudio/v5/developer/toolchains/gnu_arm/12.2.rel1_2023.7/bin/../lib/gcc/arm-none-eabi/12.2.1/thumb/v8-m.main+fp/hard\libc_nano.a(libc_a-impure.o)
                              c:/siliconlabs/simplicitystudio/v5/developer/toolchains/gnu_arm/12.2.rel1_2023.7/bin/../lib/gcc/arm-none-eabi/12.2.1/thumb/v8-m.main+fp/hard\libc_nano.a(libc_a-reent.o) (_impure_ptr)
c:/siliconlabs/simplicitystudio/v5/developer/toolchains/gnu_arm/12.2.rel1_2023.7/bin/../lib/gcc/arm-none-eabi/12.2.1/thumb/v8-m.main+fp/hard\libc_nano.a(libc_a-lseekr.o)
                              c:/siliconlabs/simplicitystudio/v5/developer/toolchains/gnu_arm/12.2.rel1_2023.7/bin/../lib/gcc/arm-none-eabi/12.2.1/thumb/v8-m.main+fp/hard\libc_nano.a(libc_a-stdio.o) (_lseek_r)
c:/siliconlabs/simplicitystudio/v5/developer/toolchains/gnu_arm/12.2.rel1_2023.7/bin/../lib/gcc/arm-none-eabi/12.2.1/thumb/v8-m.main+fp/hard\libc_nano.a(libc_a-readr.o)
                              c:/siliconlabs/simplicitystudio/v5/developer/toolchains/gnu_arm/12.2.rel1_2023.7/bin/../lib/gcc/arm-none-eabi/12.2.1/thumb/v8-m.main+fp/hard\libc_nano.a(libc_a-stdio.o) (_read_r)
c:/siliconlabs/simplicitystudio/v5/developer/toolchains/gnu_arm/12.2.rel1_2023.7/bin/../lib/gcc/arm-none-eabi/12.2.1/thumb/v8-m.main+fp/hard\libc_nano.a(libc_a-writer.o)
                              c:/siliconlabs/simplicitystudio/v5/developer/toolchains/gnu_arm/12.2.rel1_2023.7/bin/../lib/gcc/arm-none-eabi/12.2.1/thumb/v8-m.main+fp/hard\libc_nano.a(libc_a-stdio.o) (_write_r)
c:/siliconlabs/simplicitystudio/v5/developer/toolchains/gnu_arm/12.2.rel1_2023.7/bin/../lib/gcc/arm-none-eabi/12.2.1/thumb/v8-m.main+fp/hard\libc_nano.a(libc_a-init.o)
                              c:/siliconlabs/simplicitystudio/v5/developer/toolchains/gnu_arm/12.2.rel1_2023.7/bin/../lib/gcc/arm-none-eabi/12.2.1/thumb/v8-m.main+fp/hard/crt0.o (__libc_init_array)
c:/siliconlabs/simplicitystudio/v5/developer/toolchains/gnu_arm/12.2.rel1_2023.7/bin/../lib/gcc/arm-none-eabi/12.2.1/thumb/v8-m.main+fp/hard\libc_nano.a(libc_a-lock.o)
                              c:/siliconlabs/simplicitystudio/v5/developer/toolchains/gnu_arm/12.2.rel1_2023.7/bin/../lib/gcc/arm-none-eabi/12.2.1/thumb/v8-m.main+fp/hard\libc_nano.a(libc_a-findfp.o) (__retarget_lock_init_recursive)
[...]
Memory Configuration

Name             Origin             Length             Attributes
FLASH            0x08006000         0x00078000         xr
RAM              0x20000004         0x0000fffc         xrw
BOOTLOADER_RESET_REGION 0x20000000         0x00000004         xrw
*default*        0x00000000         0xffffffff

Linker script and memory map

LOAD c:/siliconlabs/simplicitystudio/v5/developer/toolchains/gnu_arm/12.2.rel1_2023.7/bin/../lib/gcc/arm-none-eabi/12.2.1/thumb/v8-m.main+fp/hard/crti.o
LOAD c:/siliconlabs/simplicitystudio/v5/developer/toolchains/gnu_arm/12.2.rel1_2023.7/bin/../lib/gcc/arm-none-eabi/12.2.1/thumb/v8-m.main+fp/hard/crtbegin.o
LOAD c:/siliconlabs/simplicitystudio/v5/developer/toolchains/gnu_arm/12.2.rel1_2023.7/bin/../lib/gcc/arm-none-eabi/12.2.1/thumb/v8-m.main+fp/hard/crt0.o
START GROUP
LOAD c:/siliconlabs/simplicitystudio/v5/developer/toolchains/gnu_arm/12.2.rel1_2023.7/bin/../lib/gcc/arm-none-eabi/12.2.1/thumb/v8-m.main+fp/hard\libgcc.a
LOAD c:/siliconlabs/simplicitystudio/v5/developer/toolchains/gnu_arm/12.2.rel1_2023.7/bin/../lib/gcc/arm-none-eabi/12.2.1/thumb/v8-m.main+fp/hard\libc_nano.a
END GROUP
START GROUP
LOAD ./app.o
LOAD C:\Users\mbersalona\AppData\Local\Temp\ccAvmQgm.ltrans0.ltrans.o
LOAD C:\Users\mbersalona\AppData\Local\Temp\ccAvmQgm.ltrans1.ltrans.o
LOAD C:\Users\mbersalona\AppData\Local\Temp\ccAvmQgm.ltrans2.ltrans.o
LOAD C:\Users\mbersalona\AppData\Local\Temp\ccAvmQgm.ltrans3.ltrans.o
LOAD C:\Users\mbersalona\AppData\Local\Temp\ccAvmQgm.ltrans4.ltrans.o
LOAD C:\Users\mbersalona\AppData\Local\Temp\ccJYHEby.debug.temp.o
LOAD C:\Users\mbersalona\AppData\Local\Temp\cc4dXDvE.debug.temp.o
LOAD C:\Users\mbersalona\AppData\Local\Temp\ccna3WVK.debug.temp.o
LOAD C:\Users\mbersalona\AppData\Local\Temp\cc6D3XcR.debug.temp.o
LOAD C:\Users\mbersalona\AppData\Local\Temp\cc15DDKW.debug.temp.o
LOAD C:\Users\mbersalona\AppData\Local\Temp\cccgPcM5.debug.temp.o
LOAD C:\Users\mbersalona\AppData\Local\Temp\ccP2eLEe.debug.temp.o
LOAD C:\Users\mbersalona\AppData\Local\Temp\ccMnhHKn.debug.temp.o
LOAD C:\Users\mbersalona\AppData\Local\Temp\cczBy5aw.debug.temp.o
LOAD C:\Users\mbersalona\AppData\Local\Temp\ccaRrZQE.debug.temp.o
LOAD C:\Users\mbersalona\AppData\Local\Temp\cczQ7szM.debug.temp.o
LOAD C:\Users\mbersalona\AppData\Local\Temp\ccQ1PNKU.debug.temp.o
LOAD C:\Users\mbersalona\AppData\Local\Temp\ccrhzIj6.debug.temp.o
LOAD C:\Users\mbersalona\AppData\Local\Temp\cc0JN9Wg.debug.temp.o
LOAD C:\Users\mbersalona\AppData\Local\Temp\cc146c4q.debug.temp.o
LOAD C:\Users\mbersalona\AppData\Local\Temp\ccsXkY1A.debug.temp.o
LOAD C:\Users\mbersalona\AppData\Local\Temp\ccRKiyxL.debug.temp.o
LOAD C:\Users\mbersalona\AppData\Local\Temp\ccIav7TV.debug.temp.o
LOAD C:\Users\mbersalona\AppData\Local\Temp\cc5oNCn5.debug.temp.o
LOAD C:\Users\mbersalona\AppData\Local\Temp\ccSsntsi.debug.temp.o
LOAD C:\Users\mbersalona\AppData\Local\Temp\ccjHuNuv.debug.temp.o
LOAD C:\Users\mbersalona\AppData\Local\Temp\cc2Sn5JI.debug.temp.o
LOAD C:\Users\mbersalona\AppData\Local\Temp\ccZ571fV.debug.temp.o
LOAD C:\Users\mbersalona\AppData\Local\Temp\ccmQMGC7.debug.temp.o
LOAD C:\Users\mbersalona\AppData\Local\Temp\ccPBCPnk.debug.temp.o
LOAD C:\Users\mbersalona\AppData\Local\Temp\ccmz3UAA.debug.temp.o
LOAD C:\Users\mbersalona\AppData\Local\Temp\cchvxt6P.debug.temp.o
LOAD C:\Users\mbersalona\AppData\Local\Temp\ccwZDpP5.debug.temp.o
LOAD C:\Users\mbersalona\AppData\Local\Temp\ccR0D8sl.debug.temp.o
LOAD C:\Users\mbersalona\AppData\Local\Temp\ccwkKQbA.debug.temp.o
LOAD C:\Users\mbersalona\AppData\Local\Temp\cclvVAcP.debug.temp.o
LOAD C:\Users\mbersalona\AppData\Local\Temp\cceouqt3.debug.temp.o
LOAD C:\Users\mbersalona\AppData\Local\Temp\ccRCeOUh.debug.temp.o
LOAD C:\Users\mbersalona\AppData\Local\Temp\ccK1NvjA.debug.temp.o
LOAD C:\Users\mbersalona\AppData\Local\Temp\ccTkSaVS.debug.temp.o
LOAD C:\Users\mbersalona\AppData\Local\Temp\ccWqdr2a.debug.temp.o
LOAD C:\Users\mbersalona\AppData\Local\Temp\ccN2vSis.debug.temp.o
LOAD C:\Users\mbersalona\AppData\Local\Temp\cc4bJ1pJ.debug.temp.o
LOAD C:\Users\mbersalona\AppData\Local\Temp\cc5E6uY0.debug.temp.o
LOAD C:\Users\mbersalona\AppData\Local\Temp\ccwFoGni.debug.temp.o
LOAD C:\Users\mbersalona\AppData\Local\Temp\ccXXLVVy.debug.temp.o
LOAD C:\Users\mbersalona\AppData\Local\Temp\cc8zjvVP.debug.temp.o
LOAD C:\Users\mbersalona\AppData\Local\Temp\ccHGuML6.debug.temp.o
LOAD C:\Users\mbersalona\AppData\Local\Temp\ccs3uhFr.debug.temp.o
LOAD C:\Users\mbersalona\AppData\Local\Temp\ccH9grFL.debug.temp.o
LOAD C:\Users\mbersalona\AppData\Local\Temp\ccgOFYS5.debug.temp.o
LOAD C:\Users\mbersalona\AppData\Local\Temp\cctlQ9op.debug.temp.o
LOAD C:\Users\mbersalona\AppData\Local\Temp\ccQxvpQI.debug.temp.o
LOAD C:\Users\mbersalona\AppData\Local\Temp\ccHH3hT5.debug.temp.o
LOAD C:\Users\mbersalona\AppData\Local\Temp\ccGXugns.debug.temp.o
LOAD C:\Users\mbersalona\AppData\Local\Temp\ccpP5tCN.debug.temp.o
LOAD C:\Users\mbersalona\AppData\Local\Temp\cc2xBG3c.debug.temp.o
LOAD C:\Users\mbersalona\AppData\Local\Temp\ccjTOGnC.debug.temp.o
LOAD C:\Users\mbersalona\AppData\Local\Temp\ccWPV4U1.debug.temp.o
LOAD C:\Users\mbersalona\AppData\Local\Temp\ccJFiQIq.debug.temp.o
LOAD C:\Users\mbersalona\AppData\Local\Temp\ccEjtDOP.debug.temp.o
LOAD C:\Users\mbersalona\AppData\Local\Temp\ccfFVLRe.debug.temp.o
LOAD C:\Users\mbersalona\AppData\Local\Temp\ccyzicXC.debug.temp.o
LOAD C:\Users\mbersalona\AppData\Local\Temp\ccxX3sy0.debug.temp.o
LOAD C:\Users\mbersalona\AppData\Local\Temp\cc6JOtio.debug.temp.o
LOAD C:\Users\mbersalona\AppData\Local\Temp\ccFis23P.debug.temp.o
LOAD C:\Users\mbersalona\AppData\Local\Temp\ccybhUbh.debug.temp.o
LOAD C:\Users\mbersalona\AppData\Local\Temp\cczSTNBI.debug.temp.o
LOAD C:\Users\mbersalona\AppData\Local\Temp\ccYNhJY9.debug.temp.o
LOAD C:\Users\mbersalona\AppData\Local\Temp\ccFqJ3TA.debug.temp.o
LOAD C:\Users\mbersalona\AppData\Local\Temp\cccs04H1.debug.temp.o
LOAD C:\Users\mbersalona\AppData\Local\Temp\cczioXyr.debug.temp.o
LOAD C:\Users\mbersalona\AppData\Local\Temp\ccMZPWLR.debug.temp.o
LOAD C:\Users\mbersalona\AppData\Local\Temp\ccl622Fl.debug.temp.o
LOAD C:\Users\mbersalona\AppData\Local\Temp\cckwpy5P.debug.temp.o
LOAD ./app_node_info.o
LOAD ./app_pm_transition_event.o
LOAD ./cmd_get_capabilities.o
LOAD ./cmd_handlers.o
LOAD ./cmd_handlers_invoker.o
LOAD ./cmds_dcdc.o
LOAD ./cmds_management.o
LOAD ./cmds_power_management.o
LOAD ./cmds_rf.o
LOAD ./cmds_security.o
LOAD ./comm_interface.o
LOAD ./main.o
LOAD ./nvm_backup_restore.o
LOAD ./serialapi_file.o
LOAD ./utils.o
LOAD ./virtual_slave_node_info.o
LOAD ./autogen/sl_board_default_init.o
LOAD ./autogen/sl_event_handler.o
LOAD ./autogen/sl_iostream_handles.o
LOAD ./autogen/sl_simple_led_instances.o
LOAD ./simplicity_sdk_2025.6.2/hardware/board/src/sl_board_control_gpio.o
LOAD ./simplicity_sdk_2025.6.2/hardware/board/src/sl_board_init.o
LOAD ./simplicity_sdk_2025.6.2/hardware/driver/configuration_over_swo/src/sl_cos.o
LOAD ./simplicity_sdk_2025.6.2/hardware/driver/mx25_flash_shutdown/src/sl_mx25_flash_shutdown_eusart/sl_mx25_flash_shutdown.o
LOAD ./simplicity_sdk_2025.6.2/platform/CMSIS/RTOS2/Source/os_systick.o
LOAD ./simplicity_sdk_2025.6.2/platform/Device/SiliconLabs/EFR32ZG23/Source/startup_efr32zg23.o
LOAD ./simplicity_sdk_2025.6.2/platform/Device/SiliconLabs/EFR32ZG23/Source/system_efr32zg23.o
LOAD ./simplicity_sdk_2025.6.2/platform/bootloader/api/btl_interface.o
LOAD ./simplicity_sdk_2025.6.2/platform/bootloader/api/btl_interface_storage.o
LOAD ./simplicity_sdk_2025.6.2/platform/bootloader/app_properties/app_properties.o
LOAD ./simplicity_sdk_2025.6.2/platform/bootloader/core/flash/btl_internal_flash.o
LOAD ./simplicity_sdk_2025.6.2/platform/common/src/sl_assert.o
LOAD ./simplicity_sdk_2025.6.2/platform/common/src/sl_cmsis_os2_common.o
LOAD ./simplicity_sdk_2025.6.2/platform/common/src/sl_core_cortexm.o
LOAD ./simplicity_sdk_2025.6.2/platform/common/src/sl_slist.o
LOAD ./simplicity_sdk_2025.6.2/platform/common/src/sl_syscalls.o
LOAD ./simplicity_sdk_2025.6.2/platform/common/src/sli_cmsis_os2_ext_task_register.o
LOAD ./simplicity_sdk_2025.6.2/platform/driver/debug/src/sl_debug_swo.o
LOAD ./simplicity_sdk_2025.6.2/platform/driver/gpio/src/sl_gpio.o
LOAD ./simplicity_sdk_2025.6.2/platform/driver/leddrv/src/sl_led.o
LOAD ./simplicity_sdk_2025.6.2/platform/driver/leddrv/src/sl_simple_led.o
LOAD ./simplicity_sdk_2025.6.2/platform/emdrv/gpiointerrupt/src/gpiointerrupt.o
LOAD ./simplicity_sdk_2025.6.2/platform/emdrv/nvm3/src/nvm3.o
LOAD ./simplicity_sdk_2025.6.2/platform/emdrv/nvm3/src/nvm3_cache.o
LOAD ./simplicity_sdk_2025.6.2/platform/emdrv/nvm3/src/nvm3_default_common_linker.o
LOAD ./simplicity_sdk_2025.6.2/platform/emdrv/nvm3/src/nvm3_hal_flash.o
LOAD ./simplicity_sdk_2025.6.2/platform/emdrv/nvm3/src/nvm3_lock.o
LOAD ./simplicity_sdk_2025.6.2/platform/emdrv/nvm3/src/nvm3_object.o
LOAD ./simplicity_sdk_2025.6.2/platform/emdrv/nvm3/src/nvm3_page.o
LOAD ./simplicity_sdk_2025.6.2/platform/emdrv/nvm3/src/nvm3_utils.o
LOAD ./simplicity_sdk_2025.6.2/platform/emlib/src/em_acmp.o
LOAD ./simplicity_sdk_2025.6.2/platform/emlib/src/em_burtc.o
LOAD ./simplicity_sdk_2025.6.2/platform/emlib/src/em_cmu.o
LOAD ./simplicity_sdk_2025.6.2/platform/emlib/src/em_dbg.o
LOAD ./simplicity_sdk_2025.6.2/platform/emlib/src/em_emu.o
LOAD ./simplicity_sdk_2025.6.2/platform/emlib/src/em_eusart.o
LOAD ./simplicity_sdk_2025.6.2/platform/emlib/src/em_gpcrc.o
LOAD ./simplicity_sdk_2025.6.2/platform/emlib/src/em_gpio.o
LOAD ./simplicity_sdk_2025.6.2/platform/emlib/src/em_i2c.o
LOAD ./simplicity_sdk_2025.6.2/platform/emlib/src/em_iadc.o
LOAD ./simplicity_sdk_2025.6.2/platform/emlib/src/em_lcd.o
LOAD ./simplicity_sdk_2025.6.2/platform/emlib/src/em_ldma.o
LOAD ./simplicity_sdk_2025.6.2/platform/emlib/src/em_lesense.o
LOAD ./simplicity_sdk_2025.6.2/platform/emlib/src/em_letimer.o
LOAD ./simplicity_sdk_2025.6.2/platform/emlib/src/em_msc.o
LOAD ./simplicity_sdk_2025.6.2/platform/emlib/src/em_opamp.o
LOAD ./simplicity_sdk_2025.6.2/platform/emlib/src/em_pcnt.o
LOAD ./simplicity_sdk_2025.6.2/platform/emlib/src/em_prs.o
LOAD ./simplicity_sdk_2025.6.2/platform/emlib/src/em_rmu.o
LOAD ./simplicity_sdk_2025.6.2/platform/emlib/src/em_system.o
LOAD ./simplicity_sdk_2025.6.2/platform/emlib/src/em_timer.o
LOAD ./simplicity_sdk_2025.6.2/platform/emlib/src/em_usart.o
LOAD ./simplicity_sdk_2025.6.2/platform/emlib/src/em_vdac.o
LOAD ./simplicity_sdk_2025.6.2/platform/emlib/src/em_wdog.o
LOAD ./simplicity_sdk_2025.6.2/platform/peripheral/src/sl_hal_gpio.o
LOAD ./simplicity_sdk_2025.6.2/platform/peripheral/src/sl_hal_sysrtc.o
LOAD ./simplicity_sdk_2025.6.2/platform/radio/rail_lib/plugin/pa-conversions/pa_conversions_efr32.o
LOAD ./simplicity_sdk_2025.6.2/platform/radio/rail_lib/plugin/pa-conversions/pa_curves_efr32.o
LOAD ./simplicity_sdk_2025.6.2/platform/radio/rail_lib/plugin/rail_util_power_manager_init/sl_rail_util_power_manager_init.o
LOAD ./simplicity_sdk_2025.6.2/platform/security/sl_component/se_manager/src/sl_se_manager.o
LOAD ./simplicity_sdk_2025.6.2/platform/security/sl_component/se_manager/src/sl_se_manager_attestation.o
LOAD ./simplicity_sdk_2025.6.2/platform/security/sl_component/se_manager/src/sl_se_manager_cipher.o
LOAD ./simplicity_sdk_2025.6.2/platform/security/sl_component/se_manager/src/sl_se_manager_entropy.o
LOAD ./simplicity_sdk_2025.6.2/platform/security/sl_component/se_manager/src/sl_se_manager_hash.o
LOAD ./simplicity_sdk_2025.6.2/platform/security/sl_component/se_manager/src/sl_se_manager_key_derivation.o
LOAD ./simplicity_sdk_2025.6.2/platform/security/sl_component/se_manager/src/sl_se_manager_key_handling.o
LOAD ./simplicity_sdk_2025.6.2/platform/security/sl_component/se_manager/src/sl_se_manager_signature.o
LOAD ./simplicity_sdk_2025.6.2/platform/security/sl_component/se_manager/src/sl_se_manager_util.o
LOAD ./simplicity_sdk_2025.6.2/platform/security/sl_component/se_manager/src/sli_se_manager_mailbox.o
LOAD ./simplicity_sdk_2025.6.2/platform/security/sl_component/sl_mbedtls_support/src/sl_mbedtls.o
LOAD ./simplicity_sdk_2025.6.2/platform/security/sl_component/sl_mbedtls_support/src/sl_psa_crypto.o
LOAD ./simplicity_sdk_2025.6.2/platform/security/sl_component/sl_mbedtls_support/src/sli_psa_crypto.o
LOAD ./simplicity_sdk_2025.6.2/platform/security/sl_component/sl_psa_driver/src/sli_psa_driver_common.o
LOAD ./simplicity_sdk_2025.6.2/platform/security/sl_component/sl_psa_driver/src/sli_psa_driver_init.o
LOAD ./simplicity_sdk_2025.6.2/platform/security/sl_component/sl_psa_driver/src/sli_psa_trng.o
LOAD ./simplicity_sdk_2025.6.2/platform/security/sl_component/sl_psa_driver/src/sli_se_driver_aead.o
LOAD ./simplicity_sdk_2025.6.2/platform/security/sl_component/sl_psa_driver/src/sli_se_driver_builtin_keys.o
LOAD ./simplicity_sdk_2025.6.2/platform/security/sl_component/sl_psa_driver/src/sli_se_driver_cipher.o
LOAD ./simplicity_sdk_2025.6.2/platform/security/sl_component/sl_psa_driver/src/sli_se_driver_key_derivation.o
LOAD ./simplicity_sdk_2025.6.2/platform/security/sl_component/sl_psa_driver/src/sli_se_driver_key_management.o
LOAD ./simplicity_sdk_2025.6.2/platform/security/sl_component/sl_psa_driver/src/sli_se_driver_mac.o
LOAD ./simplicity_sdk_2025.6.2/platform/security/sl_component/sl_psa_driver/src/sli_se_driver_signature.o
LOAD ./simplicity_sdk_2025.6.2/platform/security/sl_component/sl_psa_driver/src/sli_se_opaque_driver_aead.o
LOAD ./simplicity_sdk_2025.6.2/platform/security/sl_component/sl_psa_driver/src/sli_se_opaque_driver_cipher.o
LOAD ./simplicity_sdk_2025.6.2/platform/security/sl_component/sl_psa_driver/src/sli_se_opaque_driver_mac.o
LOAD ./simplicity_sdk_2025.6.2/platform/security/sl_component/sl_psa_driver/src/sli_se_opaque_key_derivation.o
LOAD ./simplicity_sdk_2025.6.2/platform/security/sl_component/sl_psa_driver/src/sli_se_transparent_driver_aead.o
LOAD ./simplicity_sdk_2025.6.2/platform/security/sl_component/sl_psa_driver/src/sli_se_transparent_driver_cipher.o
LOAD ./simplicity_sdk_2025.6.2/platform/security/sl_component/sl_psa_driver/src/sli_se_transparent_driver_hash.o
LOAD ./simplicity_sdk_2025.6.2/platform/security/sl_component/sl_psa_driver/src/sli_se_transparent_driver_mac.o
LOAD ./simplicity_sdk_2025.6.2/platform/security/sl_component/sl_psa_driver/src/sli_se_transparent_key_derivation.o
LOAD ./simplicity_sdk_2025.6.2/platform/security/sl_component/sl_psa_driver/src/sli_se_version_dependencies.o
LOAD ./simplicity_sdk_2025.6.2/platform/security/sl_component/sli_psec_osal/src/sli_psec_osal_cmsis_rtos2.o
LOAD ./simplicity_sdk_2025.6.2/platform/service/clock_manager/src/sl_clock_manager.o
LOAD ./simplicity_sdk_2025.6.2/platform/service/clock_manager/src/sl_clock_manager_hal_s2.o
LOAD ./simplicity_sdk_2025.6.2/platform/service/clock_manager/src/sl_clock_manager_init.o
LOAD ./simplicity_sdk_2025.6.2/platform/service/clock_manager/src/sl_clock_manager_init_hal_s2.o
LOAD ./simplicity_sdk_2025.6.2/platform/service/device_init/src/sl_device_init_dcdc_s2.o
LOAD ./simplicity_sdk_2025.6.2/platform/service/device_manager/clocks/sl_device_clock_efr32xg23.o
LOAD ./simplicity_sdk_2025.6.2/platform/service/device_manager/devices/sl_device_peripheral_hal_efr32xg23.o
LOAD ./simplicity_sdk_2025.6.2/platform/service/device_manager/src/sl_device_clock.o
LOAD ./simplicity_sdk_2025.6.2/platform/service/device_manager/src/sl_device_gpio.o
LOAD ./simplicity_sdk_2025.6.2/platform/service/device_manager/src/sl_device_peripheral.o
LOAD ./simplicity_sdk_2025.6.2/platform/service/hfxo_manager/src/sl_hfxo_manager.o
LOAD ./simplicity_sdk_2025.6.2/platform/service/hfxo_manager/src/sl_hfxo_manager_hal_s2.o
LOAD ./simplicity_sdk_2025.6.2/platform/service/interrupt_manager/src/sl_interrupt_manager_cortexm.o
LOAD ./simplicity_sdk_2025.6.2/platform/service/iostream/src/sl_iostream.o
LOAD ./simplicity_sdk_2025.6.2/platform/service/iostream/src/sl_iostream_swo.o
LOAD ./simplicity_sdk_2025.6.2/platform/service/memory_manager/src/sl_memory_manager.o
LOAD ./simplicity_sdk_2025.6.2/platform/service/memory_manager/src/sl_memory_manager_dynamic_reservation.o
LOAD ./simplicity_sdk_2025.6.2/platform/service/memory_manager/src/sl_memory_manager_pool.o
LOAD ./simplicity_sdk_2025.6.2/platform/service/memory_manager/src/sl_memory_manager_pool_common.o
LOAD ./simplicity_sdk_2025.6.2/platform/service/memory_manager/src/sl_memory_manager_region.o
LOAD ./simplicity_sdk_2025.6.2/platform/service/memory_manager/src/sl_memory_manager_retarget.o
LOAD ./simplicity_sdk_2025.6.2/platform/service/memory_manager/src/sli_memory_manager_common.o
LOAD ./simplicity_sdk_2025.6.2/platform/service/mpu/src/sl_mpu_s2.o
LOAD ./simplicity_sdk_2025.6.2/platform/service/power_manager/src/common/sl_power_manager_common.o
LOAD ./simplicity_sdk_2025.6.2/platform/service/power_manager/src/common/sl_power_manager_em4.o
LOAD ./simplicity_sdk_2025.6.2/platform/service/power_manager/src/sleep_loop/sl_power_manager.o
LOAD ./simplicity_sdk_2025.6.2/platform/service/power_manager/src/sleep_loop/sl_power_manager_debug.o
LOAD ./simplicity_sdk_2025.6.2/platform/service/power_manager/src/sleep_loop/sl_power_manager_hal_s2.o
LOAD ./simplicity_sdk_2025.6.2/platform/service/sl_main/src/rtos/main_retarget.o
LOAD ./simplicity_sdk_2025.6.2/platform/service/sl_main/src/sl_main_init.o
LOAD ./simplicity_sdk_2025.6.2/platform/service/sl_main/src/sl_main_init_memory.o
LOAD ./simplicity_sdk_2025.6.2/platform/service/sl_main/src/sl_main_kernel.o
LOAD ./simplicity_sdk_2025.6.2/platform/service/sleeptimer/src/sl_sleeptimer.o
LOAD ./simplicity_sdk_2025.6.2/platform/service/sleeptimer/src/sl_sleeptimer_hal_burtc.o
LOAD ./simplicity_sdk_2025.6.2/platform/service/sleeptimer/src/sl_sleeptimer_hal_sysrtc.o
LOAD ./simplicity_sdk_2025.6.2/platform/service/sleeptimer/src/sl_sleeptimer_hal_timer.o
LOAD ./simplicity_sdk_2025.6.2/platform/service/udelay/src/sl_udelay.o
LOAD ./simplicity_sdk_2025.6.2/platform/service/udelay/src/sl_udelay_armv6m_gcc.o
LOAD ./simplicity_sdk_2025.6.2/protocol/z-wave/ZAF/ApplicationUtilities/AppName/ZAF_AppName_weak.o
LOAD ./simplicity_sdk_2025.6.2/protocol/z-wave/ZAF/ApplicationUtilities/AppTimer.o
LOAD ./simplicity_sdk_2025.6.2/protocol/z-wave/ZAF/ApplicationUtilities/AppTimerDeepSleep.o
LOAD ./simplicity_sdk_2025.6.2/protocol/z-wave/ZAF/ApplicationUtilities/ZAF_PrintAppInfo.o
LOAD ./simplicity_sdk_2025.6.2/protocol/z-wave/ZAF/ApplicationUtilities/ZAF_nvm.o
LOAD ./simplicity_sdk_2025.6.2/protocol/z-wave/ZAF/ApplicationUtilities/ZAF_nvm_app.o
LOAD ./simplicity_sdk_2025.6.2/protocol/z-wave/ZAF/ApplicationUtilities/ZAF_retention_register.o
LOAD ./simplicity_sdk_2025.6.2/protocol/z-wave/ZAF/ApplicationUtilities/ZAF_version.o
LOAD ./simplicity_sdk_2025.6.2/protocol/z-wave/ZAF/ApplicationUtilities/EventHandling/zaf_event_distributor.o
LOAD ./simplicity_sdk_2025.6.2/protocol/z-wave/ZAF/ApplicationUtilities/EventHandling/zaf_event_distributor_ncp.o
LOAD ./simplicity_sdk_2025.6.2/protocol/z-wave/ZAF/ApplicationUtilities/_commonIF/ZAF_Common_interface.o
LOAD ./simplicity_sdk_2025.6.2/protocol/z-wave/ZAF/ProtocolConfig/src/zaf_protocol_config.o
LOAD ./simplicity_sdk_2025.6.2/protocol/z-wave/platform/SiliconLabs/AppsHw/src/SerialAPI/SerialAPI_hw.o
LOAD ./simplicity_sdk_2025.6.2/protocol/z-wave/platform/SiliconLabs/AppsHw/src/common/IADC.o
LOAD ./simplicity_sdk_2025.6.2/protocol/z-wave/platform/SiliconLabs/AppsHw/src/common/board_indicator.o
LOAD ./simplicity_sdk_2025.6.2/protocol/z-wave/platform/SiliconLabs/components/zw_log/zw_log.o
LOAD ./simplicity_sdk_2025.6.2/protocol/z-wave/platform/SiliconLabs/components/zw_power_manager/zw_power_manager.o
LOAD ./simplicity_sdk_2025.6.2/util/third_party/freertos/cmsis/Source/cmsis_os2.o
LOAD ./simplicity_sdk_2025.6.2/util/third_party/freertos/kernel/croutine.o
LOAD ./simplicity_sdk_2025.6.2/util/third_party/freertos/kernel/event_groups.o
LOAD ./simplicity_sdk_2025.6.2/util/third_party/freertos/kernel/list.o
LOAD ./simplicity_sdk_2025.6.2/util/third_party/freertos/kernel/queue.o
LOAD ./simplicity_sdk_2025.6.2/util/third_party/freertos/kernel/stream_buffer.o
LOAD ./simplicity_sdk_2025.6.2/util/third_party/freertos/kernel/tasks.o
LOAD ./simplicity_sdk_2025.6.2/util/third_party/freertos/kernel/timers.o
LOAD ./simplicity_sdk_2025.6.2/util/third_party/freertos/kernel/portable/GCC/ARM_CM33_NTZ/non_secure/mpu_wrappers_v2_asm.o
LOAD ./simplicity_sdk_2025.6.2/util/third_party/freertos/kernel/portable/GCC/ARM_CM33_NTZ/non_secure/port.o
LOAD ./simplicity_sdk_2025.6.2/util/third_party/freertos/kernel/portable/GCC/ARM_CM33_NTZ/non_secure/portasm.o
LOAD ./simplicity_sdk_2025.6.2/util/third_party/freertos/kernel/portable/MemMang/heap_3.o
LOAD ./simplicity_sdk_2025.6.2/util/third_party/freertos/kernel/portable/SiliconLabs/cortexm/tick_power_manager.o
LOAD ./simplicity_sdk_2025.6.2/util/third_party/mbedtls/library/cipher.o
LOAD ./simplicity_sdk_2025.6.2/util/third_party/mbedtls/library/cipher_wrap.o
LOAD ./simplicity_sdk_2025.6.2/util/third_party/mbedtls/library/constant_time.o
LOAD ./simplicity_sdk_2025.6.2/util/third_party/mbedtls/library/platform.o
LOAD ./simplicity_sdk_2025.6.2/util/third_party/mbedtls/library/platform_util.o
LOAD ./simplicity_sdk_2025.6.2/util/third_party/mbedtls/library/psa_crypto.o
LOAD ./simplicity_sdk_2025.6.2/util/third_party/mbedtls/library/psa_crypto_aead.o
LOAD ./simplicity_sdk_2025.6.2/util/third_party/mbedtls/library/psa_crypto_cipher.o
LOAD ./simplicity_sdk_2025.6.2/util/third_party/mbedtls/library/psa_crypto_client.o
LOAD ./simplicity_sdk_2025.6.2/util/third_party/mbedtls/library/psa_crypto_driver_wrappers_no_static.o
LOAD ./simplicity_sdk_2025.6.2/util/third_party/mbedtls/library/psa_crypto_ecp.o
LOAD ./simplicity_sdk_2025.6.2/util/third_party/mbedtls/library/psa_crypto_ffdh.o
LOAD ./simplicity_sdk_2025.6.2/util/third_party/mbedtls/library/psa_crypto_hash.o
LOAD ./simplicity_sdk_2025.6.2/util/third_party/mbedtls/library/psa_crypto_mac.o
LOAD ./simplicity_sdk_2025.6.2/util/third_party/mbedtls/library/psa_crypto_pake.o
LOAD ./simplicity_sdk_2025.6.2/util/third_party/mbedtls/library/psa_crypto_rsa.o
LOAD ./simplicity_sdk_2025.6.2/util/third_party/mbedtls/library/psa_crypto_se.o
LOAD ./simplicity_sdk_2025.6.2/util/third_party/mbedtls/library/psa_crypto_slot_management.o
LOAD ./simplicity_sdk_2025.6.2/util/third_party/mbedtls/library/psa_crypto_storage.o
LOAD ./simplicity_sdk_2025.6.2/util/third_party/mbedtls/library/psa_util.o
LOAD ./simplicity_sdk_2025.6.2/util/third_party/mbedtls/library/threading.o
LOAD C:/Users/mbersalona/SimplicityStudio/SDKs/simplicity_sdk//platform/radio/rail_lib/autogen/librail_release/librail_efr32xg23_gcc_release.a
LOAD C:/Users/mbersalona/SimplicityStudio/SDKs/simplicity_sdk//protocol/z-wave/dist/lib/libZWaveController_series2.a
LOAD C:/Users/mbersalona/SimplicityStudio/SDKs/simplicity_sdk//protocol/z-wave/dist/lib/libzpal_EFR32ZG23.a
LOAD c:/siliconlabs/simplicitystudio/v5/developer/toolchains/gnu_arm/12.2.rel1_2023.7/bin/../lib/gcc/arm-none-eabi/12.2.1/thumb/v8-m.main+fp/hard\libgcc.a
LOAD c:/siliconlabs/simplicitystudio/v5/developer/toolchains/gnu_arm/12.2.rel1_2023.7/bin/../lib/gcc/arm-none-eabi/12.2.1/thumb/v8-m.main+fp/hard\libc_nano.a
LOAD c:/siliconlabs/simplicitystudio/v5/developer/toolchains/gnu_arm/12.2.rel1_2023.7/bin/../lib/gcc/arm-none-eabi/12.2.1/thumb/v8-m.main+fp/hard\libm.a
LOAD c:/siliconlabs/simplicitystudio/v5/developer/toolchains/gnu_arm/12.2.rel1_2023.7/bin/../lib/gcc/arm-none-eabi/12.2.1/thumb/v8-m.main+fp/hard\libnosys.a
END GROUP
START GROUP
LOAD c:/siliconlabs/simplicitystudio/v5/developer/toolchains/gnu_arm/12.2.rel1_2023.7/bin/../lib/gcc/arm-none-eabi/12.2.1/thumb/v8-m.main+fp/hard\libgcc.a
LOAD c:/siliconlabs/simplicitystudio/v5/developer/toolchains/gnu_arm/12.2.rel1_2023.7/bin/../lib/gcc/arm-none-eabi/12.2.1/thumb/v8-m.main+fp/hard\libc_nano.a
LOAD c:/siliconlabs/simplicitystudio/v5/developer/toolchains/gnu_arm/12.2.rel1_2023.7/bin/../lib/gcc/arm-none-eabi/12.2.1/thumb/v8-m.main+fp/hard\libnosys.a
END GROUP
START GROUP
LOAD c:/siliconlabs/simplicitystudio/v5/developer/toolchains/gnu_arm/12.2.rel1_2023.7/bin/../lib/gcc/arm-none-eabi/12.2.1/thumb/v8-m.main+fp/hard\libgcc.a
LOAD c:/siliconlabs/simplicitystudio/v5/developer/toolchains/gnu_arm/12.2.rel1_2023.7/bin/../lib/gcc/arm-none-eabi/12.2.1/thumb/v8-m.main+fp/hard\libc_nano.a
END GROUP
START GROUP
LOAD c:/siliconlabs/simplicitystudio/v5/developer/toolchains/gnu_arm/12.2.rel1_2023.7/bin/../lib/gcc/arm-none-eabi/12.2.1/thumb/v8-m.main+fp/hard\libgcc.a
LOAD c:/siliconlabs/simplicitystudio/v5/developer/toolchains/gnu_arm/12.2.rel1_2023.7/bin/../lib/gcc/arm-none-eabi/12.2.1/thumb/v8-m.main+fp/hard\libc_nano.a
END GROUP
LOAD c:/siliconlabs/simplicitystudio/v5/developer/toolchains/gnu_arm/12.2.rel1_2023.7/bin/../lib/gcc/arm-none-eabi/12.2.1/thumb/v8-m.main+fp/hard/crtend.o
LOAD c:/siliconlabs/simplicitystudio/v5/developer/toolchains/gnu_arm/12.2.rel1_2023.7/bin/../lib/gcc/arm-none-eabi/12.2.1/thumb/v8-m.main+fp/hard/crtn.o

.vectors        0x08006000      0x170
                0x08006000                linker_vectors_begin = .
 *(.vectors)
 .vectors       0x08006000      0x170 C:\Users\mbersalona\AppData\Local\Temp\ccAvmQgm.ltrans0.ltrans.o
                0x08006000                __Vectors
                0x08006170                linker_vectors_end = .
                0x08006170                __Vectors_End = .
                0x08006170                __Vectors_Size = (__Vectors_End - __Vectors)

.bootloader_reset_section
                0x20000000        0x4
                0x20000000                __ResetReasonStart__ = .
                0x20000004                . = (. + 0x4)
 *fill*         0x20000000        0x4 
                0x20000004                . = ALIGN (0x4)
                0x20000004                __ResetReasonEnd__ = .

.stack          0x20000008      0x400
                0x20000008                . = ALIGN (0x8)
                0x20000008                __StackLimit = .
 *(.stack*)
 .stack         0x20000008      0x400 C:\Users\mbersalona\AppData\Local\Temp\ccAvmQgm.ltrans4.ltrans.o
                0x20000408                . = ALIGN (0x4)
                0x20000408                __StackTop = .
                0x20000408                PROVIDE (__stack = __StackTop)

.bss            0x20000408     0x8e58
                0x20000408                . = ALIGN (0x4)
                0x20000408                __bss_start__ = .
 *(SORT_BY_ALIGNMENT(.bss*))
 .bss           0x20000408     0x36f0 C:\Users\mbersalona\AppData\Local\Temp\ccAvmQgm.ltrans0.ltrans.o
                0x20000570                g_AppTaskHandle.lto_priv.0
                0x20000574                callbackQueue
                0x20000ac8                commandQueue
                0x2000101f                compl_workbuf
                0x200010c8                comm_interface.lto_priv.0
                0x2000125c                m_pAppHandles.lto_priv.0
                0x20001261                dcdc_config.lto_priv.0
                0x20001264                pxCurrentTCB
                0x2000126c                g_AppInterface.lto_priv.0
                0x200012a4                g_AppTimer
                0x20001344                g_deepSleepTimersLoaded
                0x20001364                SetDefaultCB
                0x20001394                handle.lto_priv.0
                0x20001398                zaf_handle.lto_priv.0
                0x200013de                funcID_ComplHandler_ZW_ReplaceFailedNode
                0x200013e0                uart_data.lto_priv.0
                0x20001408                app_handle.lto_priv.0
                0x2000140c                uxSchedulerSuspended.lto_priv.0
                0x20001410                LearnModeStatusCb
                0x20001418                funcID_ComplHandler_ZW_RemoveFailedNodeID
                0x20001419                funcID_ComplHandler_ZW_SetSlaveLearnMode
                0x20001448                irqState
                0x20001478                nvm3_internalObjectHandleA
                0x200014d4                instanceCnt.lto_priv.0
                0x200014d8                region_nbr.lto_priv.0
                0x200014e0                nvm3_defaultHandleData
                0x200016b4                powerCurvesState.lto_priv.0
                0x200016dc                pm_context.lto_priv.0
                0x20001778                timer_frequency.lto_priv.0
                0x2000177c                hfxo_startup_time_tick.lto_priv.0
                0x20001780                hfxo_startup_time_sum_average.lto_priv.0
                0x20001784                hfxo_startup_time_table.lto_priv.0
                0x20001810                mbedtls_threading_psa_globaldata_mutex
                0x20001874                mbedtls_threading_psa_rngdata_mutex
                0x200018dc                global_data.lto_priv.0
                0x20001b6c                low_voltage.lto_priv.0
 .bss           0x20003af8     0x16b4 C:\Users\mbersalona\AppData\Local\Temp\ccAvmQgm.ltrans4.ltrans.o
 *fill*         0x200051ac        0x4 
 .bss.sli_rail_639739279e8d3d2b15a09f3a35c0cf79
                0x200051b0        0x8 C:/Users/mbersalona/SimplicityStudio/SDKs/simplicity_sdk//platform/radio/rail_lib/autogen/librail_release/librail_efr32xg23_gcc_release.a(generic_phy.o)
 .bss.sli_rail_f5d6bd4b87b830444924423a67685a3c
                0x200051b8      0x1b0 C:/Users/mbersalona/SimplicityStudio/SDKs/simplicity_sdk//platform/radio/rail_lib/autogen/librail_release/librail_efr32xg23_gcc_release.a(rail_rf.o)
 .bss.sli_rail_9fd4b577a88245688a41c225ff145d2d
                0x20005368       0x80 C:/Users/mbersalona/SimplicityStudio/SDKs/simplicity_sdk//platform/radio/rail_lib/autogen/librail_release/librail_efr32xg23_gcc_release.a(rail_data.o)
 .bss.object.0  0x200053e8       0x18 c:/siliconlabs/simplicitystudio/v5/developer/toolchains/gnu_arm/12.2.rel1_2023.7/bin/../lib/gcc/arm-none-eabi/12.2.1/thumb/v8-m.main+fp/hard/crtbegin.o
 .bss.__sf      0x20005400      0x138 c:/siliconlabs/simplicitystudio/v5/developer/toolchains/gnu_arm/12.2.rel1_2023.7/bin/../lib/gcc/arm-none-eabi/12.2.1/thumb/v8-m.main+fp/hard\libc_nano.a(libc_a-findfp.o)
                0x20005400                __sf
 .bss.__stdio_exit_handler
                0x20005538        0x4 c:/siliconlabs/simplicitystudio/v5/developer/toolchains/gnu_arm/12.2.rel1_2023.7/bin/../lib/gcc/arm-none-eabi/12.2.1/thumb/v8-m.main+fp/hard\libc_nano.a(libc_a-findfp.o)
                0x20005538                __stdio_exit_handler
 .bss           0x2000553c     0x2b59 C:\Users\mbersalona\AppData\Local\Temp\ccAvmQgm.ltrans1.ltrans.o
                0x20005544                timer_head.lto_priv.0
                0x20005598                xPendingReadyList.lto_priv.0
                0x200055ac                xYieldPendings.lto_priv.0
                0x200055cc                uxTopReadyPriority.lto_priv.0
                0x200055d0                pxReadyTasksLists.lto_priv.0
                0x20005a34                xTickCount.lto_priv.0
                0x20005a40                g_ZwaveMainTaskHandle
                0x20005a46                g_nodeID
                0x20005a48                m_homeID.lto_priv.0
                0x20005a4c                m_NetworkInfo.lto_priv.0
                0x20005a64                m_current_profile.lto_priv.0
                0x20005a90                bldeviceOptionsMask.lto_priv.0
                0x20005a91                m_state.lto_priv.0
                0x20005a94                currentTransmittingElement.lto_priv.0
                0x20005a98                mWakeupBeamTimeLength.lto_priv.0
                0x20005a9c                m_TransmitPauseTimer.lto_priv.0
                0x20005d34                m_intrnRfChannelStat.lto_priv.0
                0x20005d64                sli_general_purpose_heap
                0x20005dad                current_em.lto_priv.0
                0x20005dae                is_sleeping_waiting_for_clock_restore.lto_priv.0
                0x20005daf                is_states_saved.lto_priv.0
                0x20005db3                is_hf_x_oscillator_not_preserved.lto_priv.0
                0x20005db5                requirement_em1.lto_priv.0
                0x20005df8                xNumOfOverflows.lto_priv.0
                0x20005e88                emptyEventCallbackQueue.lto_priv.0
                0x20005eb4                xTimerQueue.lto_priv.0
                0x20005fb4                m_pAppInterface.lto_priv.0
                0x20006024                assignIdBuf
                0x20006050                bUseExploreAsRouteResolution
                0x20006051                zensorWakeupTime
                0x20006052                bNeighborDiscoverySpeed
                0x20006053                mutliCastFramePayload.0.lto_priv.0
                0x200060fd                m_lr_nodeid_list.lto_priv.0
                0x200060fe                m_AckReceivedIDList.lto_priv.0
                0x2000613e                bMultiFrameOptions.lto_priv.0
                0x2000613f                bMultiSrcNodeID.lto_priv.0
                0x20006140                zcbp_multiApplCompletedFunc.lto_priv.0
                0x20006148                pMultiData.lto_priv.0
                0x2000614c                bMultiDataLength.lto_priv.0
                0x2000614d                bMultiTxOptions.lto_priv.0
                0x2000614e                bMultiStatus.lto_priv.0
                0x2000614f                multiIDList
                0x20006190                controllerConfig.lto_priv.0
                0x20006194                sucEnabled
                0x20006198                SUCCompletedFunc.lto_priv.0
                0x200061a0                assign_ID
                0x200061f0                SUC_Update
                0x20006262                m_bIsFsInitialized.lto_priv.0
                0x20006264                m_apResetCb.lto_priv.0
                0x2000627c                handle.lto_priv.1
                0x20006280                pFileSystem.lto_priv.0
                0x20006291                node_info_exists.lto_priv.0
                0x200062ae                node_routecache_exists.lto_priv.0
                0x200062cb                node_info_Lrange_exists.lto_priv.0
                0x2000634b                nodeRouteCacheBuffer.lto_priv.0
                0x2000648b                nodeRouteCacheFileID.lto_priv.0
                0x2000648f                nodeRouteCachePrio.lto_priv.0
                0x20006493                app_route_lock_flag.lto_priv.0
                0x200064b0                route_slave_suc_flag.lto_priv.0
                0x200064cd                suc_pending_update_flag.lto_priv.0
                0x200064ea                bridge_node_flag.lto_priv.0
                0x20006507                pending_discovery_flag.lto_priv.0
                0x20006524                node_nls_supported.lto_priv.0
                0x20006541                node_nls_enabled.lto_priv.0
                0x2000655e                lr_node_nls_supported.lto_priv.0
                0x200065de                lr_node_nls_enabled.lto_priv.0
                0x2000665e                capabilities_speed_100k_nodes.lto_priv.0
                0x2000667b                inclusionHomeIDActive
                0x2000667c                currentSeqNoUseTX
                0x20006680                g_ZwTimer.lto_priv.0
                0x20006734                g_ControllerStaticControllerNodeIdChanged
                0x2000673c                g_ControllerHomeIdChanged
                0x20006770                TransportTimer.lto_priv.0
                0x20006cb0                m_PTI_Enabled.lto_priv.0
                0x20006cb2                m_adjustTxPower.lto_priv.0
                0x20006cb4                m_defaultTxPower.lto_priv.0
                0x20006cb6                m_currentTxPower.lto_priv.0
                0x20006cb8                m_ChLock.lto_priv.0
                0x20006cbc                m_ChLockCount.lto_priv.0
                0x20006cc4                m_PrevTickCount.lto_priv.0
                0x20006cc8                entropy.lto_priv.0
                0x20007628                m_CommandStatusNotifyingQueue.lto_priv.0
                0x20007848                m_RxNotifyingQueue.lto_priv.0
                0x20007854                m_pNetworkInfo.lto_priv.0
                0x20007864                networkWideInclusionModeTimer.lto_priv.0
                0x200078a4                IgnoreQueueTimer.lto_priv.0
                0x200078e4                ExploreQueueTimer.lto_priv.0
                0x20007924                ExploreMachineUpdateRequest
                0x2000796c                ctimer_list_list.lto_priv.0
                0x20007970                last_ticks.lto_priv.0
                0x20007974                m_CTimerSwTimer.lto_priv.0
                0x200079b4                zwave_secret_key
                0x200079d4                zwave_public_key
                0x20007a48                sli_iostream_system_default.lto_priv.0
                0x20007a54                is_actively_waiting_for_clock_restore.lto_priv.0
                0x20007a98                max_millisecond_conversion.lto_priv.0
                0x20007aa4                vScaleEM01Config.lto_priv.0
                0x20008094                bRoutedRssiFeedbackEnabled.lto_priv.0
 *fill*         0x20008095        0x3 
 .bss           0x20008098      0xa88 C:\Users\mbersalona\AppData\Local\Temp\ccAvmQgm.ltrans2.ltrans.o
                0x20008098                inclusionHomeID
                0x2000809c                g_learnMode
                0x2000809d                smartStartInclusionOngoing.lto_priv.0
                0x2000809e                g_Dsk
                0x200080af                currentSeqNo
                0x200082fc                m_intrnRfChannelExtStat.lto_priv.0
                0x20008334                currentWaitingForAckElement.lto_priv.0
                0x200086d4                mTxCallback.lto_priv.0
                0x200087f8                mTransportRxCurrentSpeed
                0x200087fc                tx_status
                0x2000881c                m_intrnRfChannelCurrentTx.lto_priv.0
                0x20008820                mTransportRxCurrentCh.lto_priv.0
                0x20008830                abLastStartNode
                0x20008834                bCurrentRoutingSpeed
                0x20008838                ReceivePackage.lto_priv.0
                0x20008918                activeTransmit
                0x2000891c                pExploreQueueElement
                0x20008920                rxFrame
                0x20008934                bRouteCached
                0x20008935                replicationStatus
                0x20008936                g_learnNodeState
                0x20008938                rxopt
                0x2000894e                virtualNodeID
                0x20008950                virtualNodeDest
                0x20008951                badRoute
                0x20008953                sACK
                0x2000895a                crH
                0x2000895e                g_findInProgress
                0x20008960                pendingTimerReload.lto_priv.0
                0x20008962                pendingTimerCount.lto_priv.0
                0x20008964                scratchID.lto_priv.0
                0x20008966                lostOngoing
                0x20008967                updateNodeNeighbors
                0x20008968                zcbp_learnCompleteFunction.lto_priv.0
                0x2000896c                returnRouteAssignActive
                0x2000896d                sucAssignRoute
                0x2000896e                cmdBufferLock.lto_priv.0
                0x2000896f                cmdBuffer.lto_priv.0
                0x20008973                newNodeInfoBuffer.lto_priv.0
                0x200089a0                didWrite.lto_priv.0
                0x200089a1                cmdCompleteSeen.lto_priv.0
                0x200089a2                sendSUCRouteNow
                0x200089a3                count.lto_priv.0
                0x200089a4                destNodeIDList.lto_priv.0
                0x200089a9                lrFailedNodesMask.lto_priv.0
                0x20008a29                classicFailedNodesMask.lto_priv.0
                0x20008a46                bRouteCacheLineOut.lto_priv.0
                0x20008a4c                bNetworkRemoveNodeID
                0x20008a4e                transferPresentationHighPower
                0x20008a4f                bNetworkWideInclusion
                0x20008a50                learnNodeInfo
                0x20008a5c                otherController
                0x20008a5e                newPrimaryReplication
                0x20008a5f                doChangeToSecondary
                0x20008a60                learnSlaveMode
                0x20008a64                learnSlaveNodeFunc.lto_priv.0
                0x20008a68                assignSlaveState
                0x20008a69                nodePool
                0x20008a86                lastWorkRouteCacheLock
                0x20008a87                failedNodeReplace
                0x20008a88                m_pCallback.lto_priv.0
                0x20008a8c                ChannelCheckTimer.lto_priv.0
                0x20008acc                pLearnStateTimer.lto_priv.0
                0x20008b10                NW_Action.lto_priv.0
                0x20008b11                learnState.lto_priv.0
                0x20008b14                bIncReqCount.lto_priv.0
                0x20008b1c                bInclusionRequestIntervals.lto_priv.0
 .bss           0x20008b20      0x51c C:\Users\mbersalona\AppData\Local\Temp\ccAvmQgm.ltrans3.ltrans.o
                0x20008bee                sequenceNumber
                0x20008bf0                exploreInclusionModeRepeat
                0x20008bf1                replRetry
                0x20008c34                ReplCompleteFunction.lto_priv.0
                0x20008c75                pendingUpdateOn
                0x20008c76                pendingTableEmpty
                0x20008cbc                exploreRemoteInclusion
                0x20008cc2                mostUsedTable
                0x20008cd6                PreferredRepeaters
                0x20008cf3                abRouteCacheLWRSelector.lto_priv.0
                0x20008d10                spoof
                0x20008de0                glearnNodeInfo
                0x20008dec                zcbp_CtrlCompleteFunction.lto_priv.0
                0x20008df0                NonRepeaters
                0x20008edc                controllerIncluded
                0x20008f20                abLastNode
                0x20008fdd                bNetworkWideInclusionReady
                0x20008fde                addSmartNodeHomeId
 .bss.sli_rail_c136c888d348bae01d46584776a71a85
                0x2000903c        0x8 C:/Users/mbersalona/SimplicityStudio/SDKs/simplicity_sdk//platform/radio/rail_lib/autogen/librail_release/librail_efr32xg23_gcc_release.a(rail_power_manager.o)
 .bss.sli_rail_9173f051b55c13a908edffee1745cddf
                0x20009044        0x8 C:/Users/mbersalona/SimplicityStudio/SDKs/simplicity_sdk//platform/radio/rail_lib/autogen/librail_release/librail_efr32xg23_gcc_release.a(rail_power_manager.o)
 .bss.sli_rail_1a9485a7c6b38dd70de7ee0102aa7aaf
                0x2000904c       0x20 C:/Users/mbersalona/SimplicityStudio/SDKs/simplicity_sdk//platform/radio/rail_lib/autogen/librail_release/librail_efr32xg23_gcc_release.a(rail_power_manager.o)
 .bss.sli_rail_54d89e3959a4bbc543e302fea6710f95
                0x2000906c        0x4 C:/Users/mbersalona/SimplicityStudio/SDKs/simplicity_sdk//platform/radio/rail_lib/autogen/librail_release/librail_efr32xg23_gcc_release.a(rail_power_manager.o)
                0x2000906c                sli_rail_54d89e3959a4bbc543e302fea6710f95
 .bss.sli_rail_07aed9c96fdcaccc2e6f95e40d8fb12c
                0x20009070        0x4 C:/Users/mbersalona/SimplicityStudio/SDKs/simplicity_sdk//platform/radio/rail_lib/autogen/librail_release/librail_efr32xg23_gcc_release.a(rail_power_manager.o)
 .bss.sli_rail_e869e9276015a189cecac6019fc3c018
                0x20009074        0x4 C:/Users/mbersalona/SimplicityStudio/SDKs/simplicity_sdk//platform/radio/rail_lib/autogen/librail_release/librail_efr32xg23_gcc_release.a(rail_power_manager.o)
 .bss.sli_rail_4b8dfbaedea31d7cbf1e1ce30323b341
                0x20009078        0x4 C:/Users/mbersalona/SimplicityStudio/SDKs/simplicity_sdk//platform/radio/rail_lib/autogen/librail_release/librail_efr32xg23_gcc_release.a(rail_power_manager.o)
 .bss.sli_rail_ff5397f38ac9ffe78ebd137a9facd21f
                0x2000907c        0x4 C:/Users/mbersalona/SimplicityStudio/SDKs/simplicity_sdk//platform/radio/rail_lib/autogen/librail_release/librail_efr32xg23_gcc_release.a(rail_rf_hal.o)
 .bss.sli_rail_93f64758baf60907f96fa3736d8c95be
                0x20009080        0x4 C:/Users/mbersalona/SimplicityStudio/SDKs/simplicity_sdk//platform/radio/rail_lib/autogen/librail_release/librail_efr32xg23_gcc_release.a(rail_rf_hal.o)
 .bss.sli_rail_2c64439bef0520ed6b99a1cb60a3db45
                0x20009084        0x4 C:/Users/mbersalona/SimplicityStudio/SDKs/simplicity_sdk//platform/radio/rail_lib/autogen/librail_release/librail_efr32xg23_gcc_release.a(rail_rf_hal.o)
 .bss.sli_rail_f220d21fdb41383218da79e92497d6e0
                0x20009088        0x4 C:/Users/mbersalona/SimplicityStudio/SDKs/simplicity_sdk//platform/radio/rail_lib/autogen/librail_release/librail_efr32xg23_gcc_release.a(rail_rf_hal.o)
 .bss.sli_rail_e547315ea5b6d0aaa7cc739ff29cd150
                0x2000908c        0x4 C:/Users/mbersalona/SimplicityStudio/SDKs/simplicity_sdk//platform/radio/rail_lib/autogen/librail_release/librail_efr32xg23_gcc_release.a(rail_rf_hal.o)
 .bss.sli_rail_ed16766c587fa63e77da03f1b51ef62a
                0x20009090        0x4 C:/Users/mbersalona/SimplicityStudio/SDKs/simplicity_sdk//platform/radio/rail_lib/autogen/librail_release/librail_efr32xg23_gcc_release.a(rail_rf_hal.o)
 .bss.sli_rail_8b603bfacbd416d9fed4157d0fe5952f
                0x20009094        0x4 C:/Users/mbersalona/SimplicityStudio/SDKs/simplicity_sdk//platform/radio/rail_lib/autogen/librail_release/librail_efr32xg23_gcc_release.a(rail_rf_hal.o)
 .bss.sli_rail_e596de4f8292ec5a59bf4d802ccf94ce
                0x20009098        0x4 C:/Users/mbersalona/SimplicityStudio/SDKs/simplicity_sdk//platform/radio/rail_lib/autogen/librail_release/librail_efr32xg23_gcc_release.a(rail_rf_hal.o)
 .bss.sli_rail_a38a6265fbc5cbe2cc3228410b65ace5
                0x2000909c        0x4 C:/Users/mbersalona/SimplicityStudio/SDKs/simplicity_sdk//platform/radio/rail_lib/autogen/librail_release/librail_efr32xg23_gcc_release.a(rail_rf_hal.o)
                0x2000909c                sli_rail_a38a6265fbc5cbe2cc3228410b65ace5
 .bss.sli_rail_8f37366a83d91796f4530c9a738a5351
                0x200090a0       0x18 C:/Users/mbersalona/SimplicityStudio/SDKs/simplicity_sdk//platform/radio/rail_lib/autogen/librail_release/librail_efr32xg23_gcc_release.a(rail_zwave_rf_hal.o)
 .bss.sli_rail_9f77f009069f2cebe1291e3784a404f3
                0x200090b8       0x90 C:/Users/mbersalona/SimplicityStudio/SDKs/simplicity_sdk//platform/radio/rail_lib/autogen/librail_release/librail_efr32xg23_gcc_release.a(rail_zwave_rf_hal.o)
 .bss.sli_rail_ce367785a3aa90abac9b731649ecec60
                0x20009148       0x14 C:/Users/mbersalona/SimplicityStudio/SDKs/simplicity_sdk//platform/radio/rail_lib/autogen/librail_release/librail_efr32xg23_gcc_release.a(rfhal_ircal.o)
                0x20009148                sli_rail_ce367785a3aa90abac9b731649ecec60
 .bss.sli_rail_101f4b3f7ec22758e9c3af4867b037bf
                0x2000915c        0x4 C:/Users/mbersalona/SimplicityStudio/SDKs/simplicity_sdk//platform/radio/rail_lib/autogen/librail_release/librail_efr32xg23_gcc_release.a(rfhal_bufc.o)
 .bss.sli_rail_8bcb7082e48e6ff370e12cbf831416d4
                0x20009160        0x4 C:/Users/mbersalona/SimplicityStudio/SDKs/simplicity_sdk//platform/radio/rail_lib/autogen/librail_release/librail_efr32xg23_gcc_release.a(rfhal_pa.o)
 .bss.sli_rail_a6f5c273b65932798e9fe42a4135c816
                0x20009164        0x4 C:/Users/mbersalona/SimplicityStudio/SDKs/simplicity_sdk//platform/radio/rail_lib/autogen/librail_release/librail_efr32xg23_gcc_release.a(rfhal_pa.o)
 .bss.sli_rail_a7ecbdc9460bec98d7781dd81a879a8b
                0x20009168       0x14 C:/Users/mbersalona/SimplicityStudio/SDKs/simplicity_sdk//platform/radio/rail_lib/autogen/librail_release/librail_efr32xg23_gcc_release.a(rfhal_pti.o)
 .bss.sli_rail_77815a23ee974b1b058991f6802f3a27
                0x2000917c        0x4 C:/Users/mbersalona/SimplicityStudio/SDKs/simplicity_sdk//platform/radio/rail_lib/autogen/librail_release/librail_efr32xg23_gcc_release.a(rfhal_protimer.o)
                0x2000917c                sli_rail_77815a23ee974b1b058991f6802f3a27
 .bss.sli_rail_963948127b9538f75edea1b8ad37a2a1
                0x20009180        0x4 C:/Users/mbersalona/SimplicityStudio/SDKs/simplicity_sdk//platform/radio/rail_lib/autogen/librail_release/librail_efr32xg23_gcc_release.a(rfhal_protimer.o)
 .bss.sli_rail_ba76bc65df776304e41de87b98615d59
                0x20009184        0x4 C:/Users/mbersalona/SimplicityStudio/SDKs/simplicity_sdk//platform/radio/rail_lib/autogen/librail_release/librail_efr32xg23_gcc_release.a(rfhal_protimer.o)
                0x20009184                sli_rail_ba76bc65df776304e41de87b98615d59
 .bss.sli_rail_b12f64a1631cb80aaba93bc7e62c5401
                0x20009188        0x4 C:/Users/mbersalona/SimplicityStudio/SDKs/simplicity_sdk//platform/radio/rail_lib/autogen/librail_release/librail_efr32xg23_gcc_release.a(rfhal_protimer.o)
                0x20009188                sli_rail_b12f64a1631cb80aaba93bc7e62c5401
 .bss.sli_rail_cd01ef0a536530215319ced12540ac0b
                0x2000918c        0x4 C:/Users/mbersalona/SimplicityStudio/SDKs/simplicity_sdk//platform/radio/rail_lib/autogen/librail_release/librail_efr32xg23_gcc_release.a(rfhal_protimer.o)
                0x2000918c                sli_rail_cd01ef0a536530215319ced12540ac0b
 .bss.sli_rail_28b654493fd84ce3d4a1eafa51d2de06
                0x20009190        0x4 C:/Users/mbersalona/SimplicityStudio/SDKs/simplicity_sdk//platform/radio/rail_lib/autogen/librail_release/librail_efr32xg23_gcc_release.a(rfhal_protimer.o)
                0x20009190                sli_rail_28b654493fd84ce3d4a1eafa51d2de06
 .bss.sli_rail_053617c4332bb6c7cf6732ee3488f196
                0x20009194       0x30 C:/Users/mbersalona/SimplicityStudio/SDKs/simplicity_sdk//platform/radio/rail_lib/autogen/librail_release/librail_efr32xg23_gcc_release.a(rfhal_radio.o)
 .bss.sli_rail_87060312697d31886d06904a4d287474
                0x200091c4        0x4 C:/Users/mbersalona/SimplicityStudio/SDKs/simplicity_sdk//platform/radio/rail_lib/autogen/librail_release/librail_efr32xg23_gcc_release.a(rfhal_rfeca.o)
 .bss.sli_rail_46885ee79bb18df54fe729cfba8e607b
                0x200091c8        0x4 C:/Users/mbersalona/SimplicityStudio/SDKs/simplicity_sdk//platform/radio/rail_lib/autogen/librail_release/librail_efr32xg23_gcc_release.a(rfhal_synth.o)
                0x200091c8                sli_rail_46885ee79bb18df54fe729cfba8e607b
 .bss.sli_rail_d2c542bf069f46066a28f843ca3ff78f
                0x200091cc        0x4 C:/Users/mbersalona/SimplicityStudio/SDKs/simplicity_sdk//platform/radio/rail_lib/autogen/librail_release/librail_efr32xg23_gcc_release.a(rfhal_synth.o)
                0x200091cc                sli_rail_d2c542bf069f46066a28f843ca3ff78f
 .bss.sli_rail_e0ef4487ab4804a5fea3180e903f26d5
                0x200091d0        0x4 C:/Users/mbersalona/SimplicityStudio/SDKs/simplicity_sdk//platform/radio/rail_lib/autogen/librail_release/librail_efr32xg23_gcc_release.a(rfhal_synth.o)
 .bss.sli_rail_1735c4d38e84f6ce03a9829499886986
                0x200091d4        0x4 C:/Users/mbersalona/SimplicityStudio/SDKs/simplicity_sdk//platform/radio/rail_lib/autogen/librail_release/librail_efr32xg23_gcc_release.a(rfhal_timings.o)
 .bss.sli_rail_f9bca167b18e7011edfdb6d3ce9531c6
                0x200091d8       0x10 C:/Users/mbersalona/SimplicityStudio/SDKs/simplicity_sdk//platform/radio/rail_lib/autogen/librail_release/librail_efr32xg23_gcc_release.a(rfhal_timings.o)
 .bss.sli_rail_9c2a5a1193e307c22559a2580488663c
                0x200091e8        0x4 C:/Users/mbersalona/SimplicityStudio/SDKs/simplicity_sdk//platform/radio/rail_lib/autogen/librail_release/librail_efr32xg23_gcc_release.a(rfhal_timings.o)
 .bss.sli_rail_e313b55611f42bb8fd6c98edfa75cd8f
                0x200091ec        0x4 C:/Users/mbersalona/SimplicityStudio/SDKs/simplicity_sdk//platform/radio/rail_lib/autogen/librail_release/librail_efr32xg23_gcc_release.a(generic_phy.o)
                0x200091ec                sli_rail_e313b55611f42bb8fd6c98edfa75cd8f
 .bss.sli_rail_42987b2d051e27bbd12feb66e8f8ca45
                0x200091f0        0x4 C:/Users/mbersalona/SimplicityStudio/SDKs/simplicity_sdk//platform/radio/rail_lib/autogen/librail_release/librail_efr32xg23_gcc_release.a(generic_phy.o)
 .bss.sli_rail_af3c6973dddd532ce508e3f9924571a4
                0x200091f4        0x4 C:/Users/mbersalona/SimplicityStudio/SDKs/simplicity_sdk//platform/radio/rail_lib/autogen/librail_release/librail_efr32xg23_gcc_release.a(rail_singleprotocol.o)
 .bss.RAIL_ActiveHandle
                0x200091f8        0x4 C:/Users/mbersalona/SimplicityStudio/SDKs/simplicity_sdk//platform/radio/rail_lib/autogen/librail_release/librail_efr32xg23_gcc_release.a(rail_singleprotocol.o)
                0x200091f8                RAIL_ActiveHandle
 .bss.sli_rail_assert_rail_handle
                0x200091fc        0x4 C:/Users/mbersalona/SimplicityStudio/SDKs/simplicity_sdk//platform/radio/rail_lib/autogen/librail_release/librail_efr32xg23_gcc_release.a(rail_assert.o)
                0x200091fc                sli_rail_assert_rail_handle
 .bss.sli_rail_assert_line_number
                0x20009200        0x4 C:/Users/mbersalona/SimplicityStudio/SDKs/simplicity_sdk//platform/radio/rail_lib/autogen/librail_release/librail_efr32xg23_gcc_release.a(rail_assert.o)
                0x20009200                sli_rail_assert_line_number
 .bss.sli_rail_246b433d92658e50defa7861b317139f
                0x20009204       0x18 C:/Users/mbersalona/SimplicityStudio/SDKs/simplicity_sdk//platform/radio/rail_lib/autogen/librail_release/librail_efr32xg23_gcc_release.a(rfhal_signing.o)
 .bss.sli_rail_984a073d072f71c72895558117076777
                0x2000921c       0x18 C:/Users/mbersalona/SimplicityStudio/SDKs/simplicity_sdk//platform/radio/rail_lib/autogen/librail_release/librail_efr32xg23_gcc_release.a(rfhal_radio.o)
 .bss.completed.1
                0x20009234        0x1 c:/siliconlabs/simplicitystudio/v5/developer/toolchains/gnu_arm/12.2.rel1_2023.7/bin/../lib/gcc/arm-none-eabi/12.2.1/thumb/v8-m.main+fp/hard/crtbegin.o
 .bss.sli_rail_410f40085c333379a68aa72c7f5fe55e
                0x20009235        0x1 C:/Users/mbersalona/SimplicityStudio/SDKs/simplicity_sdk//platform/radio/rail_lib/autogen/librail_release/librail_efr32xg23_gcc_release.a(rail_power_manager.o)
 .bss.sli_rail_d65d23c2b23fdd806a6e8f3e64b0323d
                0x20009236        0x1 C:/Users/mbersalona/SimplicityStudio/SDKs/simplicity_sdk//platform/radio/rail_lib/autogen/librail_release/librail_efr32xg23_gcc_release.a(rail_power_manager.o)
 .bss.sli_rail_61af0a7c75316b90cbcd8fa25d8ab561
                0x20009237        0x1 C:/Users/mbersalona/SimplicityStudio/SDKs/simplicity_sdk//platform/radio/rail_lib/autogen/librail_release/librail_efr32xg23_gcc_release.a(rail_power_manager.o)
 .bss.sli_rail_aa6a27b2d33ee099d3bcb8c9cc528c7f
                0x20009238        0x1 C:/Users/mbersalona/SimplicityStudio/SDKs/simplicity_sdk//platform/radio/rail_lib/autogen/librail_release/librail_efr32xg23_gcc_release.a(rail_power_manager.o)
 .bss.sli_rail_b8fbc7affa20b169b7320e9641707b1c
                0x20009239        0x1 C:/Users/mbersalona/SimplicityStudio/SDKs/simplicity_sdk//platform/radio/rail_lib/autogen/librail_release/librail_efr32xg23_gcc_release.a(rail_rf_hal.o)
 .bss.sli_rail_ddd7021e29438233bf3423dae0e19506
                0x2000923a        0x1 C:/Users/mbersalona/SimplicityStudio/SDKs/simplicity_sdk//platform/radio/rail_lib/autogen/librail_release/librail_efr32xg23_gcc_release.a(rail_rf_hal.o)
 .bss.sli_rail_08d1a986c4d60bf6ed7ab6ba0f7c8b79
                0x2000923b        0x1 C:/Users/mbersalona/SimplicityStudio/SDKs/simplicity_sdk//platform/radio/rail_lib/autogen/librail_release/librail_efr32xg23_gcc_release.a(rail_rf_hal.o)
 .bss.sli_rail_aa9871042d83d383c8f35ed1d86b8c36
                0x2000923c        0x1 C:/Users/mbersalona/SimplicityStudio/SDKs/simplicity_sdk//platform/radio/rail_lib/autogen/librail_release/librail_efr32xg23_gcc_release.a(rail_rf_hal.o)
 .bss.sli_rail_1c9996808063ec3a572377845e362c1c
                0x2000923d        0x1 C:/Users/mbersalona/SimplicityStudio/SDKs/simplicity_sdk//platform/radio/rail_lib/autogen/librail_release/librail_efr32xg23_gcc_release.a(rail_rf_hal.o)
                0x2000923d                sli_rail_1c9996808063ec3a572377845e362c1c
 .bss.sli_rail_788a850e8c59ec185d8b5df36a1937cc
                0x2000923e        0x1 C:/Users/mbersalona/SimplicityStudio/SDKs/simplicity_sdk//platform/radio/rail_lib/autogen/librail_release/librail_efr32xg23_gcc_release.a(rail_rf_hal.o)
 .bss.sli_rail_3bec0d24969be2f44ae349fea7b609db
                0x2000923f        0x1 C:/Users/mbersalona/SimplicityStudio/SDKs/simplicity_sdk//platform/radio/rail_lib/autogen/librail_release/librail_efr32xg23_gcc_release.a(rfhal_ircal.o)
 .bss.sli_rail_7349df7e1a216460766beef62f1393b6
                0x20009240        0x1 C:/Users/mbersalona/SimplicityStudio/SDKs/simplicity_sdk//platform/radio/rail_lib/autogen/librail_release/librail_efr32xg23_gcc_release.a(rfhal_antenna.o)
 .bss.sli_rail_86450f8ce4f4757f74815d8efbf29cba
                0x20009241        0x1 C:/Users/mbersalona/SimplicityStudio/SDKs/simplicity_sdk//platform/radio/rail_lib/autogen/librail_release/librail_efr32xg23_gcc_release.a(rfhal_pa.o)
 .bss.sli_rail_4f035f7b636407302a73e486ed07742f
                0x20009242        0x1 C:/Users/mbersalona/SimplicityStudio/SDKs/simplicity_sdk//platform/radio/rail_lib/autogen/librail_release/librail_efr32xg23_gcc_release.a(rfhal_pa.o)
                0x20009242                sli_rail_4f035f7b636407302a73e486ed07742f
 .bss.sli_rail_4faa7d5d81fd9c1006f9e5e2bda93984
                0x20009243        0x1 C:/Users/mbersalona/SimplicityStudio/SDKs/simplicity_sdk//platform/radio/rail_lib/autogen/librail_release/librail_efr32xg23_gcc_release.a(rfhal_pa.o)
 .bss.sli_rail_ca93d10fbac202c6d87c88a8ed8c25d9
                0x20009244        0x1 C:/Users/mbersalona/SimplicityStudio/SDKs/simplicity_sdk//platform/radio/rail_lib/autogen/librail_release/librail_efr32xg23_gcc_release.a(rfhal_pti.o)
 .bss.sli_rail_d44ce05629f0f82a46113aea09cf992c
                0x20009245        0x1 C:/Users/mbersalona/SimplicityStudio/SDKs/simplicity_sdk//platform/radio/rail_lib/autogen/librail_release/librail_efr32xg23_gcc_release.a(rfhal_pti.o)
 .bss.sli_rail_e557063ab17d1848a26f3a64413bbbf6
                0x20009246        0x8 C:/Users/mbersalona/SimplicityStudio/SDKs/simplicity_sdk//platform/radio/rail_lib/autogen/librail_release/librail_efr32xg23_gcc_release.a(rfhal_protimer.o)
                0x20009246                sli_rail_e557063ab17d1848a26f3a64413bbbf6
 .bss.sli_rail_0d06f1ee4ad18ea63440e3dab85db2cd
                0x2000924e        0x1 C:/Users/mbersalona/SimplicityStudio/SDKs/simplicity_sdk//platform/radio/rail_lib/autogen/librail_release/librail_efr32xg23_gcc_release.a(rfhal_protimer.o)
 .bss.sli_rail_3afeac5da3f1a30165bcfb5058815135
                0x2000924f        0x1 C:/Users/mbersalona/SimplicityStudio/SDKs/simplicity_sdk//platform/radio/rail_lib/autogen/librail_release/librail_efr32xg23_gcc_release.a(rfhal_rfeca.o)
 .bss.sli_rail_48fc4153111ce02d77bed71037c5db4c
                0x20009250        0x1 C:/Users/mbersalona/SimplicityStudio/SDKs/simplicity_sdk//platform/radio/rail_lib/autogen/librail_release/librail_efr32xg23_gcc_release.a(rfhal_trustzone.o)
                0x20009250                sli_rail_48fc4153111ce02d77bed71037c5db4c
 .bss.sli_rail_ad6c515376a389eda8c30c522717e072
                0x20009251        0x1 C:/Users/mbersalona/SimplicityStudio/SDKs/simplicity_sdk//platform/radio/rail_lib/autogen/librail_release/librail_efr32xg23_gcc_release.a(rfhal_synth.o)
 .bss.sli_rail_6cf2f9197fb5f6edf13161a4a83566f7
                0x20009252        0x1 C:/Users/mbersalona/SimplicityStudio/SDKs/simplicity_sdk//platform/radio/rail_lib/autogen/librail_release/librail_efr32xg23_gcc_release.a(rfhal_mailbox.o)
                0x20009252                sli_rail_6cf2f9197fb5f6edf13161a4a83566f7
 .bss.sli_rail_12069b73fc4ad22f7e0efeeaf4d72db1
                0x20009253        0x2 C:/Users/mbersalona/SimplicityStudio/SDKs/simplicity_sdk//platform/radio/rail_lib/autogen/librail_release/librail_efr32xg23_gcc_release.a(generic_phy.o)
 .bss.sli_rail_e6aee15ae7814f2f54e328c05aba128b
                0x20009255        0x1 C:/Users/mbersalona/SimplicityStudio/SDKs/simplicity_sdk//platform/radio/rail_lib/autogen/librail_release/librail_efr32xg23_gcc_release.a(generic_phy.o)
 .bss.sli_rail_040353de6a60303cbe8462a9a7e732b2
                0x20009256        0x1 C:/Users/mbersalona/SimplicityStudio/SDKs/simplicity_sdk//platform/radio/rail_lib/autogen/librail_release/librail_efr32xg23_gcc_release.a(generic_phy.o)
                0x20009256                sli_rail_040353de6a60303cbe8462a9a7e732b2
 .bss.sli_rail_83734be183caaa01d42e459088f1f91f
                0x20009257        0x1 C:/Users/mbersalona/SimplicityStudio/SDKs/simplicity_sdk//platform/radio/rail_lib/autogen/librail_release/librail_efr32xg23_gcc_release.a(generic_phy.o)
 .bss.sli_rail_0c722850fa703c7396a762b97dcdc47e
                0x20009258        0x1 C:/Users/mbersalona/SimplicityStudio/SDKs/simplicity_sdk//platform/radio/rail_lib/autogen/librail_release/librail_efr32xg23_gcc_release.a(generic_phy.o)
 .bss.sli_rail_0c38576adf8db7eb0672207aa84c11cf
                0x20009259        0x1 C:/Users/mbersalona/SimplicityStudio/SDKs/simplicity_sdk//platform/radio/rail_lib/autogen/librail_release/librail_efr32xg23_gcc_release.a(generic_phy.o)
 .bss.sli_rail_ecb9f3f5a3454d17e04468f1ac1c0956
                0x2000925a        0x1 C:/Users/mbersalona/SimplicityStudio/SDKs/simplicity_sdk//platform/radio/rail_lib/autogen/librail_release/librail_efr32xg23_gcc_release.a(generic_phy.o)
 .bss.sli_rail_4b72faa85e26b531f083bbbb46531f17
                0x2000925b        0x1 C:/Users/mbersalona/SimplicityStudio/SDKs/simplicity_sdk//platform/radio/rail_lib/autogen/librail_release/librail_efr32xg23_gcc_release.a(generic_phy.o)
 .bss.sli_rail_d25f20e5b6d9231049127162f5e67fbc
                0x2000925c        0x1 C:/Users/mbersalona/SimplicityStudio/SDKs/simplicity_sdk//platform/radio/rail_lib/autogen/librail_release/librail_efr32xg23_gcc_release.a(rfhal_signing.o)
 *(COMMON)
                0x20009260                . = ALIGN (0x20)
 *fill*         0x2000925d        0x3 
                0x20009260                __bss_end__ = .

.noinit
 *(.noinit*)

text_application_ram
                0x20009260      0x120 load address 0x08006180
                0x20009260                . = ALIGN (0x20)
                0x20009260                __vma_ramfuncs_start__ = .
                0x20009260                __text_application_ram_start__ = .
 *(text_application_ram)
 text_application_ram
                0x20009260      0x110 C:\Users\mbersalona\AppData\Local\Temp\ccAvmQgm.ltrans0.ltrans.o
                0x200092b4                MSC_WriteWord
                0x20009380                . = ALIGN (0x20)
 *fill*         0x20009370       0x10 
                0x20009380                __vma_ramfuncs_end__ = .
                0x20009380                __text_application_ram_end__ = .
                0x08006180                __lma_ramfuncs_start__ = LOADADDR (text_application_ram)
                0x080062a0                __lma_ramfuncs_end__ = (LOADADDR (text_application_ram) + SIZEOF (text_application_ram))

.rodata         0x080062a0      0x448
                0x080062a0                __start_zw_protocol_cmd_handlers = .
 *(zw_protocol_cmd_handlers)
 zw_protocol_cmd_handlers
                0x080062a0       0xe8 C:\Users\mbersalona\AppData\Local\Temp\ccAvmQgm.ltrans3.ltrans.o
                0x08006388                __stop_zw_protocol_cmd_handlers = .
                0x08006388                __start_zw_protocol_cmd_handlers_lr = .
 *(zw_protocol_cmd_handlers_lr)
 zw_protocol_cmd_handlers_lr
                0x08006388       0x50 C:\Users\mbersalona\AppData\Local\Temp\ccAvmQgm.ltrans3.ltrans.o
                0x080063d8                __stop_zw_protocol_cmd_handlers_lr = .
                0x080063d8                __start_zw_cmd_handlers = .
 *(zw_cmd_handlers)
 zw_cmd_handlers
                0x080063d8      0x310 C:\Users\mbersalona\AppData\Local\Temp\ccAvmQgm.ltrans0.ltrans.o
                0x080066e8                __stop_zw_cmd_handlers = .
                0x080066e8                __rodata_end__ = .

.text           0x080066f0    0x31e20
                0x080066f0                linker_code_begin = .
 *(SORT_BY_ALIGNMENT(.text*))
 .text          0x080066f0        0x8 ./simplicity_sdk_2025.6.2/platform/service/udelay/src/sl_udelay_armv6m_gcc.o
                0x080066f0                sli_delay_loop
 .text          0x080066f8     0x3c1c C:\Users\mbersalona\AppData\Local\Temp\ccAvmQgm.ltrans1.ltrans.o
                0x080066f8                MemManage_Handler
                0x0800671c                threading_mutex_fail.lto_priv.0
                0x08006722                threading_mutex_dummy.lto_priv.0
                0x0800674c                THREADING_TakeMutexBlocking.lto_priv.0
                0x08006778                EventHandlerZwRx.lto_priv.0
                0x08006eb0                RemoveFailedNodeIDCB.lto_priv.0
                0x08006ed4                ReplaceFailedNodeIDCB.lto_priv.0
                0x08006ef8                ZCB_RequestNodeNeighborUpdate.lto_priv.0
                0x08006f26                ZCB_RequestNodeTypeNeighborUpdate.lto_priv.0
                0x08006f54                ZCB_NetworkManagementCallback.lto_priv.0
                0x08006f94                ZCB_SetSlaveLearnModeCallback.lto_priv.0
                0x08006fd0                RAIL_ConvertRawToDbm
                0x08007094                __NVIC_SetPriority.lto_priv.0
                0x080070bc                sl_memory_free
                0x080072ac                _sbrk
                0x080072ae                __wrap__malloc_r
                0x080072c4                __wrap__free_r
                0x080072c8                __wrap__calloc_r
                0x080072f2                mbedtls_psa_random_free.lto_priv.0
                0x080072f2                sli_memory_metadata_init
                0x080072f2                mbedtls_psa_random_init.lto_priv.0
                0x080072fa                sli_update_free_list_heads
                0x0800737a                __wrap__realloc_r
                0x080075b8                ARM_MPU_Disable.lto_priv.0
                0x080075e0                sli_power_manager_set_high_accuracy_hf_clock_as_used
                0x080075ec                HFXO0_IRQHandler
                0x08007734                sl_udelay_wait
                0x08007778                ZAF_nvm_app_read
                0x0800778c                ZAF_nvm_app_write
                0x080077a0                vPortValidateInterruptPriority
                0x080077bc                prvTaskExitError.lto_priv.0
                0x080077dc                AppTimerDeepSleepPersistentSaveAll
                0x08007868                AppTimerDeepSleepCallbackWrapper
                0x0800788c                THREADING_FreeMutex.lto_priv.0
                0x08007af4                SEMBRX_IRQHandler
                0x08007b74                swo_write.lto_priv.0
                0x08007d1c                xIsPrivileged
                0x08007d2c                vResetPrivilege
                0x08007d3a                sli_psec_osal_init_lock.lto_priv.0.lto_priv.0
                0x08007d3a                sli_psec_osal_init_lock.lto_priv.1.lto_priv.0
                0x08007d5a                THREADING_InitMutex.lto_priv.0
                0x08007d5c                sl_se_init
                0x08007e38                psa_get_initialized.lto_priv.0
                0x08007e84                SyncEventInvoke
                0x08007e92                SyncEventArg1Invoke
                0x08007ea6                EventHandlerZwCommandStatus.lto_priv.0
                0x08007fe4                ZW_NodeMaskSetBit
                0x08008010                ZW_NodeMaskClearBit
                0x08008042                ZW_NodeMaskNodeIn
                0x08008078                ZW_NodeMaskClear.part.0
                0x08008080                ZW_NodeMaskBitsIn.part.0
                0x080080a6                ZW_NodeMaskGetNextNodeIndex.part.0
                0x0800861c                QueueNotifyingSendToBack
                0x0800864c                TimerIsActive
                0x08008684                TimerLiaisonNotificationHandler
                0x080086c0                AppTimerNotificationHandler
                0x080086c8                TimerLiaisonClearPendingTimerEvent
                0x080086e8                TimerLiaisonRegister
                0x08008790                ZW_SetRFReceiveMode
                0x08008834                ZW_mainDeepSleepPowerLockEnable
                0x08008858                ProtocolChangeRfPHYNotify
                0x0800886c                ZW_SetAppPowerDownCallback
                0x0800889c                zpal_zw_pm_event_handler
                0x0800890c                ZW_GetBackgroundRSSI
                0x08008964                SampleNoiseLevel
                0x080089fe                NoiseDetectInit
                0x08008a18                ZwaveTask
                0x08009534                ProtocolInterfaceReset
                0x08009580                THREADING_GiveMutex.lto_priv.0
                0x0800959a                sl_power_manager_subscribe_em_transition_event
                0x080095b8                sl_iostream_swo_init
                0x08009620                sl_power_manager_unsubscribe_em_transition_event
                0x08009650                sli_power_manager_update_hf_clock_settings_preservation_requirement
                0x08009698                BURTC_IRQHandler
                0x08009818                sl_sleeptimer_init
                0x08009910                __wrap_main
 .text.deregister_tm_clones
                0x0800a314       0x1c c:/siliconlabs/simplicitystudio/v5/developer/toolchains/gnu_arm/12.2.rel1_2023.7/bin/../lib/gcc/arm-none-eabi/12.2.1/thumb/v8-m.main+fp/hard/crtbegin.o
 .text.register_tm_clones
                0x0800a330       0x28 c:/siliconlabs/simplicitystudio/v5/developer/toolchains/gnu_arm/12.2.rel1_2023.7/bin/../lib/gcc/arm-none-eabi/12.2.1/thumb/v8-m.main+fp/hard/crtbegin.o
 .text.__do_global_dtors_aux
                0x0800a358       0x28 c:/siliconlabs/simplicitystudio/v5/developer/toolchains/gnu_arm/12.2.rel1_2023.7/bin/../lib/gcc/arm-none-eabi/12.2.1/thumb/v8-m.main+fp/hard/crtbegin.o
 .text.frame_dummy
                0x0800a380       0x24 c:/siliconlabs/simplicitystudio/v5/developer/toolchains/gnu_arm/12.2.rel1_2023.7/bin/../lib/gcc/arm-none-eabi/12.2.1/thumb/v8-m.main+fp/hard/crtbegin.o
 .text          0x0800a3a4       0x7c c:/siliconlabs/simplicitystudio/v5/developer/toolchains/gnu_arm/12.2.rel1_2023.7/bin/../lib/gcc/arm-none-eabi/12.2.1/thumb/v8-m.main+fp/hard/crt0.o
                0x0800a3a4                _stack_init
                0x0800a3ac                _mainCRTStartup
                0x0800a3ac                _start
 .text.exit     0x0800a420       0x24 c:/siliconlabs/simplicitystudio/v5/developer/toolchains/gnu_arm/12.2.rel1_2023.7/bin/../lib/gcc/arm-none-eabi/12.2.1/thumb/v8-m.main+fp/hard\libc_nano.a(libc_a-exit.o)
                0x0800a420                exit
 .text.__libc_init_array
                0x0800a444       0x48 c:/siliconlabs/simplicitystudio/v5/developer/toolchains/gnu_arm/12.2.rel1_2023.7/bin/../lib/gcc/arm-none-eabi/12.2.1/thumb/v8-m.main+fp/hard\libc_nano.a(libc_a-init.o)
                0x0800a444                __libc_init_array
 .text          0x0800a48c     0x68c8 C:\Users\mbersalona\AppData\Local\Temp\ccAvmQgm.ltrans0.ltrans.o
                0x0800a48c                ZCB_WakeupTimeout
                0x0800a8e0                nvm3_halFlashOpen.lto_priv.0
                0x0800a904                nvm3_halFlashClose.lto_priv.0
                0x0800a928                nvm3_halFlashAccess.lto_priv.0
                0x0800ac26                nvm3_halFlashPageErase.lto_priv.0
                0x0800b2b0                ZCB_ComplHandler_ZW_NodeManagement
                0x0800b984                nvm3_halFlashReadWords.lto_priv.0
                0x0800c08a                Reset_Handler
                0x0800c164                DoRespond
                0x0800ceb8                ApplicationNodeUpdate
                0x0800cf36                set_expect_bytes.lto_priv.0
                0x0800d1f8                ObjectExist.lto_priv.0
                0x0800d370                GetCommandResponse
                0x0800e0e2                QueueProtocolCommand
                0x0800e1a8                CORE_ResetSystem
                0x0800e1cc                _close
                0x0800e1d2                _exit
                0x0800e1d4                _lseek
                0x0800e1d8                _read
                0x0800e1dc                _write
                0x0800e1e0                sl_gpio_set_pin
                0x0800e238                sl_gpio_clear_pin
                0x0800e2d8                thrSoftMinimum.lto_priv.0
                0x0800e2f8                getFirstObjAdrInNextGoodPage.lto_priv.0
                0x0800ea68                eraseAllPages.lto_priv.0
                0x0800eae2                workBegin.lto_priv.0
                0x0800eafc                nvm3_objHdrGetDatLen
                0x0800ede0                findObj.lto_priv.0
                0x0800f06c                nvm3_readData
                0x0800f0f0                nvm3_getObjectInfo
                0x0800f264                repackWorker.lto_priv.0
                0x0800f3ec                initialize.lto_priv.0
                0x0800f664                nvm3_open
                0x0800f904                enumObjects.lto_priv.0
                0x0800fa40                nvm3_writeData
                0x0800fb88                nvm3_deleteObject
                0x0800fbf4                BURTC_SyncWait.lto_priv.0.lto_priv.0
                0x0800fbf4                BURTC_SyncWait.lto_priv.1.lto_priv.0
                0x0800fc08                BUS_RegMaskedWrite.lto_priv.0.lto_priv.0
                0x0800fc08                BUS_RegMaskedWrite.lto_priv.1.lto_priv.0
                0x0800fc24                sl_gpio_set_pin_mode
                0x0800fd50                EMU_VScaleGet.lto_priv.0.lto_priv.0
                0x0800fd50                EMU_VScaleGet.lto_priv.1.lto_priv.0
                0x0800fd68                CMU_ClockEnable
                0x0800fd9c                CMU_HFXOCTuneSet
                0x0800fe0c                CMU_HFXOCTuneGet
                0x0800fe58                CMU_HFXOCTuneDeltaSet
                0x0800fe64                CMU_HFXOCTuneDeltaGet
                0x0800fe70                CMU_HFXOCoreBiasCurrentCalibrate
                0x0800fecc                em01GrpcClkGet.lto_priv.0
                0x0800ff34                em23GrpaClkGet.lto_priv.0
                0x0800ff74                CMU_ClockFreqGet
                0x08010304                rhclkPrescOptimize.lto_priv.0
                0x08010324                flashWaitStateControl.lto_priv.0
                0x0801037c                sli_em_cmu_SYSCLKInitPreClockSelect
                0x080103bc                pclkDivOptimize.lto_priv.0
                0x080103e8                sli_em_cmu_SYSCLKInitPostClockSelect
                0x08010438                EMU_DCDCSync.lto_priv.0
                0x08010448                EMU_DCDCSetPFMXTimeoutMaxCtrl
                0x0801049c                LDMA_StartTransfer
                0x08010a0a                LDMA_TransferDone
                0x08010a40                Initiate_shutdown_cb.lto_priv.1
                0x08010a70                nvm3_halFlashWriteWords.lto_priv.0
                0x08010aa0                PRS_SourceAsyncSignalSet
                0x08010abc                PRS_GetFreeChannel
                0x08010af4                PRS_ConnectConsumer
                0x08010b0c                SYSTEM_ChipRevisionGet
                0x08010b30                nvm3_halFlashGetInfo.lto_priv.0
                0x08010b64                sl_railcb_convert_ddbm_to_power_setting_entry
                0x08010b68                RAIL_ConvertDbmToRaw
 .text.startup  0x08010d54     0x10d8 C:\Users\mbersalona\AppData\Local\Temp\ccAvmQgm.ltrans0.ltrans.o
                0x08010d54                main
 .text          0x08011e2c     0x5f84 C:\Users\mbersalona\AppData\Local\Temp\ccAvmQgm.ltrans2.ltrans.o
                0x08011e2c                ProtocolInterfaceSucNodeIdSet
                0x08012054                constructNotApplicable.lto_priv.0
                0x08012178                notApplicableFrameHandler.lto_priv.0
                0x08012314                ZCB_LearnModeStatus.lto_priv.0
                0x080127ec                ZwTimerNotificationHandler
                0x08012974                ZCB_UpdateSUCstate.lto_priv.0
                0x08012988                InclusionStateUpdate.lto_priv.0
                0x080129a0                ProtocolInterfaceHomeIdSet
                0x080129ac                llChangeLrChannelConfig
                0x08012a38                llIsHeaderFormat3ch
                0x08012a80                IsSingleCast
                0x08012aa2                IsMultiCast
                0x08012ab8                IsExplore
                0x08012ace                IsTransferAck
                0x08012af0                DoAck
                0x08012b10                IsAck
                0x08012b14                IsLowPower
                0x08012b2e                IsRouted
                0x08012b52                IsRouteErr
                0x08012b68                IsRouteAckErr
                0x08012b84                GetHeaderType
                0x08012ba0                radioFrameReceiveHandler
                0x08012c7c                SetHeaderType
                0x08012c9e                SetAck
                0x08012cc4                SetInComming
                0x08012cde                SetOutGoing
                0x08012cf8                SetRouteAck
                0x08012d12                SetRouteErr
                0x08012d2c                GetRouteLen
                0x08012d40                GetHops
                0x08012d56                IsOutgoing
                0x08012d6e                NotOutgoing
                0x08012d84                SetRouteLen
                0x08012d96                SetHops
                0x08012dbc                IsRoutedAck
                0x08012dd2                IsFrameSingleCast
                0x08012e0a                IsFrameRouted
                0x08012e3a                IsFrameAck
                0x08012e3e                GetSeqNumber
                0x08012e5c                SetRouted
                0x08012e7a                ClrRouted
                0x08012e88                ReadRepeater
                0x08012e9e                SetRepeater
                0x08012eb0                GetMulticastOffset
                0x08012ec6                GetMulticastAddrLen
                0x08012edc                GetReceiveMask
                0x08012ef2                SetWakeupBeamSpeedSrc
                0x08012f18                ClrWakeupBeamSpeedSrc
                0x08012f34                GetWakeupBeamSpeedSrc
                0x08012f52                SetExtendPresent
                0x08012f78                ClrExtendPresent
                0x08012f9e                SetExtendTypeHeader
                0x08012fae                GetExtendTypeHeader
                0x08012fc6                SetExtendLenHeader
                0x08012fde                GetExtendLenHeader
                0x08012ff4                SetExtendBodyHeader
                0x08013002                GetExtendBodyHeader
                0x0801301e                SetExtendType
                0x08013042                GetExtendType
                0x0801306e                GetExtendType2
                0x08013096                SetExtendLength
                0x080130cc                SetExtendBody
                0x080130f4                GetExtendBody
                0x0801310a                GetRoutedHeaderExtensionLen
                0x0801314e                GetRoutedAckHeaderExtensionLen
                0x08013170                GetExtendBodyAddr
                0x0801319e                GetRoutedPayloadLen
                0x0801321c                GetExplorePayload
                0x08013232                GetExplorePayloadLen
                0x0801324a                GetMulticastPayloadLen
                0x0801329c                GetSourceNodeID
                0x080132bc                SetSourceNodeIDSinglecast
                0x080132e0                GetDestinationNodeIDSinglecast
                0x08013304                SetDestinationNodeIDSinglecast
                0x08013328                GetSinglecastPayload.part.0
                0x08013354                GetSinglecastPayload
                0x08013384                GetExtendPresent.part.0
                0x0801339c                GetExtendPresent
                0x080138f0                GetRoutedPayload.part.0
                0x0801392a                GetRoutedPayload
                0x08013956                GetMulticastPayload.part.0
                0x0801398e                GetMulticastPayload
                0x080139ac                GetRoutedAckPayload.part.0
                0x080139e6                GetRoutedAckPayload
                0x080139f2                GetRoutedAckPayloadLen.part.0
                0x08013a30                GetRoutedAckPayloadLen
                0x08013a3c                TxQueueGetFreeElement
                0x08013a8c                TransportConvertCommunicationProfiletoRxSpeed
                0x08013ab4                CheckReceivedSeqNo
                0x08013af0                IsBroadCastIdAllowed.lto_priv.0
                0x08013b6c                ZW_TransmitCallbackInvoke
                0x08013b76                ApiCallCompleted.lto_priv.0
                0x08013ba0                TxQueueInit
                0x08013c1c                ZW_Get_lr_virtual_id_type
                0x08013c40                llGetCurrentHeaderFormat
                0x08013dac                TxPermanentlyDone
                0x08013e64                TxQueueTxComplete
                0x08014030                TxQueueDoTransmit.lto_priv.0
                0x0801471c                EnQueueCommon
                0x08014bf8                EnQueueSingleData
                0x08014d8c                ZCB_MulticastCompletedFunc
                0x08014ff8                TransportEnQueueExploreFrame
                0x0801693c                AreSUCAndAssignIdle
                0x08016978                ZCB_PendingUpdateTimeout
                0x080169c0                ResetSUC.lto_priv.0
                0x08016a3c                NetWorkTimerStart.lto_priv.0
                0x08016a56                SendSUCTransferEnd.lto_priv.0
                0x08016b0c                ZCB_SUCIDSend.lto_priv.0
                0x08016b1c                ZCB_SUCTimeOut
                0x08016b64                SUCUpdateNodeInfo.lto_priv.0
                0x08016d10                InvalidateSUCRoutingSlaveList.lto_priv.0
                0x08016d52                SUCUpdateRangeInfo.lto_priv.0
                0x08016dbc                SUCUpdateControllerList.lto_priv.0
                0x08016df8                StartSUCTimer.lto_priv.0
                0x08016e0c                ZCB_SUCSendNodeUpdateCallback.lto_priv.0
                0x08016e48                ZCB_SUCUpdateCallback.lto_priv.0
                0x08016e80                ZCB_SetSUCAckFunc.lto_priv.0
                0x08016ea4                SUCSendCmdComp.lto_priv.0
                0x08016ef8                SendRouteUpdate.lto_priv.0
                0x08016fac                ZCB_deleteRoutesDone.lto_priv.0
                0x08016fbc                ProtocolInterfaceAppCommandHandler
 .text          0x08017db0     0x7274 C:\Users\mbersalona\AppData\Local\Temp\ccAvmQgm.ltrans3.ltrans.o
                0x08017e3c                ZCB_AssignSlaveComplete.lto_priv.0
                0x080181c0                ZCB_ReplicationSendCallback
                0x080184e4                Initiate_shutdown_cb.lto_priv.0
                0x08018540                PendingNodeUpdateEnd.lto_priv.0
                0x080185a8                LearnInfoCallBack.lto_priv.0
                0x080187f0                SetupsucEnabled.lto_priv.0
                0x08018810                GenerateNodeInformation
                0x080188a8                LearnSetNodesAllowed.lto_priv.0
                0x080188e4                CommandHandler
                0x080189a4                SetStaticControllerNodeId.lto_priv.0
                0x080189bc                ZW_RequestNetWorkUpdate
                0x08018a80                ZW_IsVirtualNode
                0x08018aa8                SendTestFrame
                0x08018b50                ZW_SendSlaveNodeInformation
                0x08018bd4                ZW_LrChannelConfigToUse
                0x08018bf8                ProtocolChangeRfPHY.lto_priv.0
                0x08018c24                ZCB_SetSUCAckFunc.part.0.lto_priv.0
                0x08018c24                ZCB_SUCTimeOut.part.0
                0x08018c3c                StoreNodeRouteCacheBuffer
                0x08018c78                StoreNodeRouteCacheFile
                0x08018ccc                CtrlStorageCacheCapabilitiesSpeed100kNodeSet
                0x08018cec                setToHighestBufferPrio
                0x08018d20                CtrlStorageGetRouteCache
                0x08018dd8                CtrlStorageCompareRouteCache
                0x08018e10                CtrlStorageSetRouteCache
                0x08018f70                CtrlStorageSetBridgeNodeFlag
                0x08018fc8                CtrlStorageSetRoutingSlaveSucUpdateFlag
                0x08018fe0                CtrlStorageSetAppRouteLockFlag
                0x08018ff8                CtrlStorageSaveControllerConfig
                0x0801903c                CtrlStorageGetMaxNodeId
                0x08019050                ControllerStorageSetNetworkIds
                0x0801907c                HomeIdUpdate.lto_priv.0
                0x080190b8                CtrlStorageReadBridgeNodePool
                0x080190fc                SetFile.lto_priv.0
                0x08019290                WriteDefaultSetofFiles.lto_priv.0
                0x080192bc                CtrlStorageGetSucUpdateEntry.part.0
                0x08019318                SendSUCID
                0x080194f4                DeleteMostUsed
                0x0801952c                ReverseRepeaterList
                0x08019548                LastWorkingRouteCacheCurrentLWRToggle
                0x08019574                LastWorkingRouteCacheLineExploreUpdate
                0x080195e0                LastWorkingRouteCacheLineExists
                0x080196a4                LastWorkingRouteCacheLineGet
                0x0801971c                ZW_nodeIsLRNodeID
                0x08019736                ZW_SendNodeInformation
                0x080197d8                UpdateFailedNodesList
                0x08019828                CtrlStorageCacheNodeExist
                0x0801987c                UpdateMaxNodeID.lto_priv.0
                0x080198f8                ZW_UpdateCtrlNodeInformation
                0x08019a38                CtrlStorageGetCtrlSucUpdateIndex
                0x08019a88                CtrlStorageSetCtrlSucUpdateIndex
                0x08019ca0                CtrlStorageGetNextFreeNode
                0x08019d2c                CtrlStorageGetNodeInfo
                0x08019e24                CtrlStorageListeningNodeGet
                0x08019eb0                ReportNewVirtualNode.lto_priv.0
                0x08019f68                CtrlStorageSlaveNodeGet
                0x0801a062                IsNodeRepeater
                0x0801a08c                ZW_SetRoutingInfo
                0x0801a25c                CtrlStorageSetNodeInfo
                0x0801a674                CtrlStorageLongRangeGet
                0x0801a68a                CtrlStorageNLSIsEnabled
                0x0801a6b4                ZW_nodeIsValidID
                0x0801a6c2                ZW_GetNodeProtocolInfo
                0x0801a710                PendingNodeUpdate
                0x0801a880                GetNodeType
                0x0801a8a4                GetNodeCapabilities
                0x0801aa2c                ZCB_FindNeighborComplete.lto_priv.0
                0x0801ac48                UpdateMostUsedNodes
                0x0801ad04                GetExtendedNodeCapabilities
                0x0801ad28                DoesNodeSupportSpeed
                0x0801ad82                ZW_GetRoutingInfo
                0x0801b184                RestartAnalyseRoutingTable
                0x0801b264                TransferDoneCallback
                0x0801b33c                ZCB_HasNodeANeighbour
                0x0801b37e                ZW_AreNodesNeighbours
                0x0801b3cc                InitRoutingValues
                0x0801b460                DoesRouteSupportTriedSpeed
                0x0801b49c                NextLowerSpeed
                0x0801b4d0                GetNodesSecurity
                0x0801b68c                IsNodeSensor
                0x0801b6e8                MaxCommonSpeedSupported
                0x0801b758                FindBestRouteToNode
                0x0801bdf0                ZCB_ReturnRouteTxComplete.lto_priv.0
                0x0801be10                ZW_AssignReturnRoute
                0x0801beac                ZW_DeleteReturnRoute
                0x0801c03c                EraseNodeInfo
                0x0801c0fc                DeleteNodeTimeout.lto_priv.0
                0x0801c53c                ZCB_ExcludeRequestNOPTxComplete.lto_priv.0
                0x0801c5e8                ZCB_ExcludeRequestConfirmTxComplete
                0x0801c680                ZCB_ReplicationEndsNow
                0x0801c75c                ZCB_SendTransferEnd
                0x0801c7fc                ZCB_NewControllerEnd
                0x0801c8e0                ReplicationInit
                0x0801ca4c                InternSetLearnMode
                0x0801cafc                ZW_AddNodeDskToNetwork
                0x0801cd14                ZW_AddNodeToNetwork
                0x0801cd1a                ControllerInit
                0x0801cecc                SetDefaultCmd.lto_priv.0
                0x0801d078                ZCB_LearnSlaveCallBack
                0x0801d204                ZCB_RequestIDcallback.lto_priv.0
                0x0801d394                ZCB_LearnNodeCallback
                0x0801d59c                ZCB_AssignTxComplete
                0x0801e408                RequestNodeNeighborDiscovery.lto_priv.0
                0x0801ee44                ZCB_FailedNodeTest.lto_priv.0
                0x0801ef60                ZW_RemoveFailedNode
 .text          0x0801f024     0x6ba4 C:\Users\mbersalona\AppData\Local\Temp\ccAvmQgm.ltrans4.ltrans.o
                0x0801f2ac                LDMA_IRQHandler
                0x0801f968                ZCB_ExploreComplete
                0x0801fb6c                HomeIdHashCalculate
                0x0801fbc8                GetTXPowerforLRNode
                0x0801fc40                SetTXPowerforLRNode
                0x0801fd38                ExploreQueueFrame
                0x0801fe48                ZW_ExploreRequestExclusion
                0x0801fee4                ZW_ExploreRequestInclusion
                0x08020008                NetworkManagementSmartStartClear.lto_priv.0
                0x08020018                NetworkManagementSmartStartIsEnabled.lto_priv.0
                0x0802002c                zpal_get_pseudo_random
                0x08020040                __NVIC_SystemReset.lto_priv.1
                0x080200b8                zpal_get_app_version
                0x080200c0                zpal_get_app_version_major
                0x080200c4                zpal_get_app_version_minor
                0x080200c8                zpal_get_app_version_patch
                0x080200cc                zpal_nvm_init
                0x08020168                zpal_nvm_read
                0x08020228                NetworkManagementGenerateDskpart
                0x08020268                ExploreINIF
                0x080202b4                zpal_nvm_write
                0x0802035c                zpal_nvm_get_object_size
                0x0802038e                radio_idle.lto_priv.0
                0x080203e8                radio_rf_channel_rssi_buffer_add_and_average
                0x08020432                RadioCurrentPHYChannels.lto_priv.0
                0x080204b0                RadioSetTxPower.lto_priv.0
                0x0802055c                RadioConvertRadioChannelToZWaveChannel.lto_priv.0
                0x0802058c                RadioSetRegionSettings.lto_priv.0
                0x080205c0                RadioSetupLBTThreshold.lto_priv.0
                0x080205e8                zpal_radio_is_busy
                0x0802060c                RAILCb_AssertFailed
                0x0802061c                zpal_radio_power_down
                0x08020634                zpal_radio_is_lbt_enabled
                0x08020648                zpal_radio_set_primary_long_range_channel