Archive member included to satisfy reference by file (symbol)

c:/siliconlabs/simplicitystudio/v5/developer/toolchains/gnu_arm/12.2.rel1_2023.7/bin/../lib/gcc/arm-none-eabi/12.2.1/thumb/v8-m.main+fp/hard\libc_nano.a(libc_a-exit.o)
                              c:/siliconlabs/simplicitystudio/v5/developer/toolchains/gnu_arm/12.2.rel1_2023.7/bin/../lib/gcc/arm-none-eabi/12.2.1/thumb/v8-m.main+fp/hard/crt0.o (exit)
c:/siliconlabs/simplicitystudio/v5/developer/toolchains/gnu_arm/12.2.rel1_2023.7/bin/../lib/gcc/arm-none-eabi/12.2.1/thumb/v8-m.main+fp/hard\libc_nano.a(libc_a-findfp.o)
                              c:/siliconlabs/simplicitystudio/v5/developer/toolchains/gnu_arm/12.2.rel1_2023.7/bin/../lib/gcc/arm-none-eabi/12.2.1/thumb/v8-m.main+fp/hard\libc_nano.a(libc_a-exit.o) (__stdio_exit_handler)
c:/siliconlabs/simplicitystudio/v5/developer/toolchains/gnu_arm/12.2.rel1_2023.7/bin/../lib/gcc/arm-none-eabi/12.2.1/thumb/v8-m.main+fp/hard\libc_nano.a(libc_a-fwalk.o)
                              c:/siliconlabs/simplicitystudio/v5/developer/toolchains/gnu_arm/12.2.rel1_2023.7/bin/../lib/gcc/arm-none-eabi/12.2.1/thumb/v8-m.main+fp/hard\libc_nano.a(libc_a-findfp.o) (_fwalk_sglue)
c:/siliconlabs/simplicitystudio/v5/developer/toolchains/gnu_arm/12.2.rel1_2023.7/bin/../lib/gcc/arm-none-eabi/12.2.1/thumb/v8-m.main+fp/hard\libc_nano.a(libc_a-stdio.o)
                              c:/siliconlabs/simplicitystudio/v5/developer/toolchains/gnu_arm/12.2.rel1_2023.7/bin/../lib/gcc/arm-none-eabi/12.2.1/thumb/v8-m.main+fp/hard\libc_nano.a(libc_a-findfp.o) (__sread)
c:/siliconlabs/simplicitystudio/v5/developer/toolchains/gnu_arm/12.2.rel1_2023.7/bin/../lib/gcc/arm-none-eabi/12.2.1/thumb/v8-m.main+fp/hard\libc_nano.a(libc_a-memset.o)
                              c:/siliconlabs/simplicitystudio/v5/developer/toolchains/gnu_arm/12.2.rel1_2023.7/bin/../lib/gcc/arm-none-eabi/12.2.1/thumb/v8-m.main+fp/hard/crt0.o (memset)
c:/siliconlabs/simplicitystudio/v5/developer/toolchains/gnu_arm/12.2.rel1_2023.7/bin/../lib/gcc/arm-none-eabi/12.2.1/thumb/v8-m.main+fp/hard\libc_nano.a(libc_a-closer.o)
                              c:/siliconlabs/simplicitystudio/v5/developer/toolchains/gnu_arm/12.2.rel1_2023.7/bin/../lib/gcc/arm-none-eabi/12.2.1/thumb/v8-m.main+fp/hard\libc_nano.a(libc_a-stdio.o) (_close_r)
c:/siliconlabs/simplicitystudio/v5/developer/toolchains/gnu_arm/12.2.rel1_2023.7/bin/../lib/gcc/arm-none-eabi/12.2.1/thumb/v8-m.main+fp/hard\libc_nano.a(libc_a-reent.o)
                              c:/siliconlabs/simplicitystudio/v5/developer/toolchains/gnu_arm/12.2.rel1_2023.7/bin/../lib/gcc/arm-none-eabi/12.2.1/thumb/v8-m.main+fp/hard\libc_nano.a(libc_a-closer.o) (errno)
c:/siliconlabs/simplicitystudio/v5/developer/toolchains/gnu_arm/12.2.rel1_2023.7/bin/../lib/gcc/arm-none-eabi/12.2.1/thumb/v8-m.main+fp/hard\libc_nano.a(libc_a-impure.o)
                              c:/siliconlabs/simplicitystudio/v5/developer/toolchains/gnu_arm/12.2.rel1_2023.7/bin/../lib/gcc/arm-none-eabi/12.2.1/thumb/v8-m.main+fp/hard\libc_nano.a(libc_a-reent.o) (_impure_ptr)
c:/siliconlabs/simplicitystudio/v5/developer/toolchains/gnu_arm/12.2.rel1_2023.7/bin/../lib/gcc/arm-none-eabi/12.2.1/thumb/v8-m.main+fp/hard\libc_nano.a(libc_a-lseekr.o)
                              c:/siliconlabs/simplicitystudio/v5/developer/toolchains/gnu_arm/12.2.rel1_2023.7/bin/../lib/gcc/arm-none-eabi/12.2.1/thumb/v8-m.main+fp/hard\libc_nano.a(libc_a-stdio.o) (_lseek_r)
c:/siliconlabs/simplicitystudio/v5/developer/toolchains/gnu_arm/12.2.rel1_2023.7/bin/../lib/gcc/arm-none-eabi/12.2.1/thumb/v8-m.main+fp/hard\libc_nano.a(libc_a-readr.o)
                              c:/siliconlabs/simplicitystudio/v5/developer/toolchains/gnu_arm/12.2.rel1_2023.7/bin/../lib/gcc/arm-none-eabi/12.2.1/thumb/v8-m.main+fp/hard\libc_nano.a(libc_a-stdio.o) (_read_r)
c:/siliconlabs/simplicitystudio/v5/developer/toolchains/gnu_arm/12.2.rel1_2023.7/bin/../lib/gcc/arm-none-eabi/12.2.1/thumb/v8-m.main+fp/hard\libc_nano.a(libc_a-writer.o)
                              c:/siliconlabs/simplicitystudio/v5/developer/toolchains/gnu_arm/12.2.rel1_2023.7/bin/../lib/gcc/arm-none-eabi/12.2.1/thumb/v8-m.main+fp/hard\libc_nano.a(libc_a-stdio.o) (_write_r)
c:/siliconlabs/simplicitystudio/v5/developer/toolchains/gnu_arm/12.2.rel1_2023.7/bin/../lib/gcc/arm-none-eabi/12.2.1/thumb/v8-m.main+fp/hard\libc_nano.a(libc_a-init.o)
                              c:/siliconlabs/simplicitystudio/v5/developer/toolchains/gnu_arm/12.2.rel1_2023.7/bin/../lib/gcc/arm-none-eabi/12.2.1/thumb/v8-m.main+fp/hard/crt0.o (__libc_init_array)
c:/siliconlabs/simplicitystudio/v5/developer/toolchains/gnu_arm/12.2.rel1_2023.7/bin/../lib/gcc/arm-none-eabi/12.2.1/thumb/v8-m.main+fp/hard\libc_nano.a(libc_a-lock.o)
                              c:/siliconlabs/simplicitystudio/v5/developer/toolchains/gnu_arm/12.2.rel1_2023.7/bin/../lib/gcc/arm-none-eabi/12.2.1/thumb/v8-m.main+fp/hard\libc_nano.a(libc_a-findfp.o) (__retarget_lock_init_recursive)
[...]
Memory Configuration

Name             Origin             Length             Attributes
FLASH            0x08006000         0x00078000         xr
RAM              0x20000004         0x0000fffc         xrw
BOOTLOADER_RESET_REGION 0x20000000         0x00000004         xrw
*default*        0x00000000         0xffffffff

Linker script and memory map

LOAD c:/siliconlabs/simplicitystudio/v5/developer/toolchains/gnu_arm/12.2.rel1_2023.7/bin/../lib/gcc/arm-none-eabi/12.2.1/thumb/v8-m.main+fp/hard/crti.o
LOAD c:/siliconlabs/simplicitystudio/v5/developer/toolchains/gnu_arm/12.2.rel1_2023.7/bin/../lib/gcc/arm-none-eabi/12.2.1/thumb/v8-m.main+fp/hard/crtbegin.o
LOAD c:/siliconlabs/simplicitystudio/v5/developer/toolchains/gnu_arm/12.2.rel1_2023.7/bin/../lib/gcc/arm-none-eabi/12.2.1/thumb/v8-m.main+fp/hard/crt0.o
START GROUP
LOAD c:/siliconlabs/simplicitystudio/v5/developer/toolchains/gnu_arm/12.2.rel1_2023.7/bin/../lib/gcc/arm-none-eabi/12.2.1/thumb/v8-m.main+fp/hard\libgcc.a
LOAD c:/siliconlabs/simplicitystudio/v5/developer/toolchains/gnu_arm/12.2.rel1_2023.7/bin/../lib/gcc/arm-none-eabi/12.2.1/thumb/v8-m.main+fp/hard\libc_nano.a
END GROUP
START GROUP
LOAD ./app.o
LOAD C:\Users\mbersalona\AppData\Local\Temp\cc2z3BpG.ltrans0.ltrans.o
LOAD C:\Users\mbersalona\AppData\Local\Temp\cc2z3BpG.ltrans1.ltrans.o
LOAD C:\Users\mbersalona\AppData\Local\Temp\cc2z3BpG.ltrans2.ltrans.o
LOAD C:\Users\mbersalona\AppData\Local\Temp\cc2z3BpG.ltrans3.ltrans.o
LOAD C:\Users\mbersalona\AppData\Local\Temp\cc2z3BpG.ltrans4.ltrans.o
LOAD C:\Users\mbersalona\AppData\Local\Temp\ccfu9ItM.debug.temp.o
LOAD C:\Users\mbersalona\AppData\Local\Temp\ccSbpXnB.debug.temp.o
LOAD C:\Users\mbersalona\AppData\Local\Temp\ccj9PPmq.debug.temp.o
LOAD C:\Users\mbersalona\AppData\Local\Temp\cc8AUpcf.debug.temp.o
LOAD C:\Users\mbersalona\AppData\Local\Temp\ccfCyZd3.debug.temp.o
LOAD C:\Users\mbersalona\AppData\Local\Temp\cc8L0EjR.debug.temp.o
LOAD C:\Users\mbersalona\AppData\Local\Temp\ccJq7WbF.debug.temp.o
LOAD C:\Users\mbersalona\AppData\Local\Temp\ccQZmZut.debug.temp.o
LOAD C:\Users\mbersalona\AppData\Local\Temp\ccJLwFSh.debug.temp.o
LOAD C:\Users\mbersalona\AppData\Local\Temp\ccqt1Po5.debug.temp.o
LOAD C:\Users\mbersalona\AppData\Local\Temp\ccn1AjLW.debug.temp.o
LOAD C:\Users\mbersalona\AppData\Local\Temp\ccYHsPyO.debug.temp.o
LOAD C:\Users\mbersalona\AppData\Local\Temp\ccVNDLcG.debug.temp.o
LOAD C:\Users\mbersalona\AppData\Local\Temp\ccIINuVx.debug.temp.o
LOAD C:\Users\mbersalona\AppData\Local\Temp\cc97mMGo.debug.temp.o
LOAD C:\Users\mbersalona\AppData\Local\Temp\ccURJ2Lf.debug.temp.o
LOAD C:\Users\mbersalona\AppData\Local\Temp\ccxTJpV6.debug.temp.o
LOAD C:\Users\mbersalona\AppData\Local\Temp\ccKnX8bX.debug.temp.o
LOAD C:\Users\mbersalona\AppData\Local\Temp\ccDHGmIN.debug.temp.o
LOAD C:\Users\mbersalona\AppData\Local\Temp\ccGUFXuD.debug.temp.o
LOAD C:\Users\mbersalona\AppData\Local\Temp\ccF3p5lt.debug.temp.o
LOAD C:\Users\mbersalona\AppData\Local\Temp\cccSO7Yi.debug.temp.o
LOAD C:\Users\mbersalona\AppData\Local\Temp\ccbzaI78.debug.temp.o
LOAD C:\Users\mbersalona\AppData\Local\Temp\ccq2YwX2.debug.temp.o
LOAD C:\Users\mbersalona\AppData\Local\Temp\ccrcbRRW.debug.temp.o
LOAD C:\Users\mbersalona\AppData\Local\Temp\ccqVbw6P.debug.temp.o
LOAD C:\Users\mbersalona\AppData\Local\Temp\cch6iSdJ.debug.temp.o
LOAD C:\Users\mbersalona\AppData\Local\Temp\ccuw4TQC.debug.temp.o
LOAD C:\Users\mbersalona\AppData\Local\Temp\ccljTggw.debug.temp.o
LOAD C:\Users\mbersalona\AppData\Local\Temp\ccmZX0Vo.debug.temp.o
LOAD C:\Users\mbersalona\AppData\Local\Temp\ccdUoRFh.debug.temp.o
LOAD C:\Users\mbersalona\AppData\Local\Temp\ccUN3Rva.debug.temp.o
LOAD C:\Users\mbersalona\AppData\Local\Temp\ccxFwGq3.debug.temp.o
LOAD C:\Users\mbersalona\AppData\Local\Temp\cca9OzBV.debug.temp.o
LOAD C:\Users\mbersalona\AppData\Local\Temp\cctyYWyN.debug.temp.o
LOAD C:\Users\mbersalona\AppData\Local\Temp\ccMnzJ3F.debug.temp.o
LOAD C:\Users\mbersalona\AppData\Local\Temp\ccJzdRky.debug.temp.o
LOAD C:\Users\mbersalona\AppData\Local\Temp\ccu12CGq.debug.temp.o
LOAD C:\Users\mbersalona\AppData\Local\Temp\cctynrZm.debug.temp.o
LOAD C:\Users\mbersalona\AppData\Local\Temp\cc4W52lj.debug.temp.o
LOAD C:\Users\mbersalona\AppData\Local\Temp\cczKOjNf.debug.temp.o
LOAD C:\Users\mbersalona\AppData\Local\Temp\ccGlJGsb.debug.temp.o
LOAD C:\Users\mbersalona\AppData\Local\Temp\cc7ugrl7.debug.temp.o
LOAD C:\Users\mbersalona\AppData\Local\Temp\ccMR0A42.debug.temp.o
LOAD C:\Users\mbersalona\AppData\Local\Temp\ccfuWoSY.debug.temp.o
LOAD C:\Users\mbersalona\AppData\Local\Temp\ccSZ7zWT.debug.temp.o
LOAD C:\Users\mbersalona\AppData\Local\Temp\cc7O55MO.debug.temp.o
LOAD C:\Users\mbersalona\AppData\Local\Temp\ccySpV6J.debug.temp.o
LOAD C:\Users\mbersalona\AppData\Local\Temp\ccv6WkhF.debug.temp.o
LOAD C:\Users\mbersalona\AppData\Local\Temp\ccy58PHz.debug.temp.o
LOAD C:\Users\mbersalona\AppData\Local\Temp\ccTp91Yt.debug.temp.o
LOAD C:\Users\mbersalona\AppData\Local\Temp\ccW02xHo.debug.temp.o
LOAD C:\Users\mbersalona\AppData\Local\Temp\ccdbd1rj.debug.temp.o
LOAD C:\Users\mbersalona\AppData\Local\Temp\ccCXAy7d.debug.temp.o
LOAD C:\Users\mbersalona\AppData\Local\Temp\ccn1z9Jc.debug.temp.o
LOAD C:\Users\mbersalona\AppData\Local\Temp\ccsDb8zb.debug.temp.o
LOAD C:\Users\mbersalona\AppData\Local\Temp\ccZR15ga.debug.temp.o
LOAD C:\Users\mbersalona\AppData\Local\Temp\cc6S5Gg8.debug.temp.o
LOAD C:\Users\mbersalona\AppData\Local\Temp\ccxgcI65.debug.temp.o
LOAD C:\Users\mbersalona\AppData\Local\Temp\ccKsaEn4.debug.temp.o
LOAD C:\Users\mbersalona\AppData\Local\Temp\ccl9Lhv2.debug.temp.o
LOAD C:\Users\mbersalona\AppData\Local\Temp\ccaReATZ.debug.temp.o
LOAD C:\Users\mbersalona\AppData\Local\Temp\ccb5GPjX.debug.temp.o
LOAD C:\Users\mbersalona\AppData\Local\Temp\ccyMy3AU.debug.temp.o
LOAD C:\Users\mbersalona\AppData\Local\Temp\ccBFZjjS.debug.temp.o
LOAD C:\Users\mbersalona\AppData\Local\Temp\ccYUs0RP.debug.temp.o
LOAD C:\Users\mbersalona\AppData\Local\Temp\ccDfi5GM.debug.temp.o
LOAD C:\Users\mbersalona\AppData\Local\Temp\ccMfD9mJ.debug.temp.o
LOAD C:\Users\mbersalona\AppData\Local\Temp\ccfC4JrG.debug.temp.o
LOAD C:\Users\mbersalona\AppData\Local\Temp\cc6s91mD.debug.temp.o
LOAD ./app_node_info.o
LOAD ./app_pm_transition_event.o
LOAD ./cmd_get_capabilities.o
LOAD ./cmd_handlers.o
LOAD ./cmd_handlers_invoker.o
LOAD ./cmds_dcdc.o
LOAD ./cmds_management.o
LOAD ./cmds_power_management.o
LOAD ./cmds_rf.o
LOAD ./cmds_security.o
LOAD ./comm_interface.o
LOAD ./main.o
LOAD ./nvm_backup_restore.o
LOAD ./serialapi_file.o
LOAD ./utils.o
LOAD ./virtual_slave_node_info.o
LOAD ./autogen/sl_board_default_init.o
LOAD ./autogen/sl_event_handler.o
LOAD ./autogen/sl_iostream_handles.o
LOAD ./autogen/sl_simple_led_instances.o
LOAD ./simplicity_sdk_2025.6.2/hardware/board/src/sl_board_control_gpio.o
LOAD ./simplicity_sdk_2025.6.2/hardware/board/src/sl_board_init.o
LOAD ./simplicity_sdk_2025.6.2/hardware/driver/configuration_over_swo/src/sl_cos.o
LOAD ./simplicity_sdk_2025.6.2/hardware/driver/mx25_flash_shutdown/src/sl_mx25_flash_shutdown_eusart/sl_mx25_flash_shutdown.o
LOAD ./simplicity_sdk_2025.6.2/platform/CMSIS/RTOS2/Source/os_systick.o
LOAD ./simplicity_sdk_2025.6.2/platform/Device/SiliconLabs/EFR32ZG23/Source/startup_efr32zg23.o
LOAD ./simplicity_sdk_2025.6.2/platform/Device/SiliconLabs/EFR32ZG23/Source/system_efr32zg23.o
LOAD ./simplicity_sdk_2025.6.2/platform/bootloader/api/btl_interface.o
LOAD ./simplicity_sdk_2025.6.2/platform/bootloader/api/btl_interface_storage.o
LOAD ./simplicity_sdk_2025.6.2/platform/bootloader/app_properties/app_properties.o
LOAD ./simplicity_sdk_2025.6.2/platform/bootloader/core/flash/btl_internal_flash.o
LOAD ./simplicity_sdk_2025.6.2/platform/common/src/sl_assert.o
LOAD ./simplicity_sdk_2025.6.2/platform/common/src/sl_cmsis_os2_common.o
LOAD ./simplicity_sdk_2025.6.2/platform/common/src/sl_core_cortexm.o
LOAD ./simplicity_sdk_2025.6.2/platform/common/src/sl_slist.o
LOAD ./simplicity_sdk_2025.6.2/platform/common/src/sl_syscalls.o
LOAD ./simplicity_sdk_2025.6.2/platform/common/src/sli_cmsis_os2_ext_task_register.o
LOAD ./simplicity_sdk_2025.6.2/platform/driver/debug/src/sl_debug_swo.o
LOAD ./simplicity_sdk_2025.6.2/platform/driver/gpio/src/sl_gpio.o
LOAD ./simplicity_sdk_2025.6.2/platform/driver/leddrv/src/sl_led.o
LOAD ./simplicity_sdk_2025.6.2/platform/driver/leddrv/src/sl_simple_led.o
LOAD ./simplicity_sdk_2025.6.2/platform/emdrv/gpiointerrupt/src/gpiointerrupt.o
LOAD ./simplicity_sdk_2025.6.2/platform/emdrv/nvm3/src/nvm3.o
LOAD ./simplicity_sdk_2025.6.2/platform/emdrv/nvm3/src/nvm3_cache.o
LOAD ./simplicity_sdk_2025.6.2/platform/emdrv/nvm3/src/nvm3_default_common_linker.o
LOAD ./simplicity_sdk_2025.6.2/platform/emdrv/nvm3/src/nvm3_hal_flash.o
LOAD ./simplicity_sdk_2025.6.2/platform/emdrv/nvm3/src/nvm3_lock.o
LOAD ./simplicity_sdk_2025.6.2/platform/emdrv/nvm3/src/nvm3_object.o
LOAD ./simplicity_sdk_2025.6.2/platform/emdrv/nvm3/src/nvm3_page.o
LOAD ./simplicity_sdk_2025.6.2/platform/emdrv/nvm3/src/nvm3_utils.o
LOAD ./simplicity_sdk_2025.6.2/platform/emlib/src/em_acmp.o
LOAD ./simplicity_sdk_2025.6.2/platform/emlib/src/em_burtc.o
LOAD ./simplicity_sdk_2025.6.2/platform/emlib/src/em_cmu.o
LOAD ./simplicity_sdk_2025.6.2/platform/emlib/src/em_dbg.o
LOAD ./simplicity_sdk_2025.6.2/platform/emlib/src/em_emu.o
LOAD ./simplicity_sdk_2025.6.2/platform/emlib/src/em_eusart.o
LOAD ./simplicity_sdk_2025.6.2/platform/emlib/src/em_gpcrc.o
LOAD ./simplicity_sdk_2025.6.2/platform/emlib/src/em_gpio.o
LOAD ./simplicity_sdk_2025.6.2/platform/emlib/src/em_i2c.o
LOAD ./simplicity_sdk_2025.6.2/platform/emlib/src/em_iadc.o
LOAD ./simplicity_sdk_2025.6.2/platform/emlib/src/em_lcd.o
LOAD ./simplicity_sdk_2025.6.2/platform/emlib/src/em_ldma.o
LOAD ./simplicity_sdk_2025.6.2/platform/emlib/src/em_lesense.o
LOAD ./simplicity_sdk_2025.6.2/platform/emlib/src/em_letimer.o
LOAD ./simplicity_sdk_2025.6.2/platform/emlib/src/em_msc.o
LOAD ./simplicity_sdk_2025.6.2/platform/emlib/src/em_opamp.o
LOAD ./simplicity_sdk_2025.6.2/platform/emlib/src/em_pcnt.o
LOAD ./simplicity_sdk_2025.6.2/platform/emlib/src/em_prs.o
LOAD ./simplicity_sdk_2025.6.2/platform/emlib/src/em_rmu.o
LOAD ./simplicity_sdk_2025.6.2/platform/emlib/src/em_system.o
LOAD ./simplicity_sdk_2025.6.2/platform/emlib/src/em_timer.o
LOAD ./simplicity_sdk_2025.6.2/platform/emlib/src/em_usart.o
LOAD ./simplicity_sdk_2025.6.2/platform/emlib/src/em_vdac.o
LOAD ./simplicity_sdk_2025.6.2/platform/emlib/src/em_wdog.o
LOAD ./simplicity_sdk_2025.6.2/platform/peripheral/src/sl_hal_gpio.o
LOAD ./simplicity_sdk_2025.6.2/platform/peripheral/src/sl_hal_sysrtc.o
LOAD ./simplicity_sdk_2025.6.2/platform/radio/rail_lib/plugin/pa-conversions/pa_conversions_efr32.o
LOAD ./simplicity_sdk_2025.6.2/platform/radio/rail_lib/plugin/pa-conversions/pa_curves_efr32.o
LOAD ./simplicity_sdk_2025.6.2/platform/radio/rail_lib/plugin/rail_util_power_manager_init/sl_rail_util_power_manager_init.o
LOAD ./simplicity_sdk_2025.6.2/platform/security/sl_component/se_manager/src/sl_se_manager.o
LOAD ./simplicity_sdk_2025.6.2/platform/security/sl_component/se_manager/src/sl_se_manager_attestation.o
LOAD ./simplicity_sdk_2025.6.2/platform/security/sl_component/se_manager/src/sl_se_manager_cipher.o
LOAD ./simplicity_sdk_2025.6.2/platform/security/sl_component/se_manager/src/sl_se_manager_entropy.o
LOAD ./simplicity_sdk_2025.6.2/platform/security/sl_component/se_manager/src/sl_se_manager_hash.o
LOAD ./simplicity_sdk_2025.6.2/platform/security/sl_component/se_manager/src/sl_se_manager_key_derivation.o
LOAD ./simplicity_sdk_2025.6.2/platform/security/sl_component/se_manager/src/sl_se_manager_key_handling.o
LOAD ./simplicity_sdk_2025.6.2/platform/security/sl_component/se_manager/src/sl_se_manager_signature.o
LOAD ./simplicity_sdk_2025.6.2/platform/security/sl_component/se_manager/src/sl_se_manager_util.o
LOAD ./simplicity_sdk_2025.6.2/platform/security/sl_component/se_manager/src/sli_se_manager_mailbox.o
LOAD ./simplicity_sdk_2025.6.2/platform/security/sl_component/sl_mbedtls_support/src/sl_mbedtls.o
LOAD ./simplicity_sdk_2025.6.2/platform/security/sl_component/sl_mbedtls_support/src/sl_psa_crypto.o
LOAD ./simplicity_sdk_2025.6.2/platform/security/sl_component/sl_mbedtls_support/src/sli_psa_crypto.o
LOAD ./simplicity_sdk_2025.6.2/platform/security/sl_component/sl_psa_driver/src/sli_psa_driver_common.o
LOAD ./simplicity_sdk_2025.6.2/platform/security/sl_component/sl_psa_driver/src/sli_psa_driver_init.o
LOAD ./simplicity_sdk_2025.6.2/platform/security/sl_component/sl_psa_driver/src/sli_psa_trng.o
LOAD ./simplicity_sdk_2025.6.2/platform/security/sl_component/sl_psa_driver/src/sli_se_driver_aead.o
LOAD ./simplicity_sdk_2025.6.2/platform/security/sl_component/sl_psa_driver/src/sli_se_driver_builtin_keys.o
LOAD ./simplicity_sdk_2025.6.2/platform/security/sl_component/sl_psa_driver/src/sli_se_driver_cipher.o
LOAD ./simplicity_sdk_2025.6.2/platform/security/sl_component/sl_psa_driver/src/sli_se_driver_key_derivation.o
LOAD ./simplicity_sdk_2025.6.2/platform/security/sl_component/sl_psa_driver/src/sli_se_driver_key_management.o
LOAD ./simplicity_sdk_2025.6.2/platform/security/sl_component/sl_psa_driver/src/sli_se_driver_mac.o
LOAD ./simplicity_sdk_2025.6.2/platform/security/sl_component/sl_psa_driver/src/sli_se_driver_signature.o
LOAD ./simplicity_sdk_2025.6.2/platform/security/sl_component/sl_psa_driver/src/sli_se_opaque_driver_aead.o
LOAD ./simplicity_sdk_2025.6.2/platform/security/sl_component/sl_psa_driver/src/sli_se_opaque_driver_cipher.o
LOAD ./simplicity_sdk_2025.6.2/platform/security/sl_component/sl_psa_driver/src/sli_se_opaque_driver_mac.o
LOAD ./simplicity_sdk_2025.6.2/platform/security/sl_component/sl_psa_driver/src/sli_se_opaque_key_derivation.o
LOAD ./simplicity_sdk_2025.6.2/platform/security/sl_component/sl_psa_driver/src/sli_se_transparent_driver_aead.o
LOAD ./simplicity_sdk_2025.6.2/platform/security/sl_component/sl_psa_driver/src/sli_se_transparent_driver_cipher.o
LOAD ./simplicity_sdk_2025.6.2/platform/security/sl_component/sl_psa_driver/src/sli_se_transparent_driver_hash.o
LOAD ./simplicity_sdk_2025.6.2/platform/security/sl_component/sl_psa_driver/src/sli_se_transparent_driver_mac.o
LOAD ./simplicity_sdk_2025.6.2/platform/security/sl_component/sl_psa_driver/src/sli_se_transparent_key_derivation.o
LOAD ./simplicity_sdk_2025.6.2/platform/security/sl_component/sl_psa_driver/src/sli_se_version_dependencies.o
LOAD ./simplicity_sdk_2025.6.2/platform/security/sl_component/sli_psec_osal/src/sli_psec_osal_cmsis_rtos2.o
LOAD ./simplicity_sdk_2025.6.2/platform/service/clock_manager/src/sl_clock_manager.o
LOAD ./simplicity_sdk_2025.6.2/platform/service/clock_manager/src/sl_clock_manager_hal_s2.o
LOAD ./simplicity_sdk_2025.6.2/platform/service/clock_manager/src/sl_clock_manager_init.o
LOAD ./simplicity_sdk_2025.6.2/platform/service/clock_manager/src/sl_clock_manager_init_hal_s2.o
LOAD ./simplicity_sdk_2025.6.2/platform/service/device_init/src/sl_device_init_dcdc_s2.o
LOAD ./simplicity_sdk_2025.6.2/platform/service/device_manager/clocks/sl_device_clock_efr32xg23.o
LOAD ./simplicity_sdk_2025.6.2/platform/service/device_manager/devices/sl_device_peripheral_hal_efr32xg23.o
LOAD ./simplicity_sdk_2025.6.2/platform/service/device_manager/src/sl_device_clock.o
LOAD ./simplicity_sdk_2025.6.2/platform/service/device_manager/src/sl_device_gpio.o
LOAD ./simplicity_sdk_2025.6.2/platform/service/device_manager/src/sl_device_peripheral.o
LOAD ./simplicity_sdk_2025.6.2/platform/service/hfxo_manager/src/sl_hfxo_manager.o
LOAD ./simplicity_sdk_2025.6.2/platform/service/hfxo_manager/src/sl_hfxo_manager_hal_s2.o
LOAD ./simplicity_sdk_2025.6.2/platform/service/interrupt_manager/src/sl_interrupt_manager_cortexm.o
LOAD ./simplicity_sdk_2025.6.2/platform/service/iostream/src/sl_iostream.o
LOAD ./simplicity_sdk_2025.6.2/platform/service/iostream/src/sl_iostream_swo.o
LOAD ./simplicity_sdk_2025.6.2/platform/service/memory_manager/src/sl_memory_manager.o
LOAD ./simplicity_sdk_2025.6.2/platform/service/memory_manager/src/sl_memory_manager_dynamic_reservation.o
LOAD ./simplicity_sdk_2025.6.2/platform/service/memory_manager/src/sl_memory_manager_pool.o
LOAD ./simplicity_sdk_2025.6.2/platform/service/memory_manager/src/sl_memory_manager_pool_common.o
LOAD ./simplicity_sdk_2025.6.2/platform/service/memory_manager/src/sl_memory_manager_region.o
LOAD ./simplicity_sdk_2025.6.2/platform/service/memory_manager/src/sl_memory_manager_retarget.o
LOAD ./simplicity_sdk_2025.6.2/platform/service/memory_manager/src/sli_memory_manager_common.o
LOAD ./simplicity_sdk_2025.6.2/platform/service/mpu/src/sl_mpu_s2.o
LOAD ./simplicity_sdk_2025.6.2/platform/service/power_manager/src/common/sl_power_manager_common.o
LOAD ./simplicity_sdk_2025.6.2/platform/service/power_manager/src/common/sl_power_manager_em4.o
LOAD ./simplicity_sdk_2025.6.2/platform/service/power_manager/src/sleep_loop/sl_power_manager.o
LOAD ./simplicity_sdk_2025.6.2/platform/service/power_manager/src/sleep_loop/sl_power_manager_debug.o
LOAD ./simplicity_sdk_2025.6.2/platform/service/power_manager/src/sleep_loop/sl_power_manager_hal_s2.o
LOAD ./simplicity_sdk_2025.6.2/platform/service/sl_main/src/rtos/main_retarget.o
LOAD ./simplicity_sdk_2025.6.2/platform/service/sl_main/src/sl_main_init.o
LOAD ./simplicity_sdk_2025.6.2/platform/service/sl_main/src/sl_main_init_memory.o
LOAD ./simplicity_sdk_2025.6.2/platform/service/sl_main/src/sl_main_kernel.o
LOAD ./simplicity_sdk_2025.6.2/platform/service/sleeptimer/src/sl_sleeptimer.o
LOAD ./simplicity_sdk_2025.6.2/platform/service/sleeptimer/src/sl_sleeptimer_hal_burtc.o
LOAD ./simplicity_sdk_2025.6.2/platform/service/sleeptimer/src/sl_sleeptimer_hal_sysrtc.o
LOAD ./simplicity_sdk_2025.6.2/platform/service/sleeptimer/src/sl_sleeptimer_hal_timer.o
LOAD ./simplicity_sdk_2025.6.2/platform/service/udelay/src/sl_udelay.o
LOAD ./simplicity_sdk_2025.6.2/platform/service/udelay/src/sl_udelay_armv6m_gcc.o
LOAD ./simplicity_sdk_2025.6.2/protocol/z-wave/ZAF/ApplicationUtilities/AppName/ZAF_AppName_weak.o
LOAD ./simplicity_sdk_2025.6.2/protocol/z-wave/ZAF/ApplicationUtilities/AppTimer.o
LOAD ./simplicity_sdk_2025.6.2/protocol/z-wave/ZAF/ApplicationUtilities/AppTimerDeepSleep.o
LOAD ./simplicity_sdk_2025.6.2/protocol/z-wave/ZAF/ApplicationUtilities/ZAF_PrintAppInfo.o
LOAD ./simplicity_sdk_2025.6.2/protocol/z-wave/ZAF/ApplicationUtilities/ZAF_nvm.o
LOAD ./simplicity_sdk_2025.6.2/protocol/z-wave/ZAF/ApplicationUtilities/ZAF_nvm_app.o
LOAD ./simplicity_sdk_2025.6.2/protocol/z-wave/ZAF/ApplicationUtilities/ZAF_retention_register.o
LOAD ./simplicity_sdk_2025.6.2/protocol/z-wave/ZAF/ApplicationUtilities/ZAF_version.o
LOAD ./simplicity_sdk_2025.6.2/protocol/z-wave/ZAF/ApplicationUtilities/EventHandling/zaf_event_distributor.o
LOAD ./simplicity_sdk_2025.6.2/protocol/z-wave/ZAF/ApplicationUtilities/EventHandling/zaf_event_distributor_ncp.o
LOAD ./simplicity_sdk_2025.6.2/protocol/z-wave/ZAF/ApplicationUtilities/_commonIF/ZAF_Common_interface.o
LOAD ./simplicity_sdk_2025.6.2/protocol/z-wave/ZAF/ProtocolConfig/src/zaf_protocol_config.o
LOAD ./simplicity_sdk_2025.6.2/protocol/z-wave/platform/SiliconLabs/AppsHw/src/SerialAPI/SerialAPI_hw.o
LOAD ./simplicity_sdk_2025.6.2/protocol/z-wave/platform/SiliconLabs/AppsHw/src/common/IADC.o
LOAD ./simplicity_sdk_2025.6.2/protocol/z-wave/platform/SiliconLabs/AppsHw/src/common/board_indicator.o
LOAD ./simplicity_sdk_2025.6.2/protocol/z-wave/platform/SiliconLabs/components/zw_log/zw_log.o
LOAD ./simplicity_sdk_2025.6.2/protocol/z-wave/platform/SiliconLabs/components/zw_power_manager/zw_power_manager.o
LOAD ./simplicity_sdk_2025.6.2/util/third_party/freertos/cmsis/Source/cmsis_os2.o
LOAD ./simplicity_sdk_2025.6.2/util/third_party/freertos/kernel/croutine.o
LOAD ./simplicity_sdk_2025.6.2/util/third_party/freertos/kernel/event_groups.o
LOAD ./simplicity_sdk_2025.6.2/util/third_party/freertos/kernel/list.o
LOAD ./simplicity_sdk_2025.6.2/util/third_party/freertos/kernel/queue.o
LOAD ./simplicity_sdk_2025.6.2/util/third_party/freertos/kernel/stream_buffer.o
LOAD ./simplicity_sdk_2025.6.2/util/third_party/freertos/kernel/tasks.o
LOAD ./simplicity_sdk_2025.6.2/util/third_party/freertos/kernel/timers.o
LOAD ./simplicity_sdk_2025.6.2/util/third_party/freertos/kernel/portable/GCC/ARM_CM33_NTZ/non_secure/mpu_wrappers_v2_asm.o
LOAD ./simplicity_sdk_2025.6.2/util/third_party/freertos/kernel/portable/GCC/ARM_CM33_NTZ/non_secure/port.o
LOAD ./simplicity_sdk_2025.6.2/util/third_party/freertos/kernel/portable/GCC/ARM_CM33_NTZ/non_secure/portasm.o
LOAD ./simplicity_sdk_2025.6.2/util/third_party/freertos/kernel/portable/MemMang/heap_3.o
LOAD ./simplicity_sdk_2025.6.2/util/third_party/freertos/kernel/portable/SiliconLabs/cortexm/tick_power_manager.o
LOAD ./simplicity_sdk_2025.6.2/util/third_party/mbedtls/library/cipher.o
LOAD ./simplicity_sdk_2025.6.2/util/third_party/mbedtls/library/cipher_wrap.o
LOAD ./simplicity_sdk_2025.6.2/util/third_party/mbedtls/library/constant_time.o
LOAD ./simplicity_sdk_2025.6.2/util/third_party/mbedtls/library/platform.o
LOAD ./simplicity_sdk_2025.6.2/util/third_party/mbedtls/library/platform_util.o
LOAD ./simplicity_sdk_2025.6.2/util/third_party/mbedtls/library/psa_crypto.o
LOAD ./simplicity_sdk_2025.6.2/util/third_party/mbedtls/library/psa_crypto_aead.o
LOAD ./simplicity_sdk_2025.6.2/util/third_party/mbedtls/library/psa_crypto_cipher.o
LOAD ./simplicity_sdk_2025.6.2/util/third_party/mbedtls/library/psa_crypto_client.o
LOAD ./simplicity_sdk_2025.6.2/util/third_party/mbedtls/library/psa_crypto_driver_wrappers_no_static.o
LOAD ./simplicity_sdk_2025.6.2/util/third_party/mbedtls/library/psa_crypto_ecp.o
LOAD ./simplicity_sdk_2025.6.2/util/third_party/mbedtls/library/psa_crypto_ffdh.o
LOAD ./simplicity_sdk_2025.6.2/util/third_party/mbedtls/library/psa_crypto_hash.o
LOAD ./simplicity_sdk_2025.6.2/util/third_party/mbedtls/library/psa_crypto_mac.o
LOAD ./simplicity_sdk_2025.6.2/util/third_party/mbedtls/library/psa_crypto_pake.o
LOAD ./simplicity_sdk_2025.6.2/util/third_party/mbedtls/library/psa_crypto_rsa.o
LOAD ./simplicity_sdk_2025.6.2/util/third_party/mbedtls/library/psa_crypto_se.o
LOAD ./simplicity_sdk_2025.6.2/util/third_party/mbedtls/library/psa_crypto_slot_management.o
LOAD ./simplicity_sdk_2025.6.2/util/third_party/mbedtls/library/psa_crypto_storage.o
LOAD ./simplicity_sdk_2025.6.2/util/third_party/mbedtls/library/psa_util.o
LOAD ./simplicity_sdk_2025.6.2/util/third_party/mbedtls/library/threading.o
LOAD ./simplicity_sdk_2025.6.2/util/third_party/printf/printf.o
LOAD ./simplicity_sdk_2025.6.2/util/third_party/printf/src/iostream_printf.o
LOAD C:/Users/mbersalona/SimplicityStudio/SDKs/simplicity_sdk//platform/radio/rail_lib/autogen/librail_release/librail_efr32xg23_gcc_release.a
LOAD C:/Users/mbersalona/SimplicityStudio/SDKs/simplicity_sdk//protocol/z-wave/dist/lib/libZWaveController_series2.a
LOAD C:/Users/mbersalona/SimplicityStudio/SDKs/simplicity_sdk//protocol/z-wave/dist/lib/libzpal_EFR32ZG23.a
LOAD c:/siliconlabs/simplicitystudio/v5/developer/toolchains/gnu_arm/12.2.rel1_2023.7/bin/../lib/gcc/arm-none-eabi/12.2.1/thumb/v8-m.main+fp/hard\libgcc.a
LOAD c:/siliconlabs/simplicitystudio/v5/developer/toolchains/gnu_arm/12.2.rel1_2023.7/bin/../lib/gcc/arm-none-eabi/12.2.1/thumb/v8-m.main+fp/hard\libc_nano.a
LOAD c:/siliconlabs/simplicitystudio/v5/developer/toolchains/gnu_arm/12.2.rel1_2023.7/bin/../lib/gcc/arm-none-eabi/12.2.1/thumb/v8-m.main+fp/hard\libm.a
LOAD c:/siliconlabs/simplicitystudio/v5/developer/toolchains/gnu_arm/12.2.rel1_2023.7/bin/../lib/gcc/arm-none-eabi/12.2.1/thumb/v8-m.main+fp/hard\libnosys.a
END GROUP
START GROUP
LOAD c:/siliconlabs/simplicitystudio/v5/developer/toolchains/gnu_arm/12.2.rel1_2023.7/bin/../lib/gcc/arm-none-eabi/12.2.1/thumb/v8-m.main+fp/hard\libgcc.a
LOAD c:/siliconlabs/simplicitystudio/v5/developer/toolchains/gnu_arm/12.2.rel1_2023.7/bin/../lib/gcc/arm-none-eabi/12.2.1/thumb/v8-m.main+fp/hard\libc_nano.a
LOAD c:/siliconlabs/simplicitystudio/v5/developer/toolchains/gnu_arm/12.2.rel1_2023.7/bin/../lib/gcc/arm-none-eabi/12.2.1/thumb/v8-m.main+fp/hard\libnosys.a
END GROUP
START GROUP
LOAD c:/siliconlabs/simplicitystudio/v5/developer/toolchains/gnu_arm/12.2.rel1_2023.7/bin/../lib/gcc/arm-none-eabi/12.2.1/thumb/v8-m.main+fp/hard\libgcc.a
LOAD c:/siliconlabs/simplicitystudio/v5/developer/toolchains/gnu_arm/12.2.rel1_2023.7/bin/../lib/gcc/arm-none-eabi/12.2.1/thumb/v8-m.main+fp/hard\libc_nano.a
END GROUP
START GROUP
LOAD c:/siliconlabs/simplicitystudio/v5/developer/toolchains/gnu_arm/12.2.rel1_2023.7/bin/../lib/gcc/arm-none-eabi/12.2.1/thumb/v8-m.main+fp/hard\libgcc.a
LOAD c:/siliconlabs/simplicitystudio/v5/developer/toolchains/gnu_arm/12.2.rel1_2023.7/bin/../lib/gcc/arm-none-eabi/12.2.1/thumb/v8-m.main+fp/hard\libc_nano.a
END GROUP
LOAD c:/siliconlabs/simplicitystudio/v5/developer/toolchains/gnu_arm/12.2.rel1_2023.7/bin/../lib/gcc/arm-none-eabi/12.2.1/thumb/v8-m.main+fp/hard/crtend.o
LOAD c:/siliconlabs/simplicitystudio/v5/developer/toolchains/gnu_arm/12.2.rel1_2023.7/bin/../lib/gcc/arm-none-eabi/12.2.1/thumb/v8-m.main+fp/hard/crtn.o

.vectors        0x08006000      0x170
                0x08006000                linker_vectors_begin = .
 *(.vectors)
 .vectors       0x08006000      0x170 C:\Users\mbersalona\AppData\Local\Temp\cc2z3BpG.ltrans0.ltrans.o
                0x08006000                __Vectors
                0x08006170                linker_vectors_end = .
                0x08006170                __Vectors_End = .
                0x08006170                __Vectors_Size = (__Vectors_End - __Vectors)

.bootloader_reset_section
                0x20000000        0x4
                0x20000000                __ResetReasonStart__ = .
                0x20000004                . = (. + 0x4)
 *fill*         0x20000000        0x4 
                0x20000004                . = ALIGN (0x4)
                0x20000004                __ResetReasonEnd__ = .

.stack          0x20000008      0x400
                0x20000008                . = ALIGN (0x8)
                0x20000008                __StackLimit = .
 *(.stack*)
 .stack         0x20000008      0x400 C:\Users\mbersalona\AppData\Local\Temp\cc2z3BpG.ltrans4.ltrans.o
                0x20000408                . = ALIGN (0x4)
                0x20000408                __StackTop = .
                0x20000408                PROVIDE (__stack = __StackTop)

.bss            0x20000408     0x8d38
                0x20000408                . = ALIGN (0x4)
                0x20000408                __bss_start__ = .
 *(SORT_BY_ALIGNMENT(.bss*))
 .bss           0x20000408     0x36f0 C:\Users\mbersalona\AppData\Local\Temp\cc2z3BpG.ltrans0.ltrans.o
                0x20000570                g_AppTaskHandle.lto_priv.0
                0x20000574                callbackQueue
                0x20000ac8                commandQueue
                0x2000101f                compl_workbuf
                0x200010c8                comm_interface.lto_priv.0
                0x2000125c                m_pAppHandles.lto_priv.0
                0x20001261                dcdc_config.lto_priv.0
                0x20001264                pxCurrentTCB
                0x2000126c                g_AppInterface.lto_priv.0
                0x200012a4                g_AppTimer
                0x20001344                g_deepSleepTimersLoaded
                0x20001364                SetDefaultCB
                0x20001394                handle.lto_priv.0
                0x20001398                zaf_handle.lto_priv.0
                0x200013de                funcID_ComplHandler_ZW_ReplaceFailedNode
                0x200013e0                uart_data.lto_priv.0
                0x20001408                app_handle.lto_priv.0
                0x2000140c                uxSchedulerSuspended.lto_priv.0
                0x20001410                LearnModeStatusCb
                0x20001418                funcID_ComplHandler_ZW_RemoveFailedNodeID
                0x20001419                funcID_ComplHandler_ZW_SetSlaveLearnMode
                0x20001448                irqState
                0x20001478                nvm3_internalObjectHandleA
                0x200014d4                instanceCnt.lto_priv.0
                0x200014d8                region_nbr.lto_priv.0
                0x200014e0                nvm3_defaultHandleData
                0x200016b4                pm_context.lto_priv.0
                0x20001750                timer_frequency.lto_priv.0
                0x20001754                hfxo_startup_time_tick.lto_priv.0
                0x20001758                hfxo_startup_time_sum_average.lto_priv.0
                0x2000175c                hfxo_startup_time_table.lto_priv.0
                0x200017e8                mbedtls_threading_psa_globaldata_mutex
                0x2000184c                mbedtls_threading_psa_rngdata_mutex
                0x200018b4                global_data.lto_priv.0
                0x20001b44                powerCurvesState.lto_priv.0
                0x20001b6c                low_voltage.lto_priv.0
 .bss           0x20003af8     0x16b4 C:\Users\mbersalona\AppData\Local\Temp\cc2z3BpG.ltrans4.ltrans.o
 *fill*         0x200051ac        0x4 
 .bss.sli_rail_639739279e8d3d2b15a09f3a35c0cf79
                0x200051b0        0x8 C:/Users/mbersalona/SimplicityStudio/SDKs/simplicity_sdk//platform/radio/rail_lib/autogen/librail_release/librail_efr32xg23_gcc_release.a(generic_phy.o)
 .bss.sli_rail_f5d6bd4b87b830444924423a67685a3c
                0x200051b8      0x1b0 C:/Users/mbersalona/SimplicityStudio/SDKs/simplicity_sdk//platform/radio/rail_lib/autogen/librail_release/librail_efr32xg23_gcc_release.a(rail_rf.o)
 .bss.sli_rail_9fd4b577a88245688a41c225ff145d2d
                0x20005368       0x80 C:/Users/mbersalona/SimplicityStudio/SDKs/simplicity_sdk//platform/radio/rail_lib/autogen/librail_release/librail_efr32xg23_gcc_release.a(rail_data.o)
 .bss.object.0  0x200053e8       0x18 c:/siliconlabs/simplicitystudio/v5/developer/toolchains/gnu_arm/12.2.rel1_2023.7/bin/../lib/gcc/arm-none-eabi/12.2.1/thumb/v8-m.main+fp/hard/crtbegin.o
 .bss.__stdio_exit_handler
                0x20005400        0x4 c:/siliconlabs/simplicitystudio/v5/developer/toolchains/gnu_arm/12.2.rel1_2023.7/bin/../lib/gcc/arm-none-eabi/12.2.1/thumb/v8-m.main+fp/hard\libc_nano.a(libc_a-findfp.o)
                0x20005400                __stdio_exit_handler
 .bss           0x20005404     0x2929 C:\Users\mbersalona\AppData\Local\Temp\cc2z3BpG.ltrans1.ltrans.o
                0x2000540c                timer_head.lto_priv.0
                0x20005460                xPendingReadyList.lto_priv.0
                0x20005474                xYieldPendings.lto_priv.0
                0x20005494                uxTopReadyPriority.lto_priv.0
                0x20005498                pxReadyTasksLists.lto_priv.0
                0x200058fc                xTickCount.lto_priv.0
                0x20005908                g_ZwaveMainTaskHandle
                0x2000590e                g_nodeID
                0x20005910                m_homeID.lto_priv.0
                0x20005914                m_NetworkInfo.lto_priv.0
                0x2000592c                m_current_profile.lto_priv.0
                0x20005958                bldeviceOptionsMask.lto_priv.0
                0x20005959                m_state.lto_priv.0
                0x2000595c                currentTransmittingElement.lto_priv.0
                0x20005960                mWakeupBeamTimeLength.lto_priv.0
                0x20005964                m_TransmitPauseTimer.lto_priv.0
                0x20005bfc                m_intrnRfChannelStat.lto_priv.0
                0x20005c2c                sli_general_purpose_heap
                0x20005c75                current_em.lto_priv.0
                0x20005c76                is_sleeping_waiting_for_clock_restore.lto_priv.0
                0x20005c77                is_states_saved.lto_priv.0
                0x20005c7b                is_hf_x_oscillator_not_preserved.lto_priv.0
                0x20005c7d                requirement_em1.lto_priv.0
                0x20005cc0                xNumOfOverflows.lto_priv.0
                0x20005d50                emptyEventCallbackQueue.lto_priv.0
                0x20005d7c                xTimerQueue.lto_priv.0
                0x20005ee4                a_AppPowerDownCallbacks.lto_priv.0
                0x20005ef0                m_bIsFsInitialized.lto_priv.0
                0x20005ef4                m_apResetCb.lto_priv.0
                0x20005f0c                handle.lto_priv.1
                0x20005f10                pFileSystem.lto_priv.0
                0x20005f21                node_info_exists.lto_priv.0
                0x20005f3e                node_routecache_exists.lto_priv.0
                0x20005f5b                node_info_Lrange_exists.lto_priv.0
                0x20005fdb                nodeRouteCacheBuffer.lto_priv.0
                0x2000611b                nodeRouteCacheFileID.lto_priv.0
                0x2000611f                nodeRouteCachePrio.lto_priv.0
                0x20006123                app_route_lock_flag.lto_priv.0
                0x20006140                route_slave_suc_flag.lto_priv.0
                0x2000615d                suc_pending_update_flag.lto_priv.0
                0x2000617a                bridge_node_flag.lto_priv.0
                0x20006197                pending_discovery_flag.lto_priv.0
                0x200061b4                node_nls_supported.lto_priv.0
                0x200061d1                node_nls_enabled.lto_priv.0
                0x200061ee                lr_node_nls_supported.lto_priv.0
                0x2000626e                lr_node_nls_enabled.lto_priv.0
                0x200062ee                capabilities_speed_100k_nodes.lto_priv.0
                0x2000630b                inclusionHomeIDActive
                0x2000630c                currentSeqNoUseTX
                0x20006310                g_ZwTimer.lto_priv.0
                0x200063c4                g_ControllerStaticControllerNodeIdChanged
                0x200063cc                g_ControllerHomeIdChanged
                0x20006400                TransportTimer.lto_priv.0
                0x20006940                m_PTI_Enabled.lto_priv.0
                0x20006942                m_adjustTxPower.lto_priv.0
                0x20006944                m_defaultTxPower.lto_priv.0
                0x20006946                m_currentTxPower.lto_priv.0
                0x20006948                m_ChLock.lto_priv.0
                0x2000694c                m_ChLockCount.lto_priv.0
                0x20006954                m_PrevTickCount.lto_priv.0
                0x20006958                entropy.lto_priv.0
                0x2000695a                m_AppTxHandlerEventBitNumber.lto_priv.0
                0x2000695b                m_iFramesInProtocol.lto_priv.0
                0x2000695c                m_nwl.lto_priv.0
                0x200072bc                m_CommandStatusNotifyingQueue.lto_priv.0
                0x200074dc                m_RxNotifyingQueue.lto_priv.0
                0x200074e8                m_pAppInterface.lto_priv.0
                0x200074ec                m_pNetworkInfo.lto_priv.0
                0x200074fc                networkWideInclusionModeTimer.lto_priv.0
                0x2000753c                IgnoreQueueTimer.lto_priv.0
                0x2000757c                ExploreQueueTimer.lto_priv.0
                0x200075bc                ExploreMachineUpdateRequest
                0x20007604                ctimer_list_list.lto_priv.0
                0x20007608                last_ticks.lto_priv.0
                0x2000760c                m_CTimerSwTimer.lto_priv.0
                0x2000764c                zwave_secret_key
                0x2000766c                zwave_public_key
                0x200076ec                is_actively_waiting_for_clock_restore.lto_priv.0
                0x20007730                max_millisecond_conversion.lto_priv.0
                0x2000773c                vScaleEM01Config.lto_priv.0
                0x20007d2c                bRoutedRssiFeedbackEnabled.lto_priv.0
 *fill*         0x20007d2d        0x3 
 .bss           0x20007d30      0xca4 C:\Users\mbersalona\AppData\Local\Temp\cc2z3BpG.ltrans2.ltrans.o
                0x20007d30                inclusionHomeID
                0x20007d34                g_learnMode
                0x20007d35                smartStartInclusionOngoing.lto_priv.0
                0x20007d36                g_Dsk
                0x20007d47                currentSeqNo
                0x20007fb8                currentWaitingForAckElement.lto_priv.0
                0x20007fbe                mTransportRxCurrentSpeed
                0x20007fbf                multiIDList
                0x200084b8                m_intrnRfChannelCurrentTx.lto_priv.0
                0x200084bc                waitingForRoutedACK
                0x200084c0                tx_status
                0x200084dc                mTransportRxCurrentCh.lto_priv.0
                0x200084ec                abLastStartNode
                0x200084f0                bUseExploreAsRouteResolution
                0x200084f1                bCurrentRoutingSpeed
                0x200084f4                ReceivePackage.lto_priv.0
                0x200085d4                assignIdBuf
                0x20008600                zensorWakeupTime
                0x20008601                bNeighborDiscoverySpeed
                0x20008602                mutliCastFramePayload.0.lto_priv.0
                0x200086ac                m_lr_nodeid_list.lto_priv.0
                0x200086ad                m_AckReceivedIDList.lto_priv.0
                0x200086fd                bMultiTxOptions.lto_priv.0
                0x20008700                controllerConfig.lto_priv.0
                0x20008704                sucEnabled
                0x20008708                SUCCompletedFunc.lto_priv.0
                0x20008710                assign_ID
                0x20008760                SUC_Update
                0x200087a4                activeTransmit
                0x200087a8                pExploreQueueElement
                0x200087ac                rxFrame
                0x200087c0                bRouteCached
                0x200087c1                replicationStatus
                0x200087c2                g_learnNodeState
                0x200087c4                rxopt
                0x200087da                virtualNodeID
                0x200087dc                virtualNodeDest
                0x200087dd                badRoute
                0x200087df                sACK
                0x200087e4                m_intrnRfChannelExtStat.lto_priv.0
                0x20008821                crH
                0x20008825                g_findInProgress
                0x20008826                lrFailedNodesMask.lto_priv.0
                0x200088a6                classicFailedNodesMask.lto_priv.0
                0x200088c3                bRouteCacheLineOut.lto_priv.0
                0x200088c8                bNetworkRemoveNodeID
                0x200088ca                transferPresentationHighPower
                0x200088cb                bNetworkWideInclusion
                0x200088cc                learnNodeInfo
                0x200088d8                zcbp_learnCompleteFunction.lto_priv.0
                0x200088dc                newNodeInfoBuffer.lto_priv.0
                0x2000890a                otherController
                0x2000890c                newPrimaryReplication
                0x2000890d                doChangeToSecondary
                0x2000890e                learnSlaveMode
                0x20008910                learnSlaveNodeFunc.lto_priv.0
                0x20008914                assignSlaveState
                0x20008915                nodePool
                0x20008932                pendingTimerReload.lto_priv.0
                0x20008934                lastWorkRouteCacheLock
                0x20008935                failedNodeReplace
                0x20008938                m_pCallback.lto_priv.0
                0x2000893c                ChannelCheckTimer.lto_priv.0
                0x2000897c                lr_virtual_id_enabled.lto_priv.0
                0x20008980                pLearnStateTimer.lto_priv.0
                0x200089c4                NW_Action.lto_priv.0
                0x200089c5                learnState.lto_priv.0
                0x200089c8                bIncReqCount.lto_priv.0
                0x200089d0                bInclusionRequestIntervals.lto_priv.0
 .bss           0x200089d4      0x538 C:\Users\mbersalona\AppData\Local\Temp\cc2z3BpG.ltrans3.ltrans.o
                0x20008a1c                ReplCompleteFunction.lto_priv.0
                0x20008ae8                exploreInclusionModeRepeat
                0x20008ae9                replRetry
                0x20008aed                sequenceNumber
                0x20008af7                pendingUpdateOn
                0x20008af8                pendingTableEmpty
                0x20008b7a                scratchID.lto_priv.0
                0x20008b85                cmdCompleteSeen.lto_priv.0
                0x20008b88                exploreRemoteInclusion
                0x20008b8e                mostUsedTable
                0x20008ba2                PreferredRepeaters
                0x20008bbf                abRouteCacheLWRSelector.lto_priv.0
                0x20008bdc                spoof
                0x20008c6a                didWrite.lto_priv.0
                0x20008cac                glearnNodeInfo
                0x20008cb8                zcbp_CtrlCompleteFunction.lto_priv.0
                0x20008cbc                NonRepeaters
                0x20008da8                controllerIncluded
                0x20008dec                abLastNode
                0x20008eaf                bNetworkWideInclusionReady
                0x20008eb0                addSmartNodeHomeId
 .bss.sli_rail_c136c888d348bae01d46584776a71a85
                0x20008f0c        0x8 C:/Users/mbersalona/SimplicityStudio/SDKs/simplicity_sdk//platform/radio/rail_lib/autogen/librail_release/librail_efr32xg23_gcc_release.a(rail_power_manager.o)
 .bss.sli_rail_9173f051b55c13a908edffee1745cddf
                0x20008f14        0x8 C:/Users/mbersalona/SimplicityStudio/SDKs/simplicity_sdk//platform/radio/rail_lib/autogen/librail_release/librail_efr32xg23_gcc_release.a(rail_power_manager.o)
 .bss.sli_rail_1a9485a7c6b38dd70de7ee0102aa7aaf
                0x20008f1c       0x20 C:/Users/mbersalona/SimplicityStudio/SDKs/simplicity_sdk//platform/radio/rail_lib/autogen/librail_release/librail_efr32xg23_gcc_release.a(rail_power_manager.o)
 .bss.sli_rail_54d89e3959a4bbc543e302fea6710f95
                0x20008f3c        0x4 C:/Users/mbersalona/SimplicityStudio/SDKs/simplicity_sdk//platform/radio/rail_lib/autogen/librail_release/librail_efr32xg23_gcc_release.a(rail_power_manager.o)
                0x20008f3c                sli_rail_54d89e3959a4bbc543e302fea6710f95
 .bss.sli_rail_07aed9c96fdcaccc2e6f95e40d8fb12c
                0x20008f40        0x4 C:/Users/mbersalona/SimplicityStudio/SDKs/simplicity_sdk//platform/radio/rail_lib/autogen/librail_release/librail_efr32xg23_gcc_release.a(rail_power_manager.o)
 .bss.sli_rail_e869e9276015a189cecac6019fc3c018
                0x20008f44        0x4 C:/Users/mbersalona/SimplicityStudio/SDKs/simplicity_sdk//platform/radio/rail_lib/autogen/librail_release/librail_efr32xg23_gcc_release.a(rail_power_manager.o)
 .bss.sli_rail_4b8dfbaedea31d7cbf1e1ce30323b341
                0x20008f48        0x4 C:/Users/mbersalona/SimplicityStudio/SDKs/simplicity_sdk//platform/radio/rail_lib/autogen/librail_release/librail_efr32xg23_gcc_release.a(rail_power_manager.o)
 .bss.sli_rail_ff5397f38ac9ffe78ebd137a9facd21f
                0x20008f4c        0x4 C:/Users/mbersalona/SimplicityStudio/SDKs/simplicity_sdk//platform/radio/rail_lib/autogen/librail_release/librail_efr32xg23_gcc_release.a(rail_rf_hal.o)
 .bss.sli_rail_93f64758baf60907f96fa3736d8c95be
                0x20008f50        0x4 C:/Users/mbersalona/SimplicityStudio/SDKs/simplicity_sdk//platform/radio/rail_lib/autogen/librail_release/librail_efr32xg23_gcc_release.a(rail_rf_hal.o)
 .bss.sli_rail_2c64439bef0520ed6b99a1cb60a3db45
                0x20008f54        0x4 C:/Users/mbersalona/SimplicityStudio/SDKs/simplicity_sdk//platform/radio/rail_lib/autogen/librail_release/librail_efr32xg23_gcc_release.a(rail_rf_hal.o)
 .bss.sli_rail_f220d21fdb41383218da79e92497d6e0
                0x20008f58        0x4 C:/Users/mbersalona/SimplicityStudio/SDKs/simplicity_sdk//platform/radio/rail_lib/autogen/librail_release/librail_efr32xg23_gcc_release.a(rail_rf_hal.o)
 .bss.sli_rail_e547315ea5b6d0aaa7cc739ff29cd150
                0x20008f5c        0x4 C:/Users/mbersalona/SimplicityStudio/SDKs/simplicity_sdk//platform/radio/rail_lib/autogen/librail_release/librail_efr32xg23_gcc_release.a(rail_rf_hal.o)
 .bss.sli_rail_ed16766c587fa63e77da03f1b51ef62a
                0x20008f60        0x4 C:/Users/mbersalona/SimplicityStudio/SDKs/simplicity_sdk//platform/radio/rail_lib/autogen/librail_release/librail_efr32xg23_gcc_release.a(rail_rf_hal.o)
 .bss.sli_rail_8b603bfacbd416d9fed4157d0fe5952f
                0x20008f64        0x4 C:/Users/mbersalona/SimplicityStudio/SDKs/simplicity_sdk//platform/radio/rail_lib/autogen/librail_release/librail_efr32xg23_gcc_release.a(rail_rf_hal.o)
 .bss.sli_rail_e596de4f8292ec5a59bf4d802ccf94ce
                0x20008f68        0x4 C:/Users/mbersalona/SimplicityStudio/SDKs/simplicity_sdk//platform/radio/rail_lib/autogen/librail_release/librail_efr32xg23_gcc_release.a(rail_rf_hal.o)
 .bss.sli_rail_a38a6265fbc5cbe2cc3228410b65ace5
                0x20008f6c        0x4 C:/Users/mbersalona/SimplicityStudio/SDKs/simplicity_sdk//platform/radio/rail_lib/autogen/librail_release/librail_efr32xg23_gcc_release.a(rail_rf_hal.o)
                0x20008f6c                sli_rail_a38a6265fbc5cbe2cc3228410b65ace5
 .bss.sli_rail_8f37366a83d91796f4530c9a738a5351
                0x20008f70       0x18 C:/Users/mbersalona/SimplicityStudio/SDKs/simplicity_sdk//platform/radio/rail_lib/autogen/librail_release/librail_efr32xg23_gcc_release.a(rail_zwave_rf_hal.o)
 .bss.sli_rail_9f77f009069f2cebe1291e3784a404f3
                0x20008f88       0x90 C:/Users/mbersalona/SimplicityStudio/SDKs/simplicity_sdk//platform/radio/rail_lib/autogen/librail_release/librail_efr32xg23_gcc_release.a(rail_zwave_rf_hal.o)
 .bss.sli_rail_ce367785a3aa90abac9b731649ecec60
                0x20009018       0x14 C:/Users/mbersalona/SimplicityStudio/SDKs/simplicity_sdk//platform/radio/rail_lib/autogen/librail_release/librail_efr32xg23_gcc_release.a(rfhal_ircal.o)
                0x20009018                sli_rail_ce367785a3aa90abac9b731649ecec60
 .bss.sli_rail_101f4b3f7ec22758e9c3af4867b037bf
                0x2000902c        0x4 C:/Users/mbersalona/SimplicityStudio/SDKs/simplicity_sdk//platform/radio/rail_lib/autogen/librail_release/librail_efr32xg23_gcc_release.a(rfhal_bufc.o)
 .bss.sli_rail_8bcb7082e48e6ff370e12cbf831416d4
                0x20009030        0x4 C:/Users/mbersalona/SimplicityStudio/SDKs/simplicity_sdk//platform/radio/rail_lib/autogen/librail_release/librail_efr32xg23_gcc_release.a(rfhal_pa.o)
 .bss.sli_rail_a6f5c273b65932798e9fe42a4135c816
                0x20009034        0x4 C:/Users/mbersalona/SimplicityStudio/SDKs/simplicity_sdk//platform/radio/rail_lib/autogen/librail_release/librail_efr32xg23_gcc_release.a(rfhal_pa.o)
 .bss.sli_rail_a7ecbdc9460bec98d7781dd81a879a8b
                0x20009038       0x14 C:/Users/mbersalona/SimplicityStudio/SDKs/simplicity_sdk//platform/radio/rail_lib/autogen/librail_release/librail_efr32xg23_gcc_release.a(rfhal_pti.o)
 .bss.sli_rail_77815a23ee974b1b058991f6802f3a27
                0x2000904c        0x4 C:/Users/mbersalona/SimplicityStudio/SDKs/simplicity_sdk//platform/radio/rail_lib/autogen/librail_release/librail_efr32xg23_gcc_release.a(rfhal_protimer.o)
                0x2000904c                sli_rail_77815a23ee974b1b058991f6802f3a27
 .bss.sli_rail_963948127b9538f75edea1b8ad37a2a1
                0x20009050        0x4 C:/Users/mbersalona/SimplicityStudio/SDKs/simplicity_sdk//platform/radio/rail_lib/autogen/librail_release/librail_efr32xg23_gcc_release.a(rfhal_protimer.o)
 .bss.sli_rail_ba76bc65df776304e41de87b98615d59
                0x20009054        0x4 C:/Users/mbersalona/SimplicityStudio/SDKs/simplicity_sdk//platform/radio/rail_lib/autogen/librail_release/librail_efr32xg23_gcc_release.a(rfhal_protimer.o)
                0x20009054                sli_rail_ba76bc65df776304e41de87b98615d59
 .bss.sli_rail_b12f64a1631cb80aaba93bc7e62c5401
                0x20009058        0x4 C:/Users/mbersalona/SimplicityStudio/SDKs/simplicity_sdk//platform/radio/rail_lib/autogen/librail_release/librail_efr32xg23_gcc_release.a(rfhal_protimer.o)
                0x20009058                sli_rail_b12f64a1631cb80aaba93bc7e62c5401
 .bss.sli_rail_cd01ef0a536530215319ced12540ac0b
                0x2000905c        0x4 C:/Users/mbersalona/SimplicityStudio/SDKs/simplicity_sdk//platform/radio/rail_lib/autogen/librail_release/librail_efr32xg23_gcc_release.a(rfhal_protimer.o)
                0x2000905c                sli_rail_cd01ef0a536530215319ced12540ac0b
 .bss.sli_rail_28b654493fd84ce3d4a1eafa51d2de06
                0x20009060        0x4 C:/Users/mbersalona/SimplicityStudio/SDKs/simplicity_sdk//platform/radio/rail_lib/autogen/librail_release/librail_efr32xg23_gcc_release.a(rfhal_protimer.o)
                0x20009060                sli_rail_28b654493fd84ce3d4a1eafa51d2de06
 .bss.sli_rail_053617c4332bb6c7cf6732ee3488f196
                0x20009064       0x30 C:/Users/mbersalona/SimplicityStudio/SDKs/simplicity_sdk//platform/radio/rail_lib/autogen/librail_release/librail_efr32xg23_gcc_release.a(rfhal_radio.o)
 .bss.sli_rail_87060312697d31886d06904a4d287474
                0x20009094        0x4 C:/Users/mbersalona/SimplicityStudio/SDKs/simplicity_sdk//platform/radio/rail_lib/autogen/librail_release/librail_efr32xg23_gcc_release.a(rfhal_rfeca.o)
 .bss.sli_rail_46885ee79bb18df54fe729cfba8e607b
                0x20009098        0x4 C:/Users/mbersalona/SimplicityStudio/SDKs/simplicity_sdk//platform/radio/rail_lib/autogen/librail_release/librail_efr32xg23_gcc_release.a(rfhal_synth.o)
                0x20009098                sli_rail_46885ee79bb18df54fe729cfba8e607b
 .bss.sli_rail_d2c542bf069f46066a28f843ca3ff78f
                0x2000909c        0x4 C:/Users/mbersalona/SimplicityStudio/SDKs/simplicity_sdk//platform/radio/rail_lib/autogen/librail_release/librail_efr32xg23_gcc_release.a(rfhal_synth.o)
                0x2000909c                sli_rail_d2c542bf069f46066a28f843ca3ff78f
 .bss.sli_rail_e0ef4487ab4804a5fea3180e903f26d5
                0x200090a0        0x4 C:/Users/mbersalona/SimplicityStudio/SDKs/simplicity_sdk//platform/radio/rail_lib/autogen/librail_release/librail_efr32xg23_gcc_release.a(rfhal_synth.o)
 .bss.sli_rail_1735c4d38e84f6ce03a9829499886986
                0x200090a4        0x4 C:/Users/mbersalona/SimplicityStudio/SDKs/simplicity_sdk//platform/radio/rail_lib/autogen/librail_release/librail_efr32xg23_gcc_release.a(rfhal_timings.o)
 .bss.sli_rail_f9bca167b18e7011edfdb6d3ce9531c6
                0x200090a8       0x10 C:/Users/mbersalona/SimplicityStudio/SDKs/simplicity_sdk//platform/radio/rail_lib/autogen/librail_release/librail_efr32xg23_gcc_release.a(rfhal_timings.o)
 .bss.sli_rail_9c2a5a1193e307c22559a2580488663c
                0x200090b8        0x4 C:/Users/mbersalona/SimplicityStudio/SDKs/simplicity_sdk//platform/radio/rail_lib/autogen/librail_release/librail_efr32xg23_gcc_release.a(rfhal_timings.o)
 .bss.sli_rail_e313b55611f42bb8fd6c98edfa75cd8f
                0x200090bc        0x4 C:/Users/mbersalona/SimplicityStudio/SDKs/simplicity_sdk//platform/radio/rail_lib/autogen/librail_release/librail_efr32xg23_gcc_release.a(generic_phy.o)
                0x200090bc                sli_rail_e313b55611f42bb8fd6c98edfa75cd8f
 .bss.sli_rail_42987b2d051e27bbd12feb66e8f8ca45
                0x200090c0        0x4 C:/Users/mbersalona/SimplicityStudio/SDKs/simplicity_sdk//platform/radio/rail_lib/autogen/librail_release/librail_efr32xg23_gcc_release.a(generic_phy.o)
 .bss.sli_rail_af3c6973dddd532ce508e3f9924571a4
                0x200090c4        0x4 C:/Users/mbersalona/SimplicityStudio/SDKs/simplicity_sdk//platform/radio/rail_lib/autogen/librail_release/librail_efr32xg23_gcc_release.a(rail_singleprotocol.o)
 .bss.RAIL_ActiveHandle
                0x200090c8        0x4 C:/Users/mbersalona/SimplicityStudio/SDKs/simplicity_sdk//platform/radio/rail_lib/autogen/librail_release/librail_efr32xg23_gcc_release.a(rail_singleprotocol.o)
                0x200090c8                RAIL_ActiveHandle
 .bss.sli_rail_assert_rail_handle
                0x200090cc        0x4 C:/Users/mbersalona/SimplicityStudio/SDKs/simplicity_sdk//platform/radio/rail_lib/autogen/librail_release/librail_efr32xg23_gcc_release.a(rail_assert.o)
                0x200090cc                sli_rail_assert_rail_handle
 .bss.sli_rail_assert_line_number
                0x200090d0        0x4 C:/Users/mbersalona/SimplicityStudio/SDKs/simplicity_sdk//platform/radio/rail_lib/autogen/librail_release/librail_efr32xg23_gcc_release.a(rail_assert.o)
                0x200090d0                sli_rail_assert_line_number
 .bss.sli_rail_246b433d92658e50defa7861b317139f
                0x200090d4       0x18 C:/Users/mbersalona/SimplicityStudio/SDKs/simplicity_sdk//platform/radio/rail_lib/autogen/librail_release/librail_efr32xg23_gcc_release.a(rfhal_signing.o)
 .bss.sli_rail_984a073d072f71c72895558117076777
                0x200090ec       0x18 C:/Users/mbersalona/SimplicityStudio/SDKs/simplicity_sdk//platform/radio/rail_lib/autogen/librail_release/librail_efr32xg23_gcc_release.a(rfhal_radio.o)
 .bss.completed.1
                0x20009104        0x1 c:/siliconlabs/simplicitystudio/v5/developer/toolchains/gnu_arm/12.2.rel1_2023.7/bin/../lib/gcc/arm-none-eabi/12.2.1/thumb/v8-m.main+fp/hard/crtbegin.o
 .bss.sli_rail_410f40085c333379a68aa72c7f5fe55e
                0x20009105        0x1 C:/Users/mbersalona/SimplicityStudio/SDKs/simplicity_sdk//platform/radio/rail_lib/autogen/librail_release/librail_efr32xg23_gcc_release.a(rail_power_manager.o)
 .bss.sli_rail_d65d23c2b23fdd806a6e8f3e64b0323d
                0x20009106        0x1 C:/Users/mbersalona/SimplicityStudio/SDKs/simplicity_sdk//platform/radio/rail_lib/autogen/librail_release/librail_efr32xg23_gcc_release.a(rail_power_manager.o)
 .bss.sli_rail_61af0a7c75316b90cbcd8fa25d8ab561
                0x20009107        0x1 C:/Users/mbersalona/SimplicityStudio/SDKs/simplicity_sdk//platform/radio/rail_lib/autogen/librail_release/librail_efr32xg23_gcc_release.a(rail_power_manager.o)
 .bss.sli_rail_aa6a27b2d33ee099d3bcb8c9cc528c7f
                0x20009108        0x1 C:/Users/mbersalona/SimplicityStudio/SDKs/simplicity_sdk//platform/radio/rail_lib/autogen/librail_release/librail_efr32xg23_gcc_release.a(rail_power_manager.o)
 .bss.sli_rail_b8fbc7affa20b169b7320e9641707b1c
                0x20009109        0x1 C:/Users/mbersalona/SimplicityStudio/SDKs/simplicity_sdk//platform/radio/rail_lib/autogen/librail_release/librail_efr32xg23_gcc_release.a(rail_rf_hal.o)
 .bss.sli_rail_ddd7021e29438233bf3423dae0e19506
                0x2000910a        0x1 C:/Users/mbersalona/SimplicityStudio/SDKs/simplicity_sdk//platform/radio/rail_lib/autogen/librail_release/librail_efr32xg23_gcc_release.a(rail_rf_hal.o)
 .bss.sli_rail_08d1a986c4d60bf6ed7ab6ba0f7c8b79
                0x2000910b        0x1 C:/Users/mbersalona/SimplicityStudio/SDKs/simplicity_sdk//platform/radio/rail_lib/autogen/librail_release/librail_efr32xg23_gcc_release.a(rail_rf_hal.o)
 .bss.sli_rail_aa9871042d83d383c8f35ed1d86b8c36
                0x2000910c        0x1 C:/Users/mbersalona/SimplicityStudio/SDKs/simplicity_sdk//platform/radio/rail_lib/autogen/librail_release/librail_efr32xg23_gcc_release.a(rail_rf_hal.o)
 .bss.sli_rail_1c9996808063ec3a572377845e362c1c
                0x2000910d        0x1 C:/Users/mbersalona/SimplicityStudio/SDKs/simplicity_sdk//platform/radio/rail_lib/autogen/librail_release/librail_efr32xg23_gcc_release.a(rail_rf_hal.o)
                0x2000910d                sli_rail_1c9996808063ec3a572377845e362c1c
 .bss.sli_rail_788a850e8c59ec185d8b5df36a1937cc
                0x2000910e        0x1 C:/Users/mbersalona/SimplicityStudio/SDKs/simplicity_sdk//platform/radio/rail_lib/autogen/librail_release/librail_efr32xg23_gcc_release.a(rail_rf_hal.o)
 .bss.sli_rail_3bec0d24969be2f44ae349fea7b609db
                0x2000910f        0x1 C:/Users/mbersalona/SimplicityStudio/SDKs/simplicity_sdk//platform/radio/rail_lib/autogen/librail_release/librail_efr32xg23_gcc_release.a(rfhal_ircal.o)
 .bss.sli_rail_7349df7e1a216460766beef62f1393b6
                0x20009110        0x1 C:/Users/mbersalona/SimplicityStudio/SDKs/simplicity_sdk//platform/radio/rail_lib/autogen/librail_release/librail_efr32xg23_gcc_release.a(rfhal_antenna.o)
 .bss.sli_rail_86450f8ce4f4757f74815d8efbf29cba
                0x20009111        0x1 C:/Users/mbersalona/SimplicityStudio/SDKs/simplicity_sdk//platform/radio/rail_lib/autogen/librail_release/librail_efr32xg23_gcc_release.a(rfhal_pa.o)
 .bss.sli_rail_4f035f7b636407302a73e486ed07742f
                0x20009112        0x1 C:/Users/mbersalona/SimplicityStudio/SDKs/simplicity_sdk//platform/radio/rail_lib/autogen/librail_release/librail_efr32xg23_gcc_release.a(rfhal_pa.o)
                0x20009112                sli_rail_4f035f7b636407302a73e486ed07742f
 .bss.sli_rail_4faa7d5d81fd9c1006f9e5e2bda93984
                0x20009113        0x1 C:/Users/mbersalona/SimplicityStudio/SDKs/simplicity_sdk//platform/radio/rail_lib/autogen/librail_release/librail_efr32xg23_gcc_release.a(rfhal_pa.o)
 .bss.sli_rail_ca93d10fbac202c6d87c88a8ed8c25d9
                0x20009114        0x1 C:/Users/mbersalona/SimplicityStudio/SDKs/simplicity_sdk//platform/radio/rail_lib/autogen/librail_release/librail_efr32xg23_gcc_release.a(rfhal_pti.o)
 .bss.sli_rail_d44ce05629f0f82a46113aea09cf992c
                0x20009115        0x1 C:/Users/mbersalona/SimplicityStudio/SDKs/simplicity_sdk//platform/radio/rail_lib/autogen/librail_release/librail_efr32xg23_gcc_release.a(rfhal_pti.o)
 .bss.sli_rail_e557063ab17d1848a26f3a64413bbbf6
                0x20009116        0x8 C:/Users/mbersalona/SimplicityStudio/SDKs/simplicity_sdk//platform/radio/rail_lib/autogen/librail_release/librail_efr32xg23_gcc_release.a(rfhal_protimer.o)
                0x20009116                sli_rail_e557063ab17d1848a26f3a64413bbbf6
 .bss.sli_rail_0d06f1ee4ad18ea63440e3dab85db2cd
                0x2000911e        0x1 C:/Users/mbersalona/SimplicityStudio/SDKs/simplicity_sdk//platform/radio/rail_lib/autogen/librail_release/librail_efr32xg23_gcc_release.a(rfhal_protimer.o)
 .bss.sli_rail_3afeac5da3f1a30165bcfb5058815135
                0x2000911f        0x1 C:/Users/mbersalona/SimplicityStudio/SDKs/simplicity_sdk//platform/radio/rail_lib/autogen/librail_release/librail_efr32xg23_gcc_release.a(rfhal_rfeca.o)
 .bss.sli_rail_48fc4153111ce02d77bed71037c5db4c
                0x20009120        0x1 C:/Users/mbersalona/SimplicityStudio/SDKs/simplicity_sdk//platform/radio/rail_lib/autogen/librail_release/librail_efr32xg23_gcc_release.a(rfhal_trustzone.o)
                0x20009120                sli_rail_48fc4153111ce02d77bed71037c5db4c
 .bss.sli_rail_ad6c515376a389eda8c30c522717e072
                0x20009121        0x1 C:/Users/mbersalona/SimplicityStudio/SDKs/simplicity_sdk//platform/radio/rail_lib/autogen/librail_release/librail_efr32xg23_gcc_release.a(rfhal_synth.o)
 .bss.sli_rail_6cf2f9197fb5f6edf13161a4a83566f7
                0x20009122        0x1 C:/Users/mbersalona/SimplicityStudio/SDKs/simplicity_sdk//platform/radio/rail_lib/autogen/librail_release/librail_efr32xg23_gcc_release.a(rfhal_mailbox.o)
                0x20009122                sli_rail_6cf2f9197fb5f6edf13161a4a83566f7
 .bss.sli_rail_12069b73fc4ad22f7e0efeeaf4d72db1
                0x20009123        0x2 C:/Users/mbersalona/SimplicityStudio/SDKs/simplicity_sdk//platform/radio/rail_lib/autogen/librail_release/librail_efr32xg23_gcc_release.a(generic_phy.o)
 .bss.sli_rail_e6aee15ae7814f2f54e328c05aba128b
                0x20009125        0x1 C:/Users/mbersalona/SimplicityStudio/SDKs/simplicity_sdk//platform/radio/rail_lib/autogen/librail_release/librail_efr32xg23_gcc_release.a(generic_phy.o)
 .bss.sli_rail_040353de6a60303cbe8462a9a7e732b2
                0x20009126        0x1 C:/Users/mbersalona/SimplicityStudio/SDKs/simplicity_sdk//platform/radio/rail_lib/autogen/librail_release/librail_efr32xg23_gcc_release.a(generic_phy.o)
                0x20009126                sli_rail_040353de6a60303cbe8462a9a7e732b2
 .bss.sli_rail_83734be183caaa01d42e459088f1f91f
                0x20009127        0x1 C:/Users/mbersalona/SimplicityStudio/SDKs/simplicity_sdk//platform/radio/rail_lib/autogen/librail_release/librail_efr32xg23_gcc_release.a(generic_phy.o)
 .bss.sli_rail_0c722850fa703c7396a762b97dcdc47e
                0x20009128        0x1 C:/Users/mbersalona/SimplicityStudio/SDKs/simplicity_sdk//platform/radio/rail_lib/autogen/librail_release/librail_efr32xg23_gcc_release.a(generic_phy.o)
 .bss.sli_rail_0c38576adf8db7eb0672207aa84c11cf
                0x20009129        0x1 C:/Users/mbersalona/SimplicityStudio/SDKs/simplicity_sdk//platform/radio/rail_lib/autogen/librail_release/librail_efr32xg23_gcc_release.a(generic_phy.o)
 .bss.sli_rail_ecb9f3f5a3454d17e04468f1ac1c0956
                0x2000912a        0x1 C:/Users/mbersalona/SimplicityStudio/SDKs/simplicity_sdk//platform/radio/rail_lib/autogen/librail_release/librail_efr32xg23_gcc_release.a(generic_phy.o)
 .bss.sli_rail_4b72faa85e26b531f083bbbb46531f17
                0x2000912b        0x1 C:/Users/mbersalona/SimplicityStudio/SDKs/simplicity_sdk//platform/radio/rail_lib/autogen/librail_release/librail_efr32xg23_gcc_release.a(generic_phy.o)
 .bss.sli_rail_d25f20e5b6d9231049127162f5e67fbc
                0x2000912c        0x1 C:/Users/mbersalona/SimplicityStudio/SDKs/simplicity_sdk//platform/radio/rail_lib/autogen/librail_release/librail_efr32xg23_gcc_release.a(rfhal_signing.o)
 *(COMMON)
                0x20009140                . = ALIGN (0x20)
 *fill*         0x2000912d       0x13 
                0x20009140                __bss_end__ = .

.noinit
 *(.noinit*)

text_application_ram
                0x20009140      0x120 load address 0x08006180
                0x20009140                . = ALIGN (0x20)
                0x20009140                __vma_ramfuncs_start__ = .
                0x20009140                __text_application_ram_start__ = .
 *(text_application_ram)
 text_application_ram
                0x20009140      0x110 C:\Users\mbersalona\AppData\Local\Temp\cc2z3BpG.ltrans0.ltrans.o
                0x20009194                MSC_WriteWord
                0x20009260                . = ALIGN (0x20)
 *fill*         0x20009250       0x10 
                0x20009260                __vma_ramfuncs_end__ = .
                0x20009260                __text_application_ram_end__ = .
                0x08006180                __lma_ramfuncs_start__ = LOADADDR (text_application_ram)
                0x080062a0                __lma_ramfuncs_end__ = (LOADADDR (text_application_ram) + SIZEOF (text_application_ram))

.rodata         0x080062a0      0x448
                0x080062a0                __start_zw_protocol_cmd_handlers = .
 *(zw_protocol_cmd_handlers)
 zw_protocol_cmd_handlers
                0x080062a0       0xe8 C:\Users\mbersalona\AppData\Local\Temp\cc2z3BpG.ltrans3.ltrans.o
                0x08006388                __stop_zw_protocol_cmd_handlers = .
                0x08006388                __start_zw_protocol_cmd_handlers_lr = .
 *(zw_protocol_cmd_handlers_lr)
 zw_protocol_cmd_handlers_lr
                0x08006388       0x50 C:\Users\mbersalona\AppData\Local\Temp\cc2z3BpG.ltrans3.ltrans.o
                0x080063d8                __stop_zw_protocol_cmd_handlers_lr = .
                0x080063d8                __start_zw_cmd_handlers = .
 *(zw_cmd_handlers)
 zw_cmd_handlers
                0x080063d8      0x310 C:\Users\mbersalona\AppData\Local\Temp\cc2z3BpG.ltrans0.ltrans.o
                0x080066e8                __stop_zw_cmd_handlers = .
                0x080066e8                __rodata_end__ = .

.text           0x080066f0    0x33530
                0x080066f0                linker_code_begin = .
 *(SORT_BY_ALIGNMENT(.text*))
 .text          0x080066f0        0x8 ./simplicity_sdk_2025.6.2/platform/service/udelay/src/sl_udelay_armv6m_gcc.o
                0x080066f0                sli_delay_loop
 .text          0x080066f8     0x4438 C:\Users\mbersalona\AppData\Local\Temp\cc2z3BpG.ltrans1.ltrans.o
                0x080066f8                MemManage_Handler
                0x0800671c                threading_mutex_fail.lto_priv.0
                0x08006722                threading_mutex_dummy.lto_priv.0
                0x080075ec                THREADING_TakeMutexBlocking.lto_priv.0
                0x08007618                EventHandlerZwRx.lto_priv.0
                0x08007d58                PRS_SourceAsyncSignalSet
                0x08007d74                PRS_GetFreeChannel
                0x08007dac                PRS_ConnectConsumer
                0x08007dc4                SYSTEM_ChipRevisionGet
                0x08007de8                sl_railcb_convert_ddbm_to_power_setting_entry
                0x08007dec                RAIL_ConvertDbmToRaw
                0x08007ee0                RAIL_ConvertRawToDbm
                0x08007fa8                __NVIC_SetPriority.lto_priv.0
                0x08007fd0                sl_memory_free
                0x080081c0                _sbrk
                0x080081c2                __wrap__malloc_r
                0x080081d8                __wrap__free_r
                0x080081dc                __wrap__calloc_r
                0x08008206                mbedtls_psa_random_init.lto_priv.0
                0x08008206                mbedtls_psa_random_free.lto_priv.0
                0x08008206                sli_memory_metadata_init
                0x0800820e                sli_update_free_list_heads
                0x0800828e                __wrap__realloc_r
                0x080084cc                ARM_MPU_Disable.lto_priv.0
                0x080084f4                sli_power_manager_set_high_accuracy_hf_clock_as_used
                0x08008500                HFXO0_IRQHandler
                0x08008648                sl_udelay_wait
                0x0800868c                ZAF_nvm_app_read
                0x080086a0                ZAF_nvm_app_write
                0x080086b4                vPortValidateInterruptPriority
                0x080086d0                prvTaskExitError.lto_priv.0
                0x080086f0                AppTimerDeepSleepPersistentSaveAll
                0x0800877c                AppTimerDeepSleepCallbackWrapper
                0x080087a0                THREADING_FreeMutex.lto_priv.0
                0x08008a08                SEMBRX_IRQHandler
                0x08008a88                swo_write.lto_priv.0
                0x08008b84                xIsPrivileged
                0x08008b94                vResetPrivilege
                0x08008ba2                sli_psec_osal_init_lock.lto_priv.1.lto_priv.0
                0x08008ba2                sli_psec_osal_init_lock.lto_priv.0.lto_priv.0
                0x08008bc2                THREADING_InitMutex.lto_priv.0
                0x08008bc4                sl_se_init
                0x08008ca0                psa_get_initialized.lto_priv.0
                0x08008cec                snprintf
                0x08008cec                sniprintf
                0x08008d14                vprintf
                0x08008d30                vsnprintf
                0x08008d4c                SyncEventInvoke
                0x08008d5a                SyncEventArg1Invoke
                0x08008d6e                EventHandlerZwCommandStatus.lto_priv.0
                0x08008eac                ZW_NodeMaskSetBit
                0x08008ed8                ZW_NodeMaskClearBit
                0x08008f0a                ZW_NodeMaskNodeIn
                0x08008f40                ZW_NodeMaskClear.part.0
                0x08008f48                ZW_NodeMaskBitsIn.part.0
                0x08008f6e                ZW_NodeMaskGetNextNodeIndex.part.0
                0x08008f8a                QueueNotifyingSendToBack
                0x08008fba                TimerIsActive
                0x08008ff2                TimerLiaisonNotificationHandler
                0x0800902e                AppTimerNotificationHandler
                0x08009038                TimerLiaisonClearPendingTimerEvent
                0x08009058                TimerLiaisonRegister
                0x08009100                ZW_SetRFReceiveMode
                0x080091a4                ZW_mainDeepSleepPowerLockEnable
                0x080091c8                ZwaveTask
                0x08009cd8                ProtocolChangeRfPHYNotify
                0x08009cec                ZW_SetAppPowerDownCallback
                0x08009d1c                THREADING_GiveMutex.lto_priv.0
                0x08009d36                sl_iostream_write
                0x08009d9a                puts
                0x08009db6                sl_power_manager_subscribe_em_transition_event
                0x08009dd4                sl_iostream_swo_init
                0x08009e3c                sl_power_manager_unsubscribe_em_transition_event
                0x08009e6c                sli_power_manager_update_hf_clock_settings_preservation_requirement
                0x08009eb4                BURTC_IRQHandler
                0x0800a034                sl_sleeptimer_init
                0x0800a12c                __wrap_main
 .text.deregister_tm_clones
                0x0800ab30       0x1c c:/siliconlabs/simplicitystudio/v5/developer/toolchains/gnu_arm/12.2.rel1_2023.7/bin/../lib/gcc/arm-none-eabi/12.2.1/thumb/v8-m.main+fp/hard/crtbegin.o
 .text.register_tm_clones
                0x0800ab4c       0x28 c:/siliconlabs/simplicitystudio/v5/developer/toolchains/gnu_arm/12.2.rel1_2023.7/bin/../lib/gcc/arm-none-eabi/12.2.1/thumb/v8-m.main+fp/hard/crtbegin.o
 .text.__do_global_dtors_aux
                0x0800ab74       0x28 c:/siliconlabs/simplicitystudio/v5/developer/toolchains/gnu_arm/12.2.rel1_2023.7/bin/../lib/gcc/arm-none-eabi/12.2.1/thumb/v8-m.main+fp/hard/crtbegin.o
 .text.frame_dummy
                0x0800ab9c       0x24 c:/siliconlabs/simplicitystudio/v5/developer/toolchains/gnu_arm/12.2.rel1_2023.7/bin/../lib/gcc/arm-none-eabi/12.2.1/thumb/v8-m.main+fp/hard/crtbegin.o
 .text          0x0800abc0       0x7c c:/siliconlabs/simplicitystudio/v5/developer/toolchains/gnu_arm/12.2.rel1_2023.7/bin/../lib/gcc/arm-none-eabi/12.2.1/thumb/v8-m.main+fp/hard/crt0.o
                0x0800abc0                _stack_init
                0x0800abc8                _mainCRTStartup
                0x0800abc8                _start
 .text.exit     0x0800ac3c       0x24 c:/siliconlabs/simplicitystudio/v5/developer/toolchains/gnu_arm/12.2.rel1_2023.7/bin/../lib/gcc/arm-none-eabi/12.2.1/thumb/v8-m.main+fp/hard\libc_nano.a(libc_a-exit.o)
                0x0800ac3c                exit
 .text.__libc_init_array
                0x0800ac60       0x48 c:/siliconlabs/simplicitystudio/v5/developer/toolchains/gnu_arm/12.2.rel1_2023.7/bin/../lib/gcc/arm-none-eabi/12.2.1/thumb/v8-m.main+fp/hard\libc_nano.a(libc_a-init.o)
                0x0800ac60                __libc_init_array
 .text          0x0800aca8     0x6798 C:\Users\mbersalona\AppData\Local\Temp\cc2z3BpG.ltrans0.ltrans.o
                0x0800aca8                ZCB_WakeupTimeout
                0x0800b0fc                nvm3_halFlashOpen.lto_priv.0
                0x0800b120                nvm3_halFlashClose.lto_priv.0
                0x0800b144                nvm3_halFlashAccess.lto_priv.0
                0x0800b442                nvm3_halFlashPageErase.lto_priv.0
                0x0800bacc                ZCB_ComplHandler_ZW_NodeManagement
                0x0800c1e0                nvm3_halFlashReadWords.lto_priv.0
                0x0800c8aa                Reset_Handler
                0x0800c984                DoRespond
                0x0800d6d8                ApplicationNodeUpdate
                0x0800d756                set_expect_bytes.lto_priv.0
                0x0800da38                ObjectExist.lto_priv.0
                0x0800dbb0                GetCommandResponse
                0x0800e922                QueueProtocolCommand
                0x0800e9e8                CORE_ResetSystem
                0x0800ea0c                _close
                0x0800ea12                _exit
                0x0800ea14                _lseek
                0x0800ea18                _read
                0x0800ea1c                _write
                0x0800ea20                sl_gpio_set_pin
                0x0800ea78                sl_gpio_clear_pin
                0x0800eb18                thrSoftMinimum.lto_priv.0
                0x0800eb38                getFirstObjAdrInNextGoodPage.lto_priv.0
                0x0800f2a8                eraseAllPages.lto_priv.0
                0x0800f322                workBegin.lto_priv.0
                0x0800f33c                nvm3_objHdrGetDatLen
                0x0800f620                findObj.lto_priv.0
                0x0800f8ac                nvm3_readData
                0x0800f930                nvm3_getObjectInfo
                0x0800faa4                repackWorker.lto_priv.0
                0x0800fc2c                initialize.lto_priv.0
                0x0800fea4                nvm3_open
                0x08010144                enumObjects.lto_priv.0
                0x08010280                nvm3_writeData
                0x080103c8                nvm3_deleteObject
                0x08010434                BURTC_SyncWait.lto_priv.1.lto_priv.0
                0x08010434                BURTC_SyncWait.lto_priv.0.lto_priv.0
                0x08010448                BUS_RegMaskedWrite.lto_priv.0.lto_priv.0
                0x08010448                BUS_RegMaskedWrite.lto_priv.1.lto_priv.0
                0x08010464                sl_gpio_set_pin_mode
                0x08010590                EMU_VScaleGet.lto_priv.1.lto_priv.0
                0x08010590                EMU_VScaleGet.lto_priv.0.lto_priv.0
                0x080105a8                CMU_ClockEnable
                0x080105dc                CMU_HFXOCTuneSet
                0x0801064c                CMU_HFXOCTuneGet
                0x08010698                CMU_HFXOCTuneDeltaSet
                0x080106a4                CMU_HFXOCTuneDeltaGet
                0x080106b0                CMU_HFXOCoreBiasCurrentCalibrate
                0x0801070c                em01GrpcClkGet.lto_priv.0
                0x08010774                em23GrpaClkGet.lto_priv.0
                0x080107b4                CMU_ClockFreqGet
                0x08010b44                rhclkPrescOptimize.lto_priv.0
                0x08010b64                flashWaitStateControl.lto_priv.0
                0x08010bbc                sli_em_cmu_SYSCLKInitPreClockSelect
                0x08010bfc                pclkDivOptimize.lto_priv.0
                0x08010c28                sli_em_cmu_SYSCLKInitPostClockSelect
                0x08010c78                EMU_DCDCSync.lto_priv.0
                0x08010c88                EMU_DCDCSetPFMXTimeoutMaxCtrl
                0x08010cdc                LDMA_StartTransfer
                0x0801124a                LDMA_TransferDone
                0x08011280                Initiate_shutdown_cb.lto_priv.1
                0x080112b0                nvm3_halFlashWriteWords.lto_priv.0
                0x0801140c                nvm3_halFlashGetInfo.lto_priv.0
 .text.startup  0x08011440     0x1194 C:\Users\mbersalona\AppData\Local\Temp\cc2z3BpG.ltrans0.ltrans.o
                0x08011440                main
 .text          0x080125d4     0x5f8c C:\Users\mbersalona\AppData\Local\Temp\cc2z3BpG.ltrans2.ltrans.o
                0x080125d4                ProtocolInterfaceSucNodeIdSet
                0x080127fc                constructNotApplicable.lto_priv.0
                0x08012920                notApplicableFrameHandler.lto_priv.0
                0x08012b9c                ZCB_LearnModeStatus.lto_priv.0
                0x080131cc                zpal_zw_pm_event_handler
                0x08013240                ZW_GetBackgroundRSSI
                0x08013298                SampleNoiseLevel
                0x08013338                NoiseDetectInit
                0x08013350                ProtocolInterfaceReset
                0x0801339c                InclusionStateUpdate.lto_priv.0
                0x080133b4                ProtocolInterfaceHomeIdSet
                0x080133c0                llChangeLrChannelConfig
                0x0801344c                llIsHeaderFormat3ch
                0x080135c8                IsSingleCast
                0x080135ea                IsMultiCast
                0x08013600                IsExplore
                0x08013616                IsTransferAck
                0x08013638                DoAck
                0x08013658                IsAck
                0x0801365c                IsLowPower
                0x08013676                IsRouted
                0x0801369a                IsRouteErr
                0x080136b0                IsRouteAckErr
                0x080136cc                GetHeaderType
                0x080136e8                radioFrameReceiveHandler
                0x080137c4                SetHeaderType
                0x080137e6                SetAck
                0x0801380c                SetInComming
                0x08013826                SetOutGoing
                0x08013840                SetRouteAck
                0x0801385a                SetRouteErr
                0x08013874                GetRouteLen
                0x08013888                GetHops
                0x0801389e                IsOutgoing
                0x080138b6                NotOutgoing
                0x080138cc                SetRouteLen
                0x080138de                SetHops
                0x08013904                IsRoutedAck
                0x0801391a                IsFrameSingleCast
                0x08013952                IsFrameRouted
                0x08013982                IsFrameAck
                0x08013986                GetSeqNumber
                0x080139a4                SetRouted
                0x080139c2                ClrRouted
                0x080139d0                ReadRepeater
                0x080139e6                SetRepeater
                0x080139f8                GetMulticastOffset
                0x08013a0e                GetMulticastAddrLen
                0x08013a24                GetReceiveMask
                0x08013a3a                SetWakeupBeamSpeedSrc
                0x08013a60                ClrWakeupBeamSpeedSrc
                0x08013a7c                GetWakeupBeamSpeedSrc
                0x08013a9a                SetExtendPresent
                0x08013ac0                ClrExtendPresent
                0x08013ae6                SetExtendTypeHeader
                0x08013af6                GetExtendTypeHeader
                0x08013b0e                SetExtendLenHeader
                0x08013b26                GetExtendLenHeader
                0x08013b3c                SetExtendBodyHeader
                0x08013b4a                GetExtendBodyHeader
                0x08013b66                SetExtendType
                0x08013b8a                GetExtendType
                0x08013bb6                GetExtendType2
                0x08013bde                SetExtendLength
                0x08013c14                SetExtendBody
                0x08013c3c                GetExtendBody
                0x08013c52                GetRoutedHeaderExtensionLen
                0x08013c96                GetRoutedAckHeaderExtensionLen
                0x08013cb8                GetExtendBodyAddr
                0x08013ce6                GetRoutedPayloadLen
                0x08013d64                GetExplorePayload
                0x08013d7a                GetExplorePayloadLen
                0x08013d92                GetMulticastPayloadLen
                0x08013de4                GetSourceNodeID
                0x08013e04                SetSourceNodeIDSinglecast
                0x08013e28                GetDestinationNodeIDSinglecast
                0x08013e4c                SetDestinationNodeIDSinglecast
                0x08013e70                GetSinglecastPayload.part.0
                0x08013e9c                GetSinglecastPayload
                0x08013ecc                GetExtendPresent.part.0
                0x08013ee4                GetExtendPresent
                0x08014438                GetRoutedPayload.part.0
                0x08014472                GetRoutedPayload
                0x0801449e                GetMulticastPayload.part.0
                0x080144d6                GetMulticastPayload
                0x080144f4                GetRoutedAckPayload.part.0
                0x0801452e                GetRoutedAckPayload
                0x0801453a                GetRoutedAckPayloadLen.part.0
                0x08014578                GetRoutedAckPayloadLen
                0x08014584                TxQueueGetFreeElement
                0x080145d4                TransportConvertCommunicationProfiletoRxSpeed
                0x080145fc                CheckReceivedSeqNo
                0x08014638                IsBroadCastIdAllowed.lto_priv.0
                0x080146b4                ZW_TransmitCallbackInvoke
                0x080146be                TxQueueInit
                0x08014738                TxQueueReleaseElement
                0x0801479c                TxQueueTxComplete
                0x08014968                TxQueueDoTransmit.lto_priv.0
                0x08014fec                EnQueueCommon
                0x080154c8                EnQueueSingleData
                0x08015658                ProtocolInterfaceAppTxHandler
                0x08015e30                TransportEnQueueExploreFrame
                0x0801776c                ProtocolInterfaceAppCommandHandler
 .text          0x08018560     0x7b1c C:\Users\mbersalona\AppData\Local\Temp\cc2z3BpG.ltrans3.ltrans.o
                0x080185d4                ZwTimerNotificationHandler
                0x080185e0                ZCB_UpdateSUCstate.lto_priv.0
                0x08018626                ZCB_AssignSlaveComplete.lto_priv.0
                0x080187f4                ZCB_ReplicationSendCallback
                0x08018d10                Initiate_shutdown_cb.lto_priv.0
                0x08018d6c                ZwTimerStopAll
                0x08018d90                ZW_Get_lr_virtual_id_type
                0x08018db0                updateLRFrameTXPower
                0x08018e98                AreSUCAndAssignIdle
                0x08018ed4                ResetSUC.lto_priv.0
                0x08018f98                StartSUCTimer.lto_priv.0
                0x08018fac                ZCB_SUCSendNodeUpdateCallback.lto_priv.0
                0x08018fe8                ZCB_SUCUpdateCallback.lto_priv.0
                0x08019074                LearnInfoCallBack.lto_priv.0
                0x080192b8                SetupsucEnabled.lto_priv.0
                0x080192d8                GenerateNodeInformation
                0x08019370                LearnSetNodesAllowed.lto_priv.0
                0x080193ac                CommandHandler
                0x0801946c                SetStaticControllerNodeId.lto_priv.0
                0x08019484                ZW_RequestNetWorkUpdate
                0x08019548                ZW_IsVirtualNode
                0x08019570                SendTestFrame
                0x08019624                ZW_SendSlaveNodeInformation
                0x080196a8                ZW_LrChannelConfigToUse
                0x080196cc                ProtocolChangeRfPHY.lto_priv.0
                0x080196f8                ZCB_SetSUCAckFunc.part.0.lto_priv.0
                0x08019710                ZCB_SetSUCAckFunc.lto_priv.0
                0x08019730                StoreNodeRouteCacheBuffer
                0x0801976c                StoreNodeRouteCacheFile
                0x080197c0                CtrlStorageCacheCapabilitiesSpeed100kNodeSet
                0x080197e0                setToHighestBufferPrio
                0x08019814                CtrlStorageGetRouteCache
                0x080198cc                CtrlStorageCompareRouteCache
                0x08019904                CtrlStorageSetRouteCache
                0x08019a64                CtrlStorageSetBridgeNodeFlag
                0x08019abc                CtrlStorageSetAppRouteLockFlag
                0x08019ad4                CtrlStorageSaveControllerConfig
                0x08019b18                CtrlStorageGetMaxNodeId
                0x08019b2c                ControllerStorageSetNetworkIds
                0x08019b58                HomeIdUpdate.lto_priv.0
                0x08019b94                CtrlStorageReadBridgeNodePool
                0x08019bd8                SetFile.lto_priv.0
                0x08019d6c                WriteDefaultSetofFiles.lto_priv.0
                0x08019d98                CtrlStorageGetSucUpdateEntry.part.0
                0x08019df4                SendSUCID
                0x08019f54                DeleteMostUsed
                0x08019f8c                ReverseRepeaterList
                0x08019fa8                LastWorkingRouteCacheCurrentLWRToggle
                0x08019fd4                LastWorkingRouteCacheLineExploreUpdate
                0x0801a040                LastWorkingRouteCacheLineExists
                0x0801a104                LastWorkingRouteCacheLineGet
                0x0801a17c                ZW_nodeIsLRNodeID
                0x0801a196                ZW_SendNodeInformation
                0x0801a238                UpdateFailedNodesList
                0x0801a288                CtrlStorageCacheNodeExist
                0x0801a2dc                UpdateMaxNodeID.lto_priv.0
                0x0801a358                ZW_UpdateCtrlNodeInformation
                0x0801a498                CtrlStorageGetCtrlSucUpdateIndex
                0x0801a510                SUCUpdateNodeInfo.lto_priv.0
                0x0801a8a4                CtrlStorageGetNextFreeNode
                0x0801a930                CtrlStorageGetNodeInfo
                0x0801aa28                CtrlStorageListeningNodeGet
                0x0801aab0                ReportNewVirtualNode.lto_priv.0
                0x0801ab68                CtrlStorageSlaveNodeGet
                0x0801ab94                InvalidateSUCRoutingSlaveList.lto_priv.0
                0x0801ad0e                IsNodeRepeater
                0x0801ad38                ZW_SetRoutingInfo
                0x0801af0c                CtrlStorageSetNodeInfo
                0x0801b324                CtrlStorageLongRangeGet
                0x0801b33a                llGetCurrentHeaderFormat
                0x0801b370                TxPermanentlyDone
                0x0801b420                CtrlStorageNLSIsEnabled
                0x0801b448                ZW_nodeIsValidID
                0x0801b456                ZW_GetNodeProtocolInfo
                0x0801b4a4                PendingNodeUpdate
                0x0801b65c                GetNodeType
                0x0801b680                GetNodeCapabilities
                0x0801b80c                ZCB_FindNeighborComplete.lto_priv.0
                0x0801ba24                UpdateMostUsedNodes
                0x0801bae0                GetExtendedNodeCapabilities
                0x0801bb04                DoesNodeSupportSpeed
                0x0801bb5e                ZW_GetRoutingInfo
                0x0801bef8                RestartAnalyseRoutingTable
                0x0801bfd4                TransferDoneCallback
                0x0801c0ac                ZCB_HasNodeANeighbour
                0x0801c0ee                ZW_AreNodesNeighbours
                0x0801c13c                InitRoutingValues
                0x0801c1d0                DoesRouteSupportTriedSpeed
                0x0801c20c                NextLowerSpeed
                0x0801c240                GetNodesSecurity
                0x0801c3f8                IsNodeSensor
                0x0801c454                MaxCommonSpeedSupported
                0x0801c4c4                FindBestRouteToNode
                0x0801cb5c                ZCB_ReturnRouteTxComplete.lto_priv.0
                0x0801cb78                ZW_AssignReturnRoute
                0x0801cc14                ZW_DeleteReturnRoute
                0x0801cc64                EraseNodeInfo
                0x0801cd6c                ZCB_DeleteNodeCallback.lto_priv.0
                0x0801cd84                SendSUCTransferEnd.lto_priv.0
                0x0801ce40                ZCB_SUCIDSend.lto_priv.0
                0x0801d5c4                ZCB_ExcludeRequestNOPTxComplete.lto_priv.0
                0x0801d670                ZCB_ExcludeRequestConfirmTxComplete
                0x0801d708                ZCB_ReplicationEndsNow
                0x0801d7e4                ZCB_SendTransferEnd
                0x0801d884                ZCB_NewControllerEnd
                0x0801d968                ReplicationInit
                0x0801dad4                InternSetLearnMode
                0x0801db80                ZW_AddNodeDskToNetwork
                0x0801dd98                ZW_AddNodeToNetwork
                0x0801dd9e                ControllerInit
                0x0801df30                SetDefaultCmd.lto_priv.0
                0x0801e0dc                ZCB_LearnSlaveCallBack
                0x0801e268                ZCB_RequestIDcallback.lto_priv.0
                0x0801e3f8                ZCB_LearnNodeCallback
                0x0801e600                ZCB_AssignTxComplete
                0x0801f470                RequestNodeNeighborDiscovery.lto_priv.0
                0x0801fe9c                ZCB_FailedNodeTest.lto_priv.0
                0x0801ffc0                ZW_RemoveFailedNode
 .text          0x0802007c     0x6c28 C:\Users\mbersalona\AppData\Local\Temp\cc2z3BpG.ltrans4.ltrans.o
                0x08020304                LDMA_IRQHandler
                0x080209c0                ZCB_ExploreComplete
                0x08020bc4                HomeIdHashCalculate
                0x08020c20                GetTXPowerforLRNode
                0x08020c98                SetTXPowerforLRNode
                0x08020d90                ExploreQueueFrame
                0x08020ea0                ZW_ExploreRequestExclusion
                0x08020f3c                ZW_ExploreRequestInclusion
                0x08021060                NetworkManagementSmartStartClear.lto_priv.0
                0x08021070                NetworkManagementSmartStartIsEnabled.lto_priv.0
                0x08021084                zpal_get_pseudo_random
                0x08021098                __NVIC_SystemReset.lto_priv.1
                0x08021110                zpal_get_app_version
                0x08021118                zpal_get_app_version_major
                0x0802111c                zpal_get_app_version_minor
                0x08021120                zpal_get_app_version_patch
                0x08021124                zpal_nvm_init
                0x080211c0                zpal_nvm_read
                0x08021280                NetworkManagementGenerateDskpart
                0x080212c0                ExploreINIF
                0x0802130c                zpal_nvm_write
                0x080213b4                zpal_nvm_get_object_size
                0x080213e6                radio_idle.lto_priv.0
                0x08021440                radio_rf_channel_rssi_buffer_add_and_average
                0x0802148a                RadioCurrentPHYChannels.lto_priv.0
                0x08021508                RadioSetTxPower.lto_priv.0
                0x080215b4                RadioConvertRadioChannelToZWaveChannel.lto_priv.0
                0x080215e4                RadioSetRegionSettings.lto_priv.0
                0x08021618                RadioSetupLBTThreshold.lto_priv.0
                0x08021640                zpal_radio_is_busy
                0x08021664                RAILCb_AssertFailed
                0x08021674                zpal_radio_power_down
                0x0802168c                zpal_radio_is_lbt_enabled
                0x080216a0                zpal_radio_set_primary_long_range_channel
                0x080216c0                LoadCalibValues.lto_priv.0
                0x08021714                zpal_radio_is_region_supported
                0x08021724                ZW_HandleCmdRequestNodeInfo.constprop.0
                0x0802176c                GetNextSUCUpdate.constprop.0
                0x080219b8                SendMulticastFrame.constprop.0
                0x08021adc                ZCB_WaitforRoutingAnalysis.constprop.0
                0x08021b40                ReplicationSend.constprop.0
                0x08021ba8                GetNextRouteToNode.constprop.0
                0x08021f32                TransportIsPayloadLengthToBig.constprop.0
                0x08021ff8                CtrlStorageWriteBridgeNodePool.constprop.0
                0x08022058                SetNodeFlag.constprop.0
                0x080220d0                CMU_ClockSelectGet.constprop.0
                0x080220fc                CopyMemory.constprop.0
                0x08022118                EUSART_Disable.constprop.0
                0x08022158                EUSART_Enable.constprop.0
                0x080221a0                bootloader_getInfo.constprop.0
                0x080221d0                sl_memory_heap_alloc_advanced.constprop.0
                0x08022310                InitiateShutdown.constprop.0
                0x0802236c                GetLongRangeChannel.constprop.0
                0x080223c8                Get_included_NLS_nodes.constprop.0
                0x08022438                GetNodeInfo.constprop.0
                0x080224a0                GetRandom.constprop.0
                0x08022504                GetNodeNLSState.constprop.0
                0x08022560                GetVirtualNodes.constprop.0